2015-10-19T09:56:29.502+0800: 0.299: Total time for which application threads were stopped: 0.0000840 seconds
2015-10-19T09:56:29.653+0800: 0.450: Total time for which application threads were stopped: 0.0001140 seconds
{Heap before GC invocations=0 (full 0):
 par new generation   total 109248K, used 87424K [0x00000007dae00000, 0x00000007e2e00000, 0x00000007e2e00000)
  eden space 87424K, 100% used [0x00000007dae00000, 0x00000007e0360000, 0x00000007e0360000)
  from space 21824K,   0% used [0x00000007e0360000, 0x00000007e0360000, 0x00000007e18b0000)
  to   space 21824K,   0% used [0x00000007e18b0000, 0x00000007e18b0000, 0x00000007e2e00000)
 concurrent mark-sweep generation total 393216K, used 0K [0x00000007e2e00000, 0x00000007fae00000, 0x00000007fae00000)
 concurrent-mark-sweep perm gen total 21248K, used 9792K [0x00000007fae00000, 0x00000007fc2c0000, 0x0000000800000000)
2015-10-19T09:56:29.903+0800: 0.700: [GC2015-10-19T09:56:29.903+0800: 0.700: [ParNew
Desired survivor size 20112992 bytes, new threshold 8 (max 8)
- age   1:    5553944 bytes,    5553944 total
: 87424K->5490K(109248K), 0.0060580 secs] 87424K->5490K(502464K), 0.0061310 secs] [Times: user=0.02 sys=0.00, real=0.00 secs] 
Heap after GC invocations=1 (full 0):
 par new generation   total 109248K, used 5490K [0x00000007dae00000, 0x00000007e2e00000, 0x00000007e2e00000)
  eden space 87424K,   0% used [0x00000007dae00000, 0x00000007dae00000, 0x00000007e0360000)
  from space 21824K,  25% used [0x00000007e18b0000, 0x00000007e1e0ca20, 0x00000007e2e00000)
  to   space 21824K,   0% used [0x00000007e0360000, 0x00000007e0360000, 0x00000007e18b0000)
 concurrent mark-sweep generation total 393216K, used 0K [0x00000007e2e00000, 0x00000007fae00000, 0x00000007fae00000)
 concurrent-mark-sweep perm gen total 21248K, used 9792K [0x00000007fae00000, 0x00000007fc2c0000, 0x0000000800000000)
}
2015-10-19T09:56:29.909+0800: 0.706: Total time for which application threads were stopped: 0.0062740 seconds
2015-10-19T09:56:30.201+0800: 0.998: Total time for which application threads were stopped: 0.0001720 seconds
{Heap before GC invocations=1 (full 0):
 par new generation   total 109248K, used 92914K [0x00000007dae00000, 0x00000007e2e00000, 0x00000007e2e00000)
  eden space 87424K, 100% used [0x00000007dae00000, 0x00000007e0360000, 0x00000007e0360000)
  from space 21824K,  25% used [0x00000007e18b0000, 0x00000007e1e0ca20, 0x00000007e2e00000)
  to   space 21824K,   0% used [0x00000007e0360000, 0x00000007e0360000, 0x00000007e18b0000)
 concurrent mark-sweep generation total 393216K, used 0K [0x00000007e2e00000, 0x00000007fae00000, 0x00000007fae00000)
 concurrent-mark-sweep perm gen total 21248K, used 18465K [0x00000007fae00000, 0x00000007fc2c0000, 0x0000000800000000)
2015-10-19T09:56:30.525+0800: 1.322: [GC2015-10-19T09:56:30.525+0800: 1.322: [ParNew
Desired survivor size 20112992 bytes, new threshold 8 (max 8)
- age   1:    8609136 bytes,    8609136 total
- age   2:    2238688 bytes,   10847824 total
: 92914K->13279K(109248K), 0.0086440 secs] 92914K->13279K(502464K), 0.0086860 secs] [Times: user=0.03 sys=0.01, real=0.01 secs] 
Heap after GC invocations=2 (full 0):
 par new generation   total 109248K, used 13279K [0x00000007dae00000, 0x00000007e2e00000, 0x00000007e2e00000)
  eden space 87424K,   0% used [0x00000007dae00000, 0x00000007dae00000, 0x00000007e0360000)
  from space 21824K,  60% used [0x00000007e0360000, 0x00000007e1057f38, 0x00000007e18b0000)
  to   space 21824K,   0% used [0x00000007e18b0000, 0x00000007e18b0000, 0x00000007e2e00000)
 concurrent mark-sweep generation total 393216K, used 0K [0x00000007e2e00000, 0x00000007fae00000, 0x00000007fae00000)
 concurrent-mark-sweep perm gen total 21248K, used 18465K [0x00000007fae00000, 0x00000007fc2c0000, 0x0000000800000000)
}
2015-10-19T09:56:30.534+0800: 1.331: Total time for which application threads were stopped: 0.0088360 seconds
{Heap before GC invocations=2 (full 0):
 par new generation   total 109248K, used 100703K [0x00000007dae00000, 0x00000007e2e00000, 0x00000007e2e00000)
  eden space 87424K, 100% used [0x00000007dae00000, 0x00000007e0360000, 0x00000007e0360000)
  from space 21824K,  60% used [0x00000007e0360000, 0x00000007e1057f38, 0x00000007e18b0000)
  to   space 21824K,   0% used [0x00000007e18b0000, 0x00000007e18b0000, 0x00000007e2e00000)
 concurrent mark-sweep generation total 393216K, used 0K [0x00000007e2e00000, 0x00000007fae00000, 0x00000007fae00000)
 concurrent-mark-sweep perm gen total 21248K, used 19058K [0x00000007fae00000, 0x00000007fc2c0000, 0x0000000800000000)
2015-10-19T09:56:30.700+0800: 1.497: [GC2015-10-19T09:56:30.700+0800: 1.497: [ParNew
Desired survivor size 20112992 bytes, new threshold 8 (max 8)
- age   1:    1342224 bytes,    1342224 total
- age   2:    3090432 bytes,    4432656 total
- age   3:    2232096 bytes,    6664752 total
: 100703K->11038K(109248K), 0.0054570 secs] 100703K->11038K(502464K), 0.0055200 secs] [Times: user=0.02 sys=0.00, real=0.00 secs] 
Heap after GC invocations=3 (full 0):
 par new generation   total 109248K, used 11038K [0x00000007dae00000, 0x00000007e2e00000, 0x00000007e2e00000)
  eden space 87424K,   0% used [0x00000007dae00000, 0x00000007dae00000, 0x00000007e0360000)
  from space 21824K,  50% used [0x00000007e18b0000, 0x00000007e2377858, 0x00000007e2e00000)
  to   space 21824K,   0% used [0x00000007e0360000, 0x00000007e0360000, 0x00000007e18b0000)
 concurrent mark-sweep generation total 393216K, used 0K [0x00000007e2e00000, 0x00000007fae00000, 0x00000007fae00000)
 concurrent-mark-sweep perm gen total 21248K, used 19058K [0x00000007fae00000, 0x00000007fc2c0000, 0x0000000800000000)
}
2015-10-19T09:56:30.706+0800: 1.503: Total time for which application threads were stopped: 0.0057180 seconds
{Heap before GC invocations=3 (full 0):
 par new generation   total 109248K, used 98462K [0x00000007dae00000, 0x00000007e2e00000, 0x00000007e2e00000)
  eden space 87424K, 100% used [0x00000007dae00000, 0x00000007e0360000, 0x00000007e0360000)
  from space 21824K,  50% used [0x00000007e18b0000, 0x00000007e2377858, 0x00000007e2e00000)
  to   space 21824K,   0% used [0x00000007e0360000, 0x00000007e0360000, 0x00000007e18b0000)
 concurrent mark-sweep generation total 393216K, used 0K [0x00000007e2e00000, 0x00000007fae00000, 0x00000007fae00000)
 concurrent-mark-sweep perm gen total 21248K, used 19726K [0x00000007fae00000, 0x00000007fc2c0000, 0x0000000800000000)
2015-10-19T09:56:30.800+0800: 1.597: [GC2015-10-19T09:56:30.800+0800: 1.597: [ParNew
Desired survivor size 20112992 bytes, new threshold 8 (max 8)
- age   1:    1811160 bytes,    1811160 total
- age   2:     588720 bytes,    2399880 total
- age   3:    3088400 bytes,    5488280 total
- age   4:    2230792 bytes,    7719072 total
: 98462K->9586K(109248K), 0.0106870 secs] 98462K->9586K(502464K), 0.0107260 secs] [Times: user=0.03 sys=0.00, real=0.01 secs] 
Heap after GC invocations=4 (full 0):
 par new generation   total 109248K, used 9586K [0x00000007dae00000, 0x00000007e2e00000, 0x00000007e2e00000)
  eden space 87424K,   0% used [0x00000007dae00000, 0x00000007dae00000, 0x00000007e0360000)
  from space 21824K,  43% used [0x00000007e0360000, 0x00000007e0cbcb30, 0x00000007e18b0000)
  to   space 21824K,   0% used [0x00000007e18b0000, 0x00000007e18b0000, 0x00000007e2e00000)
 concurrent mark-sweep generation total 393216K, used 0K [0x00000007e2e00000, 0x00000007fae00000, 0x00000007fae00000)
 concurrent-mark-sweep perm gen total 21248K, used 19726K [0x00000007fae00000, 0x00000007fc2c0000, 0x0000000800000000)
}
2015-10-19T09:56:30.811+0800: 1.608: Total time for which application threads were stopped: 0.0109230 seconds
{Heap before GC invocations=4 (full 0):
 par new generation   total 109248K, used 97010K [0x00000007dae00000, 0x00000007e2e00000, 0x00000007e2e00000)
  eden space 87424K, 100% used [0x00000007dae00000, 0x00000007e0360000, 0x00000007e0360000)
  from space 21824K,  43% used [0x00000007e0360000, 0x00000007e0cbcb30, 0x00000007e18b0000)
  to   space 21824K,   0% used [0x00000007e18b0000, 0x00000007e18b0000, 0x00000007e2e00000)
 concurrent mark-sweep generation total 393216K, used 0K [0x00000007e2e00000, 0x00000007fae00000, 0x00000007fae00000)
 concurrent-mark-sweep perm gen total 21248K, used 20443K [0x00000007fae00000, 0x00000007fc2c0000, 0x0000000800000000)
2015-10-19T09:56:30.888+0800: 1.684: [GC2015-10-19T09:56:30.888+0800: 1.684: [ParNew
Desired survivor size 20112992 bytes, new threshold 8 (max 8)
- age   1:     939128 bytes,     939128 total
- age   2:    1162728 bytes,    2101856 total
- age   3:     588200 bytes,    2690056 total
- age   4:    3087392 bytes,    5777448 total
- age   5:    2229584 bytes,    8007032 total
: 97010K->11571K(109248K), 0.0061150 secs] 97010K->11571K(502464K), 0.0061780 secs] [Times: user=0.02 sys=0.00, real=0.01 secs] 
Heap after GC invocations=5 (full 0):
 par new generation   total 109248K, used 11571K [0x00000007dae00000, 0x00000007e2e00000, 0x00000007e2e00000)
  eden space 87424K,   0% used [0x00000007dae00000, 0x00000007dae00000, 0x00000007e0360000)
  from space 21824K,  53% used [0x00000007e18b0000, 0x00000007e23fce30, 0x00000007e2e00000)
  to   space 21824K,   0% used [0x00000007e0360000, 0x00000007e0360000, 0x00000007e18b0000)
 concurrent mark-sweep generation total 393216K, used 0K [0x00000007e2e00000, 0x00000007fae00000, 0x00000007fae00000)
 concurrent-mark-sweep perm gen total 21248K, used 20443K [0x00000007fae00000, 0x00000007fc2c0000, 0x0000000800000000)
}
2015-10-19T09:56:30.894+0800: 1.691: Total time for which application threads were stopped: 0.0063610 seconds
2015-10-19T09:56:30.939+0800: 1.735: Total time for which application threads were stopped: 0.0001330 seconds
{Heap before GC invocations=5 (full 0):
 par new generation   total 109248K, used 98995K [0x00000007dae00000, 0x00000007e2e00000, 0x00000007e2e00000)
  eden space 87424K, 100% used [0x00000007dae00000, 0x00000007e0360000, 0x00000007e0360000)
  from space 21824K,  53% used [0x00000007e18b0000, 0x00000007e23fce30, 0x00000007e2e00000)
  to   space 21824K,   0% used [0x00000007e0360000, 0x00000007e0360000, 0x00000007e18b0000)
 concurrent mark-sweep generation total 393216K, used 0K [0x00000007e2e00000, 0x00000007fae00000, 0x00000007fae00000)
 concurrent-mark-sweep perm gen total 22400K, used 22226K [0x00000007fae00000, 0x00000007fc3e0000, 0x0000000800000000)
2015-10-19T09:56:31.019+0800: 1.816: [GC2015-10-19T09:56:31.019+0800: 1.816: [ParNew
Desired survivor size 20112992 bytes, new threshold 8 (max 8)
- age   1:    1734848 bytes,    1734848 total
- age   2:     142776 bytes,    1877624 total
- age   3:     710024 bytes,    2587648 total
- age   4:     288176 bytes,    2875824 total
- age   5:    3081704 bytes,    5957528 total
- age   6:    2228504 bytes,    8186032 total
: 98995K->10316K(109248K), 0.0064920 secs] 98995K->10316K(502464K), 0.0065380 secs] [Times: user=0.03 sys=0.01, real=0.01 secs] 
Heap after GC invocations=6 (full 0):
 par new generation   total 109248K, used 10316K [0x00000007dae00000, 0x00000007e2e00000, 0x00000007e2e00000)
  eden space 87424K,   0% used [0x00000007dae00000, 0x00000007dae00000, 0x00000007e0360000)
  from space 21824K,  47% used [0x00000007e0360000, 0x00000007e0d73340, 0x00000007e18b0000)
  to   space 21824K,   0% used [0x00000007e18b0000, 0x00000007e18b0000, 0x00000007e2e00000)
 concurrent mark-sweep generation total 393216K, used 0K [0x00000007e2e00000, 0x00000007fae00000, 0x00000007fae00000)
 concurrent-mark-sweep perm gen total 22400K, used 22226K [0x00000007fae00000, 0x00000007fc3e0000, 0x0000000800000000)
}
2015-10-19T09:56:31.026+0800: 1.822: Total time for which application threads were stopped: 0.0066720 seconds
{Heap before GC invocations=6 (full 0):
 par new generation   total 109248K, used 97740K [0x00000007dae00000, 0x00000007e2e00000, 0x00000007e2e00000)
  eden space 87424K, 100% used [0x00000007dae00000, 0x00000007e0360000, 0x00000007e0360000)
  from space 21824K,  47% used [0x00000007e0360000, 0x00000007e0d73340, 0x00000007e18b0000)
  to   space 21824K,   0% used [0x00000007e18b0000, 0x00000007e18b0000, 0x00000007e2e00000)
 concurrent mark-sweep generation total 393216K, used 0K [0x00000007e2e00000, 0x00000007fae00000, 0x00000007fae00000)
 concurrent-mark-sweep perm gen total 24512K, used 24377K [0x00000007fae00000, 0x00000007fc5f0000, 0x0000000800000000)
2015-10-19T09:56:31.185+0800: 1.982: [GC2015-10-19T09:56:31.185+0800: 1.982: [ParNew
Desired survivor size 20112992 bytes, new threshold 8 (max 8)
- age   1:    6156552 bytes,    6156552 total
- age   2:     669664 bytes,    6826216 total
- age   3:     141944 bytes,    6968160 total
- age   4:     708384 bytes,    7676544 total
- age   5:     286256 bytes,    7962800 total
- age   6:    3079512 bytes,   11042312 total
- age   7:    2228448 bytes,   13270760 total
: 97740K->14504K(109248K), 0.0113850 secs] 97740K->14504K(502464K), 0.0114570 secs] [Times: user=0.04 sys=0.01, real=0.01 secs] 
Heap after GC invocations=7 (full 0):
 par new generation   total 109248K, used 14504K [0x00000007dae00000, 0x00000007e2e00000, 0x00000007e2e00000)
  eden space 87424K,   0% used [0x00000007dae00000, 0x00000007dae00000, 0x00000007e0360000)
  from space 21824K,  66% used [0x00000007e18b0000, 0x00000007e26da1c0, 0x00000007e2e00000)
  to   space 21824K,   0% used [0x00000007e0360000, 0x00000007e0360000, 0x00000007e18b0000)
 concurrent mark-sweep generation total 393216K, used 0K [0x00000007e2e00000, 0x00000007fae00000, 0x00000007fae00000)
 concurrent-mark-sweep perm gen total 24512K, used 24377K [0x00000007fae00000, 0x00000007fc5f0000, 0x0000000800000000)
}
2015-10-19T09:56:31.196+0800: 1.993: Total time for which application threads were stopped: 0.0115960 seconds
2015-10-19T09:56:31.202+0800: 1.998: Total time for which application threads were stopped: 0.0002400 seconds
{Heap before GC invocations=7 (full 0):
 par new generation   total 109248K, used 101928K [0x00000007dae00000, 0x00000007e2e00000, 0x00000007e2e00000)
  eden space 87424K, 100% used [0x00000007dae00000, 0x00000007e0360000, 0x00000007e0360000)
  from space 21824K,  66% used [0x00000007e18b0000, 0x00000007e26da1c0, 0x00000007e2e00000)
  to   space 21824K,   0% used [0x00000007e0360000, 0x00000007e0360000, 0x00000007e18b0000)
 concurrent mark-sweep generation total 393216K, used 0K [0x00000007e2e00000, 0x00000007fae00000, 0x00000007fae00000)
 concurrent-mark-sweep perm gen total 25664K, used 25524K [0x00000007fae00000, 0x00000007fc710000, 0x0000000800000000)
2015-10-19T09:56:31.334+0800: 2.131: [GC2015-10-19T09:56:31.334+0800: 2.131: [ParNew
Desired survivor size 20112992 bytes, new threshold 8 (max 8)
- age   1:    2461472 bytes,    2461472 total
- age   2:    4133032 bytes,    6594504 total
- age   3:     665224 bytes,    7259728 total
- age   4:     141880 bytes,    7401608 total
- age   5:     173984 bytes,    7575592 total
- age   6:     278864 bytes,    7854456 total
- age   7:    3073680 bytes,   10928136 total
- age   8:    2228384 bytes,   13156520 total
: 101928K->18822K(109248K), 0.0090440 secs] 101928K->18822K(502464K), 0.0090820 secs] [Times: user=0.03 sys=0.00, real=0.01 secs] 
Heap after GC invocations=8 (full 0):
 par new generation   total 109248K, used 18822K [0x00000007dae00000, 0x00000007e2e00000, 0x00000007e2e00000)
  eden space 87424K,   0% used [0x00000007dae00000, 0x00000007dae00000, 0x00000007e0360000)
  from space 21824K,  86% used [0x00000007e0360000, 0x00000007e15c1ae8, 0x00000007e18b0000)
  to   space 21824K,   0% used [0x00000007e18b0000, 0x00000007e18b0000, 0x00000007e2e00000)
 concurrent mark-sweep generation total 393216K, used 0K [0x00000007e2e00000, 0x00000007fae00000, 0x00000007fae00000)
 concurrent-mark-sweep perm gen total 25664K, used 25524K [0x00000007fae00000, 0x00000007fc710000, 0x0000000800000000)
}
2015-10-19T09:56:31.343+0800: 2.140: Total time for which application threads were stopped: 0.0092760 seconds
{Heap before GC invocations=8 (full 0):
 par new generation   total 109248K, used 106246K [0x00000007dae00000, 0x00000007e2e00000, 0x00000007e2e00000)
  eden space 87424K, 100% used [0x00000007dae00000, 0x00000007e0360000, 0x00000007e0360000)
  from space 21824K,  86% used [0x00000007e0360000, 0x00000007e15c1ae8, 0x00000007e18b0000)
  to   space 21824K,   0% used [0x00000007e18b0000, 0x00000007e18b0000, 0x00000007e2e00000)
 concurrent mark-sweep generation total 393216K, used 0K [0x00000007e2e00000, 0x00000007fae00000, 0x00000007fae00000)
 concurrent-mark-sweep perm gen total 25856K, used 25685K [0x00000007fae00000, 0x00000007fc740000, 0x0000000800000000)
2015-10-19T09:56:31.410+0800: 2.207: [GC2015-10-19T09:56:31.410+0800: 2.207: [ParNew
Desired survivor size 20112992 bytes, new threshold 8 (max 8)
- age   1:    1588696 bytes,    1588696 total
- age   2:    1193240 bytes,    2781936 total
- age   3:    4132392 bytes,    6914328 total
- age   4:     665224 bytes,    7579552 total
- age   5:     141160 bytes,    7720712 total
- age   6:     172872 bytes,    7893584 total
- age   7:     277520 bytes,    8171104 total
- age   8:    3073456 bytes,   11244560 total
: 106246K->16890K(109248K), 0.0179300 secs] 106246K->19102K(502464K), 0.0179870 secs] [Times: user=0.07 sys=0.01, real=0.01 secs] 
Heap after GC invocations=9 (full 0):
 par new generation   total 109248K, used 16890K [0x00000007dae00000, 0x00000007e2e00000, 0x00000007e2e00000)
  eden space 87424K,   0% used [0x00000007dae00000, 0x00000007dae00000, 0x00000007e0360000)
  from space 21824K,  77% used [0x00000007e18b0000, 0x00000007e292eb48, 0x00000007e2e00000)
  to   space 21824K,   0% used [0x00000007e0360000, 0x00000007e0360000, 0x00000007e18b0000)
 concurrent mark-sweep generation total 393216K, used 2211K [0x00000007e2e00000, 0x00000007fae00000, 0x00000007fae00000)
 concurrent-mark-sweep perm gen total 25856K, used 25685K [0x00000007fae00000, 0x00000007fc740000, 0x0000000800000000)
}
2015-10-19T09:56:31.428+0800: 2.225: Total time for which application threads were stopped: 0.0181590 seconds
{Heap before GC invocations=9 (full 0):
 par new generation   total 109248K, used 104314K [0x00000007dae00000, 0x00000007e2e00000, 0x00000007e2e00000)
  eden space 87424K, 100% used [0x00000007dae00000, 0x00000007e0360000, 0x00000007e0360000)
  from space 21824K,  77% used [0x00000007e18b0000, 0x00000007e292eb48, 0x00000007e2e00000)
  to   space 21824K,   0% used [0x00000007e0360000, 0x00000007e0360000, 0x00000007e18b0000)
 concurrent mark-sweep generation total 393216K, used 2211K [0x00000007e2e00000, 0x00000007fae00000, 0x00000007fae00000)
 concurrent-mark-sweep perm gen total 26624K, used 26606K [0x00000007fae00000, 0x00000007fc800000, 0x0000000800000000)
2015-10-19T09:56:31.531+0800: 2.328: [GC2015-10-19T09:56:31.531+0800: 2.328: [ParNew
Desired survivor size 20112992 bytes, new threshold 8 (max 8)
- age   1:    8008432 bytes,    8008432 total
- age   2:     356256 bytes,    8364688 total
- age   3:    1035568 bytes,    9400256 total
- age   4:    4131432 bytes,   13531688 total
- age   5:     663848 bytes,   14195536 total
- age   6:     140984 bytes,   14336520 total
- age   7:     171752 bytes,   14508272 total
- age   8:     277144 bytes,   14785416 total
: 104314K->17844K(109248K), 0.0132820 secs] 106526K->23076K(502464K), 0.0133340 secs] [Times: user=0.05 sys=0.00, real=0.01 secs] 
Heap after GC invocations=10 (full 0):
 par new generation   total 109248K, used 17844K [0x00000007dae00000, 0x00000007e2e00000, 0x00000007e2e00000)
  eden space 87424K,   0% used [0x00000007dae00000, 0x00000007dae00000, 0x00000007e0360000)
  from space 21824K,  81% used [0x00000007e0360000, 0x00000007e14cd220, 0x00000007e18b0000)
  to   space 21824K,   0% used [0x00000007e18b0000, 0x00000007e18b0000, 0x00000007e2e00000)
 concurrent mark-sweep generation total 393216K, used 5231K [0x00000007e2e00000, 0x00000007fae00000, 0x00000007fae00000)
 concurrent-mark-sweep perm gen total 26624K, used 26606K [0x00000007fae00000, 0x00000007fc800000, 0x0000000800000000)
}
2015-10-19T09:56:31.545+0800: 2.341: Total time for which application threads were stopped: 0.0135160 seconds
{Heap before GC invocations=10 (full 0):
 par new generation   total 109248K, used 105258K [0x00000007dae00000, 0x00000007e2e00000, 0x00000007e2e00000)
  eden space 87424K,  99% used [0x00000007dae00000, 0x00000007e035d608, 0x00000007e0360000)
  from space 21824K,  81% used [0x00000007e0360000, 0x00000007e14cd220, 0x00000007e18b0000)
  to   space 21824K,   0% used [0x00000007e18b0000, 0x00000007e18b0000, 0x00000007e2e00000)
 concurrent mark-sweep generation total 393216K, used 5231K [0x00000007e2e00000, 0x00000007fae00000, 0x00000007fae00000)
 concurrent-mark-sweep perm gen total 27008K, used 26887K [0x00000007fae00000, 0x00000007fc860000, 0x0000000800000000)
2015-10-19T09:56:31.613+0800: 2.410: [GC2015-10-19T09:56:31.613+0800: 2.410: [ParNew
Desired survivor size 20112992 bytes, new threshold 8 (max 8)
- age   1:    2402672 bytes,    2402672 total
- age   2:    7169296 bytes,    9571968 total
- age   3:     354112 bytes,    9926080 total
- age   4:    1034696 bytes,   10960776 total
- age   5:    4131272 bytes,   15092048 total
- age   6:     663752 bytes,   15755800 total
- age   7:     140984 bytes,   15896784 total
- age   8:     171648 bytes,   16068432 total
: 105258K->21824K(109248K), 0.0119520 secs] 110489K->27329K(502464K), 0.0120130 secs] [Times: user=0.06 sys=0.00, real=0.01 secs] 
Heap after GC invocations=11 (full 0):
 par new generation   total 109248K, used 21824K [0x00000007dae00000, 0x00000007e2e00000, 0x00000007e2e00000)
  eden space 87424K,   0% used [0x00000007dae00000, 0x00000007dae00000, 0x00000007e0360000)
  from space 21824K, 100% used [0x00000007e18b0000, 0x00000007e2e00000, 0x00000007e2e00000)
  to   space 21824K,   0% used [0x00000007e0360000, 0x00000007e0360000, 0x00000007e18b0000)
 concurrent mark-sweep generation total 393216K, used 5505K [0x00000007e2e00000, 0x00000007fae00000, 0x00000007fae00000)
 concurrent-mark-sweep perm gen total 27008K, used 26887K [0x00000007fae00000, 0x00000007fc860000, 0x0000000800000000)
}
2015-10-19T09:56:31.625+0800: 2.422: Total time for which application threads were stopped: 0.0121410 seconds
{Heap before GC invocations=11 (full 0):
 par new generation   total 109248K, used 109248K [0x00000007dae00000, 0x00000007e2e00000, 0x00000007e2e00000)
  eden space 87424K, 100% used [0x00000007dae00000, 0x00000007e0360000, 0x00000007e0360000)
  from space 21824K, 100% used [0x00000007e18b0000, 0x00000007e2e00000, 0x00000007e2e00000)
  to   space 21824K,   0% used [0x00000007e0360000, 0x00000007e0360000, 0x00000007e18b0000)
 concurrent mark-sweep generation total 393216K, used 5505K [0x00000007e2e00000, 0x00000007fae00000, 0x00000007fae00000)
 concurrent-mark-sweep perm gen total 27008K, used 26905K [0x00000007fae00000, 0x00000007fc860000, 0x0000000800000000)
2015-10-19T09:56:31.675+0800: 2.471: [GC2015-10-19T09:56:31.675+0800: 2.471: [ParNew
Desired survivor size 20112992 bytes, new threshold 8 (max 8)
- age   1:    1216816 bytes,    1216816 total
- age   2:    1393792 bytes,    2610608 total
- age   3:    7155704 bytes,    9766312 total
- age   4:     354112 bytes,   10120424 total
- age   5:    1045944 bytes,   11166368 total
- age   6:    4131272 bytes,   15297640 total
- age   7:     663752 bytes,   15961392 total
- age   8:     140888 bytes,   16102280 total
: 109248K->19765K(109248K), 0.0106130 secs] 114753K->25442K(502464K), 0.0106530 secs] [Times: user=0.05 sys=0.01, real=0.01 secs] 
Heap after GC invocations=12 (full 0):
 par new generation   total 109248K, used 19765K [0x00000007dae00000, 0x00000007e2e00000, 0x00000007e2e00000)
  eden space 87424K,   0% used [0x00000007dae00000, 0x00000007dae00000, 0x00000007e0360000)
  from space 21824K,  90% used [0x00000007e0360000, 0x00000007e16ad558, 0x00000007e18b0000)
  to   space 21824K,   0% used [0x00000007e18b0000, 0x00000007e18b0000, 0x00000007e2e00000)
 concurrent mark-sweep generation total 393216K, used 5677K [0x00000007e2e00000, 0x00000007fae00000, 0x00000007fae00000)
 concurrent-mark-sweep perm gen total 27008K, used 26905K [0x00000007fae00000, 0x00000007fc860000, 0x0000000800000000)
}
2015-10-19T09:56:31.685+0800: 2.482: Total time for which application threads were stopped: 0.0108060 seconds
{Heap before GC invocations=12 (full 0):
 par new generation   total 109248K, used 107173K [0x00000007dae00000, 0x00000007e2e00000, 0x00000007e2e00000)
  eden space 87424K,  99% used [0x00000007dae00000, 0x00000007e035c230, 0x00000007e0360000)
  from space 21824K,  90% used [0x00000007e0360000, 0x00000007e16ad558, 0x00000007e18b0000)
  to   space 21824K,   0% used [0x00000007e18b0000, 0x00000007e18b0000, 0x00000007e2e00000)
 concurrent mark-sweep generation total 393216K, used 5677K [0x00000007e2e00000, 0x00000007fae00000, 0x00000007fae00000)
 concurrent-mark-sweep perm gen total 27008K, used 26942K [0x00000007fae00000, 0x00000007fc860000, 0x0000000800000000)
2015-10-19T09:56:31.741+0800: 2.538: [GC2015-10-19T09:56:31.741+0800: 2.538: [ParNew
Desired survivor size 20112992 bytes, new threshold 8 (max 8)
- age   1:    3141016 bytes,    3141016 total
- age   2:     869072 bytes,    4010088 total
- age   3:    1017648 bytes,    5027736 total
- age   4:    7000760 bytes,   12028496 total
- age   5:     354112 bytes,   12382608 total
- age   6:    1034696 bytes,   13417304 total
- age   7:    4131272 bytes,   17548576 total
- age   8:     663752 bytes,   18212328 total
: 107173K->21824K(109248K), 0.0103570 secs] 112851K->27936K(502464K), 0.0104040 secs] [Times: user=0.04 sys=0.00, real=0.01 secs] 
Heap after GC invocations=13 (full 0):
 par new generation   total 109248K, used 21824K [0x00000007dae00000, 0x00000007e2e00000, 0x00000007e2e00000)
  eden space 87424K,   0% used [0x00000007dae00000, 0x00000007dae00000, 0x00000007e0360000)
  from space 21824K, 100% used [0x00000007e18b0000, 0x00000007e2e00000, 0x00000007e2e00000)
  to   space 21824K,   0% used [0x00000007e0360000, 0x00000007e0360000, 0x00000007e18b0000)
 concurrent mark-sweep generation total 393216K, used 6112K [0x00000007e2e00000, 0x00000007fae00000, 0x00000007fae00000)
 concurrent-mark-sweep perm gen total 27008K, used 26942K [0x00000007fae00000, 0x00000007fc860000, 0x0000000800000000)
}
2015-10-19T09:56:31.751+0800: 2.548: Total time for which application threads were stopped: 0.0106250 seconds
{Heap before GC invocations=13 (full 0):
 par new generation   total 109248K, used 109248K [0x00000007dae00000, 0x00000007e2e00000, 0x00000007e2e00000)
  eden space 87424K, 100% used [0x00000007dae00000, 0x00000007e0360000, 0x00000007e0360000)
  from space 21824K, 100% used [0x00000007e18b0000, 0x00000007e2e00000, 0x00000007e2e00000)
  to   space 21824K,   0% used [0x00000007e0360000, 0x00000007e0360000, 0x00000007e18b0000)
 concurrent mark-sweep generation total 393216K, used 6112K [0x00000007e2e00000, 0x00000007fae00000, 0x00000007fae00000)
 concurrent-mark-sweep perm gen total 27200K, used 27095K [0x00000007fae00000, 0x00000007fc890000, 0x0000000800000000)
2015-10-19T09:56:31.801+0800: 2.598: [GC2015-10-19T09:56:31.801+0800: 2.598: [ParNew
Desired survivor size 20112992 bytes, new threshold 8 (max 8)
- age   1:    1807816 bytes,    1807816 total
- age   2:    3032632 bytes,    4840448 total
- age   3:     861920 bytes,    5702368 total
- age   4:    1016384 bytes,    6718752 total
- age   5:    6788576 bytes,   13507328 total
- age   6:     347072 bytes,   13854400 total
- age   7:    1028808 bytes,   14883208 total
- age   8:    4130816 bytes,   19014024 total
: 109248K->21824K(109248K), 0.0138150 secs] 115360K->29108K(502464K), 0.0138550 secs] [Times: user=0.07 sys=0.00, real=0.01 secs] 
Heap after GC invocations=14 (full 0):
 par new generation   total 109248K, used 21824K [0x00000007dae00000, 0x00000007e2e00000, 0x00000007e2e00000)
  eden space 87424K,   0% used [0x00000007dae00000, 0x00000007dae00000, 0x00000007e0360000)
  from space 21824K, 100% used [0x00000007e0360000, 0x00000007e18b0000, 0x00000007e18b0000)
  to   space 21824K,   0% used [0x00000007e18b0000, 0x00000007e18b0000, 0x00000007e2e00000)
 concurrent mark-sweep generation total 393216K, used 7284K [0x00000007e2e00000, 0x00000007fae00000, 0x00000007fae00000)
 concurrent-mark-sweep perm gen total 27200K, used 27095K [0x00000007fae00000, 0x00000007fc890000, 0x0000000800000000)
}
2015-10-19T09:56:31.815+0800: 2.612: Total time for which application threads were stopped: 0.0139940 seconds
{Heap before GC invocations=14 (full 0):
 par new generation   total 109248K, used 109248K [0x00000007dae00000, 0x00000007e2e00000, 0x00000007e2e00000)
  eden space 87424K, 100% used [0x00000007dae00000, 0x00000007e0360000, 0x00000007e0360000)
  from space 21824K, 100% used [0x00000007e0360000, 0x00000007e18b0000, 0x00000007e18b0000)
  to   space 21824K,   0% used [0x00000007e18b0000, 0x00000007e18b0000, 0x00000007e2e00000)
 concurrent mark-sweep generation total 393216K, used 7284K [0x00000007e2e00000, 0x00000007fae00000, 0x00000007fae00000)
 concurrent-mark-sweep perm gen total 27200K, used 27104K [0x00000007fae00000, 0x00000007fc890000, 0x0000000800000000)
2015-10-19T09:56:31.864+0800: 2.661: [GC2015-10-19T09:56:31.864+0800: 2.661: [ParNew
Desired survivor size 20112992 bytes, new threshold 8 (max 8)
- age   1:    1295680 bytes,    1295680 total
- age   2:     879616 bytes,    2175296 total
- age   3:    3032360 bytes,    5207656 total
- age   4:     861840 bytes,    6069496 total
- age   5:    1016384 bytes,    7085880 total
- age   6:    6788576 bytes,   13874456 total
- age   7:     347072 bytes,   14221528 total
- age   8:    1028808 bytes,   15250336 total
: 109248K->21824K(109248K), 0.0147810 secs] 116532K->33155K(502464K), 0.0148410 secs] [Times: user=0.05 sys=0.00, real=0.01 secs] 
Heap after GC invocations=15 (full 0):
 par new generation   total 109248K, used 21824K [0x00000007dae00000, 0x00000007e2e00000, 0x00000007e2e00000)
  eden space 87424K,   0% used [0x00000007dae00000, 0x00000007dae00000, 0x00000007e0360000)
  from space 21824K, 100% used [0x00000007e18b0000, 0x00000007e2e00000, 0x00000007e2e00000)
  to   space 21824K,   0% used [0x00000007e0360000, 0x00000007e0360000, 0x00000007e18b0000)
 concurrent mark-sweep generation total 393216K, used 11331K [0x00000007e2e00000, 0x00000007fae00000, 0x00000007fae00000)
 concurrent-mark-sweep perm gen total 27200K, used 27104K [0x00000007fae00000, 0x00000007fc890000, 0x0000000800000000)
}
2015-10-19T09:56:31.879+0800: 2.676: Total time for which application threads were stopped: 0.0150670 seconds
{Heap before GC invocations=15 (full 0):
 par new generation   total 109248K, used 109248K [0x00000007dae00000, 0x00000007e2e00000, 0x00000007e2e00000)
  eden space 87424K, 100% used [0x00000007dae00000, 0x00000007e0360000, 0x00000007e0360000)
  from space 21824K, 100% used [0x00000007e18b0000, 0x00000007e2e00000, 0x00000007e2e00000)
  to   space 21824K,   0% used [0x00000007e0360000, 0x00000007e0360000, 0x00000007e18b0000)
 concurrent mark-sweep generation total 393216K, used 11331K [0x00000007e2e00000, 0x00000007fae00000, 0x00000007fae00000)
 concurrent-mark-sweep perm gen total 27200K, used 27118K [0x00000007fae00000, 0x00000007fc890000, 0x0000000800000000)
2015-10-19T09:56:31.924+0800: 2.721: [GC2015-10-19T09:56:31.924+0800: 2.721: [ParNew
Desired survivor size 20112992 bytes, new threshold 8 (max 8)
- age   1:    1004160 bytes,    1004160 total
- age   2:     179256 bytes,    1183416 total
- age   3:     879096 bytes,    2062512 total
- age   4:    3032360 bytes,    5094872 total
- age   5:     861840 bytes,    5956712 total
- age   6:    1016384 bytes,    6973096 total
- age   7:    6788576 bytes,   13761672 total
- age   8:     347072 bytes,   14108744 total
: 109248K->20237K(109248K), 0.0082910 secs] 120579K->32579K(502464K), 0.0083300 secs] [Times: user=0.03 sys=0.00, real=0.01 secs] 
Heap after GC invocations=16 (full 0):
 par new generation   total 109248K, used 20237K [0x00000007dae00000, 0x00000007e2e00000, 0x00000007e2e00000)
  eden space 87424K,   0% used [0x00000007dae00000, 0x00000007dae00000, 0x00000007e0360000)
  from space 21824K,  92% used [0x00000007e0360000, 0x00000007e1723480, 0x00000007e18b0000)
  to   space 21824K,   0% used [0x00000007e18b0000, 0x00000007e18b0000, 0x00000007e2e00000)
 concurrent mark-sweep generation total 393216K, used 12341K [0x00000007e2e00000, 0x00000007fae00000, 0x00000007fae00000)
 concurrent-mark-sweep perm gen total 27200K, used 27118K [0x00000007fae00000, 0x00000007fc890000, 0x0000000800000000)
}
2015-10-19T09:56:31.933+0800: 2.730: Total time for which application threads were stopped: 0.0084760 seconds
{Heap before GC invocations=16 (full 0):
 par new generation   total 109248K, used 107661K [0x00000007dae00000, 0x00000007e2e00000, 0x00000007e2e00000)
  eden space 87424K, 100% used [0x00000007dae00000, 0x00000007e0360000, 0x00000007e0360000)
  from space 21824K,  92% used [0x00000007e0360000, 0x00000007e1723480, 0x00000007e18b0000)
  to   space 21824K,   0% used [0x00000007e18b0000, 0x00000007e18b0000, 0x00000007e2e00000)
 concurrent mark-sweep generation total 393216K, used 12341K [0x00000007e2e00000, 0x00000007fae00000, 0x00000007fae00000)
 concurrent-mark-sweep perm gen total 27200K, used 27123K [0x00000007fae00000, 0x00000007fc890000, 0x0000000800000000)
2015-10-19T09:56:31.986+0800: 2.783: [GC2015-10-19T09:56:31.986+0800: 2.783: [ParNew
Desired survivor size 20112992 bytes, new threshold 8 (max 8)
- age   1:     956024 bytes,     956024 total
- age   2:     656752 bytes,    1612776 total
- age   3:     178728 bytes,    1791504 total
- age   4:     878600 bytes,    2670104 total
- age   5:    3031736 bytes,    5701840 total
- age   6:     861472 bytes,    6563312 total
- age   7:    1016384 bytes,    7579696 total
- age   8:    6788576 bytes,   14368272 total
: 107661K->15392K(109248K), 0.0101670 secs] 120003K->28080K(502464K), 0.0102290 secs] [Times: user=0.04 sys=0.00, real=0.01 secs] 
Heap after GC invocations=17 (full 0):
 par new generation   total 109248K, used 15392K [0x00000007dae00000, 0x00000007e2e00000, 0x00000007e2e00000)
  eden space 87424K,   0% used [0x00000007dae00000, 0x00000007dae00000, 0x00000007e0360000)
  from space 21824K,  70% used [0x00000007e18b0000, 0x00000007e27b8380, 0x00000007e2e00000)
  to   space 21824K,   0% used [0x00000007e0360000, 0x00000007e0360000, 0x00000007e18b0000)
 concurrent mark-sweep generation total 393216K, used 12687K [0x00000007e2e00000, 0x00000007fae00000, 0x00000007fae00000)
 concurrent-mark-sweep perm gen total 27200K, used 27123K [0x00000007fae00000, 0x00000007fc890000, 0x0000000800000000)
}
2015-10-19T09:56:31.996+0800: 2.793: Total time for which application threads were stopped: 0.0104340 seconds
{Heap before GC invocations=17 (full 0):
 par new generation   total 109248K, used 102816K [0x00000007dae00000, 0x00000007e2e00000, 0x00000007e2e00000)
  eden space 87424K, 100% used [0x00000007dae00000, 0x00000007e0360000, 0x00000007e0360000)
  from space 21824K,  70% used [0x00000007e18b0000, 0x00000007e27b8380, 0x00000007e2e00000)
  to   space 21824K,   0% used [0x00000007e0360000, 0x00000007e0360000, 0x00000007e18b0000)
 concurrent mark-sweep generation total 393216K, used 12687K [0x00000007e2e00000, 0x00000007fae00000, 0x00000007fae00000)
 concurrent-mark-sweep perm gen total 27200K, used 27144K [0x00000007fae00000, 0x00000007fc890000, 0x0000000800000000)
2015-10-19T09:56:32.062+0800: 2.859: [GC2015-10-19T09:56:32.062+0800: 2.859: [ParNew
Desired survivor size 20112992 bytes, new threshold 8 (max 8)
- age   1:    1117480 bytes,    1117480 total
- age   2:     104488 bytes,    1221968 total
- age   3:     656048 bytes,    1878016 total
- age   4:     178440 bytes,    2056456 total
- age   5:     878120 bytes,    2934576 total
- age   6:    3031224 bytes,    5965800 total
- age   7:     436872 bytes,    6402672 total
- age   8:    1016128 bytes,    7418800 total
: 102816K->15559K(109248K), 0.0158880 secs] 115504K->34896K(502464K), 0.0159340 secs] [Times: user=0.06 sys=0.00, real=0.01 secs] 
Heap after GC invocations=18 (full 0):
 par new generation   total 109248K, used 15559K [0x00000007dae00000, 0x00000007e2e00000, 0x00000007e2e00000)
  eden space 87424K,   0% used [0x00000007dae00000, 0x00000007dae00000, 0x00000007e0360000)
  from space 21824K,  71% used [0x00000007e0360000, 0x00000007e1291ee8, 0x00000007e18b0000)
  to   space 21824K,   0% used [0x00000007e18b0000, 0x00000007e18b0000, 0x00000007e2e00000)
 concurrent mark-sweep generation total 393216K, used 19336K [0x00000007e2e00000, 0x00000007fae00000, 0x00000007fae00000)
 concurrent-mark-sweep perm gen total 27200K, used 27144K [0x00000007fae00000, 0x00000007fc890000, 0x0000000800000000)
}
2015-10-19T09:56:32.078+0800: 2.875: Total time for which application threads were stopped: 0.0160900 seconds
{Heap before GC invocations=18 (full 0):
 par new generation   total 109248K, used 102983K [0x00000007dae00000, 0x00000007e2e00000, 0x00000007e2e00000)
  eden space 87424K, 100% used [0x00000007dae00000, 0x00000007e0360000, 0x00000007e0360000)
  from space 21824K,  71% used [0x00000007e0360000, 0x00000007e1291ee8, 0x00000007e18b0000)
  to   space 21824K,   0% used [0x00000007e18b0000, 0x00000007e18b0000, 0x00000007e2e00000)
 concurrent mark-sweep generation total 393216K, used 19336K [0x00000007e2e00000, 0x00000007fae00000, 0x00000007fae00000)
 concurrent-mark-sweep perm gen total 27392K, used 27199K [0x00000007fae00000, 0x00000007fc8c0000, 0x0000000800000000)
2015-10-19T09:56:32.170+0800: 2.967: [GC2015-10-19T09:56:32.170+0800: 2.967: [ParNew
Desired survivor size 20112992 bytes, new threshold 8 (max 8)
- age   1:    5820760 bytes,    5820760 total
- age   2:     403024 bytes,    6223784 total
- age   3:     104216 bytes,    6328000 total
- age   4:     655896 bytes,    6983896 total
- age   5:     178440 bytes,    7162336 total
- age   6:     870416 bytes,    8032752 total
- age   7:    2343736 bytes,   10376488 total
- age   8:     435032 bytes,   10811520 total
: 102983K->13667K(109248K), 0.0101490 secs] 122320K->34000K(502464K), 0.0102090 secs] [Times: user=0.04 sys=0.00, real=0.01 secs] 
Heap after GC invocations=19 (full 0):
 par new generation   total 109248K, used 13667K [0x00000007dae00000, 0x00000007e2e00000, 0x00000007e2e00000)
  eden space 87424K,   0% used [0x00000007dae00000, 0x00000007dae00000, 0x00000007e0360000)
  from space 21824K,  62% used [0x00000007e18b0000, 0x00000007e2608c30, 0x00000007e2e00000)
  to   space 21824K,   0% used [0x00000007e0360000, 0x00000007e0360000, 0x00000007e18b0000)
 concurrent mark-sweep generation total 393216K, used 20333K [0x00000007e2e00000, 0x00000007fae00000, 0x00000007fae00000)
 concurrent-mark-sweep perm gen total 27392K, used 27199K [0x00000007fae00000, 0x00000007fc8c0000, 0x0000000800000000)
}
2015-10-19T09:56:32.180+0800: 2.977: Total time for which application threads were stopped: 0.0104630 seconds
{Heap before GC invocations=19 (full 0):
 par new generation   total 109248K, used 101091K [0x00000007dae00000, 0x00000007e2e00000, 0x00000007e2e00000)
  eden space 87424K, 100% used [0x00000007dae00000, 0x00000007e0360000, 0x00000007e0360000)
  from space 21824K,  62% used [0x00000007e18b0000, 0x00000007e2608c30, 0x00000007e2e00000)
  to   space 21824K,   0% used [0x00000007e0360000, 0x00000007e0360000, 0x00000007e18b0000)
 concurrent mark-sweep generation total 393216K, used 20333K [0x00000007e2e00000, 0x00000007fae00000, 0x00000007fae00000)
 concurrent-mark-sweep perm gen total 27392K, used 27208K [0x00000007fae00000, 0x00000007fc8c0000, 0x0000000800000000)
2015-10-19T09:56:32.270+0800: 3.067: [GC2015-10-19T09:56:32.270+0800: 3.067: [ParNew
Desired survivor size 20112992 bytes, new threshold 8 (max 8)
- age   1:    3375648 bytes,    3375648 total
- age   2:    5223688 bytes,    8599336 total
- age   3:     401864 bytes,    9001200 total
- age   4:     103688 bytes,    9104888 total
- age   5:     121304 bytes,    9226192 total
- age   6:     177896 bytes,    9404088 total
- age   7:     869232 bytes,   10273320 total
- age   8:    2342872 bytes,   12616192 total
: 101091K->14942K(109248K), 0.0100270 secs] 121424K->35703K(502464K), 0.0100740 secs] [Times: user=0.05 sys=0.00, real=0.01 secs] 
Heap after GC invocations=20 (full 0):
 par new generation   total 109248K, used 14942K [0x00000007dae00000, 0x00000007e2e00000, 0x00000007e2e00000)
  eden space 87424K,   0% used [0x00000007dae00000, 0x00000007dae00000, 0x00000007e0360000)
  from space 21824K,  68% used [0x00000007e0360000, 0x00000007e11f7a80, 0x00000007e18b0000)
  to   space 21824K,   0% used [0x00000007e18b0000, 0x00000007e18b0000, 0x00000007e2e00000)
 concurrent mark-sweep generation total 393216K, used 20760K [0x00000007e2e00000, 0x00000007fae00000, 0x00000007fae00000)
 concurrent-mark-sweep perm gen total 27392K, used 27208K [0x00000007fae00000, 0x00000007fc8c0000, 0x0000000800000000)
}
2015-10-19T09:56:32.280+0800: 3.077: Total time for which application threads were stopped: 0.0102170 seconds
{Heap before GC invocations=20 (full 0):
 par new generation   total 109248K, used 102366K [0x00000007dae00000, 0x00000007e2e00000, 0x00000007e2e00000)
  eden space 87424K, 100% used [0x00000007dae00000, 0x00000007e0360000, 0x00000007e0360000)
  from space 21824K,  68% used [0x00000007e0360000, 0x00000007e11f7a80, 0x00000007e18b0000)
  to   space 21824K,   0% used [0x00000007e18b0000, 0x00000007e18b0000, 0x00000007e2e00000)
 concurrent mark-sweep generation total 393216K, used 20760K [0x00000007e2e00000, 0x00000007fae00000, 0x00000007fae00000)
 concurrent-mark-sweep perm gen total 27392K, used 27219K [0x00000007fae00000, 0x00000007fc8c0000, 0x0000000800000000)
2015-10-19T09:56:32.374+0800: 3.171: [GC2015-10-19T09:56:32.374+0800: 3.171: [ParNew
Desired survivor size 20112992 bytes, new threshold 8 (max 8)
- age   1:     166720 bytes,     166720 total
- age   2:    3200664 bytes,    3367384 total
- age   3:    5213944 bytes,    8581328 total
- age   4:     401864 bytes,    8983192 total
- age   5:     103688 bytes,    9086880 total
- age   6:     120752 bytes,    9207632 total
- age   7:     177896 bytes,    9385528 total
- age   8:     868824 bytes,   10254352 total
: 102366K->18349K(109248K), 0.0117500 secs] 123127K->41405K(502464K), 0.0118040 secs] [Times: user=0.05 sys=0.00, real=0.01 secs] 
Heap after GC invocations=21 (full 0):
 par new generation   total 109248K, used 18349K [0x00000007dae00000, 0x00000007e2e00000, 0x00000007e2e00000)
  eden space 87424K,   0% used [0x00000007dae00000, 0x00000007dae00000, 0x00000007e0360000)
  from space 21824K,  84% used [0x00000007e18b0000, 0x00000007e2a9b760, 0x00000007e2e00000)
  to   space 21824K,   0% used [0x00000007e0360000, 0x00000007e0360000, 0x00000007e18b0000)
 concurrent mark-sweep generation total 393216K, used 23055K [0x00000007e2e00000, 0x00000007fae00000, 0x00000007fae00000)
 concurrent-mark-sweep perm gen total 27392K, used 27219K [0x00000007fae00000, 0x00000007fc8c0000, 0x0000000800000000)
}
2015-10-19T09:56:32.386+0800: 3.183: Total time for which application threads were stopped: 0.0120020 seconds
2015-10-19T09:56:33.285+0800: 4.082: Total time for which application threads were stopped: 0.0007080 seconds
2015-10-19T09:56:33.919+0800: 4.716: Total time for which application threads were stopped: 0.0001300 seconds
2015-10-19T09:56:33.919+0800: 4.716: Total time for which application threads were stopped: 0.0000920 seconds
2015-10-19T09:56:33.919+0800: 4.716: Total time for which application threads were stopped: 0.0000350 seconds
2015-10-19T09:56:33.920+0800: 4.717: Total time for which application threads were stopped: 0.0000830 seconds
2015-10-19T09:56:33.923+0800: 4.719: Total time for which application threads were stopped: 0.0000440 seconds
2015-10-19T09:56:33.946+0800: 4.743: Total time for which application threads were stopped: 0.0001130 seconds
2015-10-19T09:56:33.946+0800: 4.743: Total time for which application threads were stopped: 0.0000460 seconds
2015-10-19T09:56:33.949+0800: 4.746: Total time for which application threads were stopped: 0.0000420 seconds
2015-10-19T09:56:34.010+0800: 4.806: Total time for which application threads were stopped: 0.0000660 seconds
2015-10-19T09:56:34.010+0800: 4.807: Total time for which application threads were stopped: 0.0000550 seconds
2015-10-19T09:56:34.010+0800: 4.807: Total time for which application threads were stopped: 0.0000500 seconds
2015-10-19T09:56:34.011+0800: 4.808: Total time for which application threads were stopped: 0.0000650 seconds
2015-10-19T09:56:34.011+0800: 4.808: Total time for which application threads were stopped: 0.0001400 seconds
2015-10-19T09:56:34.012+0800: 4.809: Total time for which application threads were stopped: 0.0000810 seconds
2015-10-19T09:56:34.012+0800: 4.809: Total time for which application threads were stopped: 0.0000610 seconds
2015-10-19T09:56:34.012+0800: 4.809: Total time for which application threads were stopped: 0.0000640 seconds
2015-10-19T09:56:34.013+0800: 4.810: Total time for which application threads were stopped: 0.0000350 seconds
2015-10-19T09:56:34.017+0800: 4.814: Total time for which application threads were stopped: 0.0000650 seconds
2015-10-19T09:56:34.017+0800: 4.814: Total time for which application threads were stopped: 0.0000430 seconds
2015-10-19T09:56:34.018+0800: 4.815: Total time for which application threads were stopped: 0.0000450 seconds
2015-10-19T09:56:34.020+0800: 4.817: Total time for which application threads were stopped: 0.0000600 seconds
2015-10-19T09:56:34.020+0800: 4.817: Total time for which application threads were stopped: 0.0000490 seconds
2015-10-19T09:56:34.020+0800: 4.817: Total time for which application threads were stopped: 0.0001370 seconds
2015-10-19T09:56:34.020+0800: 4.817: Total time for which application threads were stopped: 0.0000600 seconds
2015-10-19T09:56:34.021+0800: 4.817: Total time for which application threads were stopped: 0.0000590 seconds
2015-10-19T09:56:34.021+0800: 4.818: Total time for which application threads were stopped: 0.0008770 seconds
2015-10-19T09:56:34.026+0800: 4.822: Total time for which application threads were stopped: 0.0000680 seconds
2015-10-19T09:56:34.027+0800: 4.823: Total time for which application threads were stopped: 0.0000630 seconds
2015-10-19T09:56:34.115+0800: 4.911: Total time for which application threads were stopped: 0.0000800 seconds
2015-10-19T09:56:34.115+0800: 4.912: Total time for which application threads were stopped: 0.0001330 seconds
2015-10-19T09:56:34.238+0800: 5.035: Total time for which application threads were stopped: 0.0002300 seconds
2015-10-19T09:56:34.239+0800: 5.036: Total time for which application threads were stopped: 0.0000730 seconds
2015-10-19T09:56:34.239+0800: 5.036: Total time for which application threads were stopped: 0.0000460 seconds
2015-10-19T09:56:34.239+0800: 5.036: Total time for which application threads were stopped: 0.0000580 seconds
2015-10-19T09:56:34.239+0800: 5.036: Total time for which application threads were stopped: 0.0000340 seconds
2015-10-19T09:56:34.240+0800: 5.036: Total time for which application threads were stopped: 0.0000330 seconds
2015-10-19T09:56:34.245+0800: 5.041: Total time for which application threads were stopped: 0.0000610 seconds
2015-10-19T09:56:34.245+0800: 5.041: Total time for which application threads were stopped: 0.0000520 seconds
2015-10-19T09:56:34.245+0800: 5.042: Total time for which application threads were stopped: 0.0000580 seconds
2015-10-19T09:56:35.943+0800: 6.740: Total time for which application threads were stopped: 0.0001180 seconds
2015-10-19T09:56:35.943+0800: 6.740: Total time for which application threads were stopped: 0.0000310 seconds
2015-10-19T09:56:35.944+0800: 6.741: Total time for which application threads were stopped: 0.0000370 seconds
2015-10-19T09:56:35.947+0800: 6.744: Total time for which application threads were stopped: 0.0000890 seconds
2015-10-19T09:56:35.947+0800: 6.744: Total time for which application threads were stopped: 0.0000320 seconds
2015-10-19T09:56:35.947+0800: 6.744: Total time for which application threads were stopped: 0.0000310 seconds
2015-10-19T09:56:35.948+0800: 6.745: Total time for which application threads were stopped: 0.0000330 seconds
{Heap before GC invocations=21 (full 0):
 par new generation   total 109248K, used 105773K [0x00000007dae00000, 0x00000007e2e00000, 0x00000007e2e00000)
  eden space 87424K, 100% used [0x00000007dae00000, 0x00000007e0360000, 0x00000007e0360000)
  from space 21824K,  84% used [0x00000007e18b0000, 0x00000007e2a9b760, 0x00000007e2e00000)
  to   space 21824K,   0% used [0x00000007e0360000, 0x00000007e0360000, 0x00000007e18b0000)
 concurrent mark-sweep generation total 393216K, used 23055K [0x00000007e2e00000, 0x00000007fae00000, 0x00000007fae00000)
 concurrent-mark-sweep perm gen total 28544K, used 28497K [0x00000007fae00000, 0x00000007fc9e0000, 0x0000000800000000)
2015-10-19T09:56:35.950+0800: 6.747: [GC2015-10-19T09:56:35.950+0800: 6.747: [ParNew
Desired survivor size 20112992 bytes, new threshold 8 (max 8)
- age   1:    4884344 bytes,    4884344 total
- age   2:     113672 bytes,    4998016 total
- age   3:    2665168 bytes,    7663184 total
- age   4:    5211912 bytes,   12875096 total
- age   5:     401808 bytes,   13276904 total
- age   6:     103688 bytes,   13380592 total
- age   7:     120752 bytes,   13501344 total
- age   8:     177896 bytes,   13679240 total
: 105773K->14877K(109248K), 0.0080030 secs] 128829K->38864K(502464K), 0.0080710 secs] [Times: user=0.03 sys=0.00, real=0.00 secs] 
Heap after GC invocations=22 (full 0):
 par new generation   total 109248K, used 14877K [0x00000007dae00000, 0x00000007e2e00000, 0x00000007e2e00000)
  eden space 87424K,   0% used [0x00000007dae00000, 0x00000007dae00000, 0x00000007e0360000)
  from space 21824K,  68% used [0x00000007e0360000, 0x00000007e11e7778, 0x00000007e18b0000)
  to   space 21824K,   0% used [0x00000007e18b0000, 0x00000007e18b0000, 0x00000007e2e00000)
 concurrent mark-sweep generation total 393216K, used 23986K [0x00000007e2e00000, 0x00000007fae00000, 0x00000007fae00000)
 concurrent-mark-sweep perm gen total 28544K, used 28497K [0x00000007fae00000, 0x00000007fc9e0000, 0x0000000800000000)
}
2015-10-19T09:56:35.958+0800: 6.755: Total time for which application threads were stopped: 0.0081700 seconds
2015-10-19T09:56:35.958+0800: 6.755: Total time for which application threads were stopped: 0.0000820 seconds
2015-10-19T09:56:35.959+0800: 6.755: Total time for which application threads were stopped: 0.0000400 seconds
2015-10-19T09:56:35.959+0800: 6.755: Total time for which application threads were stopped: 0.0000500 seconds
2015-10-19T09:56:35.959+0800: 6.756: Total time for which application threads were stopped: 0.0000530 seconds
2015-10-19T09:56:35.959+0800: 6.756: Total time for which application threads were stopped: 0.0000730 seconds
2015-10-19T09:56:35.959+0800: 6.756: Total time for which application threads were stopped: 0.0000400 seconds
2015-10-19T09:56:35.959+0800: 6.756: Total time for which application threads were stopped: 0.0000330 seconds
2015-10-19T09:56:35.959+0800: 6.756: Total time for which application threads were stopped: 0.0000250 seconds
2015-10-19T09:56:35.959+0800: 6.756: Total time for which application threads were stopped: 0.0000290 seconds
2015-10-19T09:56:35.959+0800: 6.756: Total time for which application threads were stopped: 0.0000250 seconds
2015-10-19T09:56:35.959+0800: 6.756: Total time for which application threads were stopped: 0.0000250 seconds
2015-10-19T09:56:35.959+0800: 6.756: Total time for which application threads were stopped: 0.0000230 seconds
2015-10-19T09:56:35.959+0800: 6.756: Total time for which application threads were stopped: 0.0000270 seconds
2015-10-19T09:56:35.959+0800: 6.756: Total time for which application threads were stopped: 0.0000240 seconds
2015-10-19T09:56:35.959+0800: 6.756: Total time for which application threads were stopped: 0.0000250 seconds
2015-10-19T09:56:35.960+0800: 6.757: Total time for which application threads were stopped: 0.0004720 seconds
2015-10-19T09:56:35.960+0800: 6.757: Total time for which application threads were stopped: 0.0000460 seconds
2015-10-19T09:56:35.960+0800: 6.757: Total time for which application threads were stopped: 0.0000280 seconds
2015-10-19T09:56:35.960+0800: 6.757: Total time for which application threads were stopped: 0.0000290 seconds
2015-10-19T09:56:35.960+0800: 6.757: Total time for which application threads were stopped: 0.0001110 seconds
2015-10-19T09:56:35.960+0800: 6.757: Total time for which application threads were stopped: 0.0000250 seconds
2015-10-19T09:56:35.960+0800: 6.757: Total time for which application threads were stopped: 0.0000290 seconds
2015-10-19T09:56:35.960+0800: 6.757: Total time for which application threads were stopped: 0.0000280 seconds
2015-10-19T09:56:35.960+0800: 6.757: Total time for which application threads were stopped: 0.0000250 seconds
2015-10-19T09:56:35.960+0800: 6.757: Total time for which application threads were stopped: 0.0000240 seconds
2015-10-19T09:56:35.961+0800: 6.757: Total time for which application threads were stopped: 0.0002010 seconds
2015-10-19T09:56:35.961+0800: 6.757: Total time for which application threads were stopped: 0.0000340 seconds
2015-10-19T09:56:35.961+0800: 6.758: Total time for which application threads were stopped: 0.0000680 seconds
2015-10-19T09:56:35.961+0800: 6.758: Total time for which application threads were stopped: 0.0004340 seconds
2015-10-19T09:56:35.961+0800: 6.758: Total time for which application threads were stopped: 0.0000240 seconds
2015-10-19T09:56:35.961+0800: 6.758: Total time for which application threads were stopped: 0.0000400 seconds
2015-10-19T09:56:35.961+0800: 6.758: Total time for which application threads were stopped: 0.0000280 seconds
2015-10-19T09:56:35.961+0800: 6.758: Total time for which application threads were stopped: 0.0000230 seconds
2015-10-19T09:56:35.961+0800: 6.758: Total time for which application threads were stopped: 0.0000230 seconds
2015-10-19T09:56:35.962+0800: 6.758: Total time for which application threads were stopped: 0.0000290 seconds
2015-10-19T09:56:35.962+0800: 6.758: Total time for which application threads were stopped: 0.0000280 seconds
2015-10-19T09:56:35.962+0800: 6.759: Total time for which application threads were stopped: 0.0000870 seconds
2015-10-19T09:56:35.962+0800: 6.759: Total time for which application threads were stopped: 0.0000490 seconds
2015-10-19T09:56:35.962+0800: 6.759: Total time for which application threads were stopped: 0.0000160 seconds
2015-10-19T09:56:35.962+0800: 6.759: Total time for which application threads were stopped: 0.0000710 seconds
2015-10-19T09:56:35.962+0800: 6.759: Total time for which application threads were stopped: 0.0000160 seconds
2015-10-19T09:56:35.962+0800: 6.759: Total time for which application threads were stopped: 0.0000170 seconds
2015-10-19T09:56:35.962+0800: 6.759: Total time for which application threads were stopped: 0.0000250 seconds
2015-10-19T09:56:35.962+0800: 6.759: Total time for which application threads were stopped: 0.0000160 seconds
2015-10-19T09:56:35.977+0800: 6.774: Total time for which application threads were stopped: 0.0000480 seconds
2015-10-19T09:56:35.983+0800: 6.780: Total time for which application threads were stopped: 0.0000460 seconds
2015-10-19T09:56:35.984+0800: 6.780: Total time for which application threads were stopped: 0.0001130 seconds
2015-10-19T09:56:35.985+0800: 6.782: Total time for which application threads were stopped: 0.0000380 seconds
2015-10-19T09:56:48.374+0800: 19.171: Total time for which application threads were stopped: 0.0001290 seconds
2015-10-19T09:56:48.376+0800: 19.173: Total time for which application threads were stopped: 0.0000460 seconds
2015-10-19T09:56:48.379+0800: 19.175: Total time for which application threads were stopped: 0.0000570 seconds
2015-10-19T09:56:48.452+0800: 19.249: Total time for which application threads were stopped: 0.0002080 seconds
2015-10-19T09:56:49.454+0800: 20.250: Total time for which application threads were stopped: 0.0003030 seconds
2015-10-19T09:57:23.892+0800: 54.689: Total time for which application threads were stopped: 0.0001570 seconds
2015-10-19T09:57:23.894+0800: 54.691: Total time for which application threads were stopped: 0.0000460 seconds
2015-10-19T09:57:23.895+0800: 54.692: Total time for which application threads were stopped: 0.0000410 seconds
2015-10-19T09:57:23.897+0800: 54.694: Total time for which application threads were stopped: 0.0000350 seconds
2015-10-19T09:57:23.921+0800: 54.717: Total time for which application threads were stopped: 0.0001460 seconds
2015-10-19T09:57:23.921+0800: 54.718: Total time for which application threads were stopped: 0.0000530 seconds
2015-10-19T09:57:23.921+0800: 54.718: Total time for which application threads were stopped: 0.0001220 seconds
2015-10-19T09:57:23.921+0800: 54.718: Total time for which application threads were stopped: 0.0000460 seconds
2015-10-19T09:57:34.245+0800: 65.042: Total time for which application threads were stopped: 0.0001340 seconds
2015-10-20T09:57:58.753+0800: 86489.550: Total time for which application threads were stopped: 0.0029670 seconds
2015-10-20T09:57:58.763+0800: 86489.560: Total time for which application threads were stopped: 0.0000560 seconds
2015-10-20T09:57:58.801+0800: 86489.598: Total time for which application threads were stopped: 0.0000850 seconds
2015-10-20T09:59:22.225+0800: 86573.022: Total time for which application threads were stopped: 0.0011020 seconds
2015-10-20T09:59:22.227+0800: 86573.024: Total time for which application threads were stopped: 0.0003490 seconds
2015-10-20T09:59:22.229+0800: 86573.027: Total time for which application threads were stopped: 0.0008220 seconds
2015-10-20T09:59:55.420+0800: 86606.217: Total time for which application threads were stopped: 0.0009370 seconds
2015-10-20T09:59:55.422+0800: 86606.219: Total time for which application threads were stopped: 0.0000290 seconds
2015-10-20T09:59:55.424+0800: 86606.221: Total time for which application threads were stopped: 0.0000360 seconds
2015-10-20T10:00:02.257+0800: 86613.054: Total time for which application threads were stopped: 0.0010970 seconds
2015-10-20T10:00:10.371+0800: 86621.168: Total time for which application threads were stopped: 0.0010780 seconds
2015-10-20T10:00:10.377+0800: 86621.174: Total time for which application threads were stopped: 0.0000890 seconds
2015-10-20T10:00:16.401+0800: 86627.198: Total time for which application threads were stopped: 0.0020520 seconds
2015-10-20T10:00:25.254+0800: 86636.051: Total time for which application threads were stopped: 0.0009060 seconds
2015-10-20T10:00:25.256+0800: 86636.053: Total time for which application threads were stopped: 0.0000310 seconds
2015-10-20T10:00:25.258+0800: 86636.055: Total time for which application threads were stopped: 0.0000290 seconds
2015-10-20T10:00:28.210+0800: 86639.007: Total time for which application threads were stopped: 0.0010520 seconds
2015-10-20T10:00:28.212+0800: 86639.009: Total time for which application threads were stopped: 0.0000370 seconds
2015-10-20T10:00:28.214+0800: 86639.011: Total time for which application threads were stopped: 0.0000440 seconds
2015-10-20T10:00:39.931+0800: 86650.728: Total time for which application threads were stopped: 0.0011050 seconds
2015-10-20T10:00:39.933+0800: 86650.730: Total time for which application threads were stopped: 0.0000340 seconds
2015-10-20T10:00:39.935+0800: 86650.732: Total time for which application threads were stopped: 0.0000280 seconds
2015-10-20T10:00:49.511+0800: 86660.308: Total time for which application threads were stopped: 0.0011230 seconds
2015-10-20T10:01:10.541+0800: 86681.338: Total time for which application threads were stopped: 0.0017230 seconds
2015-10-20T10:01:13.554+0800: 86684.350: Total time for which application threads were stopped: 0.0019630 seconds
2015-10-20T10:01:21.549+0800: 86692.345: Total time for which application threads were stopped: 0.0006920 seconds
2015-10-20T10:01:21.556+0800: 86692.353: Total time for which application threads were stopped: 0.0000670 seconds
2015-10-20T10:01:21.556+0800: 86692.353: Total time for which application threads were stopped: 0.0000540 seconds
2015-10-20T10:01:21.563+0800: 86692.360: Total time for which application threads were stopped: 0.0000950 seconds
2015-10-20T10:01:21.563+0800: 86692.360: Total time for which application threads were stopped: 0.0000790 seconds
2015-10-20T10:01:24.477+0800: 86695.274: Total time for which application threads were stopped: 0.0007280 seconds
2015-10-20T10:01:24.478+0800: 86695.275: Total time for which application threads were stopped: 0.0000310 seconds
2015-10-20T10:01:34.928+0800: 86705.725: Total time for which application threads were stopped: 0.0008840 seconds
2015-10-20T10:02:12.664+0800: 86743.461: Total time for which application threads were stopped: 0.0015190 seconds
2015-10-20T10:02:17.664+0800: 86748.461: Total time for which application threads were stopped: 0.0013060 seconds
2015-10-20T10:02:21.564+0800: 86752.361: Total time for which application threads were stopped: 0.0012500 seconds
2015-10-20T10:02:28.849+0800: 86759.646: Total time for which application threads were stopped: 0.0008580 seconds
2015-10-20T10:02:28.851+0800: 86759.648: Total time for which application threads were stopped: 0.0000320 seconds
2015-10-20T10:02:28.853+0800: 86759.650: Total time for which application threads were stopped: 0.0000280 seconds
2015-10-20T10:02:30.444+0800: 86761.241: Total time for which application threads were stopped: 0.0008100 seconds
2015-10-20T10:02:30.446+0800: 86761.243: Total time for which application threads were stopped: 0.0001310 seconds
2015-10-20T10:02:32.495+0800: 86763.292: Total time for which application threads were stopped: 0.0006430 seconds
2015-10-20T10:02:32.495+0800: 86763.292: Total time for which application threads were stopped: 0.0000360 seconds
2015-10-20T10:02:32.499+0800: 86763.296: Total time for which application threads were stopped: 0.0000480 seconds
2015-10-20T10:02:32.499+0800: 86763.296: Total time for which application threads were stopped: 0.0000370 seconds
2015-10-20T10:02:42.666+0800: 86773.463: Total time for which application threads were stopped: 0.0009830 seconds
2015-10-20T10:03:32.501+0800: 86823.298: Total time for which application threads were stopped: 0.0012280 seconds
2015-10-20T10:05:27.917+0800: 86938.714: Total time for which application threads were stopped: 0.0006460 seconds
2015-10-20T10:05:27.919+0800: 86938.716: Total time for which application threads were stopped: 0.0000310 seconds
2015-10-20T10:05:27.922+0800: 86938.718: Total time for which application threads were stopped: 0.0000280 seconds
2015-10-20T10:05:29.552+0800: 86940.349: Total time for which application threads were stopped: 0.0008520 seconds
2015-10-20T10:05:29.554+0800: 86940.351: Total time for which application threads were stopped: 0.0000380 seconds
2015-10-20T10:05:40.143+0800: 86950.940: Total time for which application threads were stopped: 0.0007230 seconds
2015-10-20T10:05:57.911+0800: 86968.708: Total time for which application threads were stopped: 0.0013180 seconds
2015-10-20T10:06:22.527+0800: 86993.323: Total time for which application threads were stopped: 0.0008020 seconds
2015-10-20T10:06:22.529+0800: 86993.325: Total time for which application threads were stopped: 0.0000300 seconds
2015-10-20T10:06:22.531+0800: 86993.327: Total time for which application threads were stopped: 0.0000280 seconds
2015-10-20T10:06:24.170+0800: 86994.966: Total time for which application threads were stopped: 0.0007380 seconds
2015-10-20T10:06:24.172+0800: 86994.969: Total time for which application threads were stopped: 0.0000480 seconds
2015-10-20T10:07:12.251+0800: 87043.048: Total time for which application threads were stopped: 0.0007210 seconds
2015-10-20T10:07:12.253+0800: 87043.050: Total time for which application threads were stopped: 0.0000310 seconds
2015-10-20T10:07:12.255+0800: 87043.052: Total time for which application threads were stopped: 0.0000330 seconds
2015-10-20T10:07:13.977+0800: 87044.774: Total time for which application threads were stopped: 0.0007080 seconds
2015-10-20T10:07:13.979+0800: 87044.776: Total time for which application threads were stopped: 0.0000400 seconds
2015-10-20T10:07:25.866+0800: 87056.662: Total time for which application threads were stopped: 0.0005300 seconds
2015-10-20T10:07:25.870+0800: 87056.667: Total time for which application threads were stopped: 0.0000400 seconds
2015-10-20T10:07:47.250+0800: 87078.047: Total time for which application threads were stopped: 0.0008870 seconds
2015-10-20T10:08:30.651+0800: 87121.448: Total time for which application threads were stopped: 0.0005710 seconds
2015-10-20T10:08:30.654+0800: 87121.450: Total time for which application threads were stopped: 0.0000540 seconds
2015-10-20T10:08:30.656+0800: 87121.453: Total time for which application threads were stopped: 0.0001000 seconds
2015-10-20T10:08:32.313+0800: 87123.110: Total time for which application threads were stopped: 0.0004540 seconds
2015-10-20T10:08:32.315+0800: 87123.112: Total time for which application threads were stopped: 0.0000420 seconds
2015-10-20T10:08:32.319+0800: 87123.115: Total time for which application threads were stopped: 0.0000500 seconds
2015-10-20T10:08:32.372+0800: 87123.169: Total time for which application threads were stopped: 0.0000550 seconds
2015-10-20T10:08:32.426+0800: 87123.223: Total time for which application threads were stopped: 0.0001020 seconds
2015-10-20T10:08:32.434+0800: 87123.231: Total time for which application threads were stopped: 0.0000460 seconds
2015-10-20T10:08:32.437+0800: 87123.233: Total time for which application threads were stopped: 0.0000360 seconds
2015-10-20T10:08:32.437+0800: 87123.233: Total time for which application threads were stopped: 0.0000220 seconds
2015-10-20T10:08:32.437+0800: 87123.234: Total time for which application threads were stopped: 0.0000210 seconds
2015-10-20T10:08:32.437+0800: 87123.234: Total time for which application threads were stopped: 0.0000160 seconds
2015-10-20T10:08:32.437+0800: 87123.234: Total time for which application threads were stopped: 0.0000150 seconds
2015-10-20T10:08:37.088+0800: 87127.885: Total time for which application threads were stopped: 0.0004630 seconds
2015-10-20T10:08:37.089+0800: 87127.886: Total time for which application threads were stopped: 0.0000320 seconds
2015-10-20T10:08:37.089+0800: 87127.886: Total time for which application threads were stopped: 0.0000180 seconds
2015-10-20T10:08:37.089+0800: 87127.886: Total time for which application threads were stopped: 0.0000160 seconds
2015-10-20T10:08:37.089+0800: 87127.886: Total time for which application threads were stopped: 0.0000220 seconds
2015-10-20T10:09:03.256+0800: 87154.053: Total time for which application threads were stopped: 0.0003950 seconds
2015-10-20T10:09:03.258+0800: 87154.055: Total time for which application threads were stopped: 0.0000260 seconds
2015-10-20T10:09:03.259+0800: 87154.055: Total time for which application threads were stopped: 0.0000250 seconds
2015-10-20T10:09:03.259+0800: 87154.056: Total time for which application threads were stopped: 0.0000410 seconds
2015-10-20T10:09:03.260+0800: 87154.057: Total time for which application threads were stopped: 0.0000310 seconds
2015-10-20T10:09:04.920+0800: 87155.717: Total time for which application threads were stopped: 0.0006060 seconds
2015-10-20T10:09:04.923+0800: 87155.720: Total time for which application threads were stopped: 0.0000410 seconds
2015-10-20T10:09:04.927+0800: 87155.724: Total time for which application threads were stopped: 0.0000520 seconds
2015-10-20T10:09:04.928+0800: 87155.725: Total time for which application threads were stopped: 0.0000460 seconds
2015-10-20T10:09:04.937+0800: 87155.734: Total time for which application threads were stopped: 0.0000620 seconds
2015-10-20T10:09:04.946+0800: 87155.743: Total time for which application threads were stopped: 0.0000590 seconds
2015-10-20T10:09:04.946+0800: 87155.743: Total time for which application threads were stopped: 0.0000190 seconds
2015-10-20T10:09:04.947+0800: 87155.743: Total time for which application threads were stopped: 0.0000170 seconds
2015-10-20T10:09:04.947+0800: 87155.743: Total time for which application threads were stopped: 0.0000300 seconds
2015-10-20T10:21:32.317+0800: 87903.114: Total time for which application threads were stopped: 0.0003750 seconds
2015-10-20T10:21:32.319+0800: 87903.116: Total time for which application threads were stopped: 0.0000350 seconds
2015-10-20T10:21:32.321+0800: 87903.118: Total time for which application threads were stopped: 0.0000340 seconds
2015-10-20T10:21:32.322+0800: 87903.119: Total time for which application threads were stopped: 0.0000260 seconds
2015-10-20T10:21:32.322+0800: 87903.119: Total time for which application threads were stopped: 0.0000190 seconds
2015-10-20T10:21:32.323+0800: 87903.119: Total time for which application threads were stopped: 0.0000210 seconds
2015-10-20T10:21:34.012+0800: 87904.809: Total time for which application threads were stopped: 0.0005370 seconds
2015-10-20T10:21:34.014+0800: 87904.811: Total time for which application threads were stopped: 0.0000510 seconds
2015-10-20T10:21:34.018+0800: 87904.815: Total time for which application threads were stopped: 0.0000560 seconds
2015-10-20T10:21:34.054+0800: 87904.850: Total time for which application threads were stopped: 0.0001240 seconds
2015-10-20T10:21:34.062+0800: 87904.859: Total time for which application threads were stopped: 0.0000550 seconds
2015-10-20T10:21:34.062+0800: 87904.859: Total time for which application threads were stopped: 0.0000260 seconds
2015-10-20T10:21:34.062+0800: 87904.859: Total time for which application threads were stopped: 0.0000180 seconds
2015-10-20T10:21:34.062+0800: 87904.859: Total time for which application threads were stopped: 0.0000280 seconds
2015-10-20T10:21:36.151+0800: 87906.948: Total time for which application threads were stopped: 0.0004860 seconds
2015-10-20T10:21:36.153+0800: 87906.949: Total time for which application threads were stopped: 0.0000450 seconds
2015-10-20T10:21:37.156+0800: 87907.953: Total time for which application threads were stopped: 0.0009040 seconds
2015-10-20T10:22:04.228+0800: 87935.025: Total time for which application threads were stopped: 0.0005650 seconds
2015-10-20T10:22:04.230+0800: 87935.027: Total time for which application threads were stopped: 0.0000380 seconds
2015-10-20T10:22:04.230+0800: 87935.027: Total time for which application threads were stopped: 0.0000370 seconds
2015-10-20T10:22:04.231+0800: 87935.028: Total time for which application threads were stopped: 0.0000350 seconds
2015-10-20T10:22:04.232+0800: 87935.029: Total time for which application threads were stopped: 0.0000350 seconds
2015-10-20T10:22:04.233+0800: 87935.030: Total time for which application threads were stopped: 0.0000350 seconds
2015-10-20T10:23:58.714+0800: 88049.511: Total time for which application threads were stopped: 0.0003930 seconds
2015-10-20T10:23:58.716+0800: 88049.513: Total time for which application threads were stopped: 0.0000360 seconds
2015-10-20T10:23:58.718+0800: 88049.515: Total time for which application threads were stopped: 0.0000350 seconds
2015-10-20T10:24:00.243+0800: 88051.040: Total time for which application threads were stopped: 0.0005820 seconds
2015-10-20T10:24:00.245+0800: 88051.042: Total time for which application threads were stopped: 0.0000520 seconds
2015-10-20T10:24:00.249+0800: 88051.046: Total time for which application threads were stopped: 0.0000520 seconds
2015-10-20T10:24:00.259+0800: 88051.055: Total time for which application threads were stopped: 0.0001010 seconds
2015-10-20T10:24:00.269+0800: 88051.065: Total time for which application threads were stopped: 0.0000590 seconds
2015-10-20T10:24:00.269+0800: 88051.066: Total time for which application threads were stopped: 0.0001060 seconds
2015-10-20T10:25:35.523+0800: 88146.320: Total time for which application threads were stopped: 0.0003500 seconds
2015-10-20T10:25:35.526+0800: 88146.322: Total time for which application threads were stopped: 0.0000400 seconds
2015-10-20T10:25:35.526+0800: 88146.323: Total time for which application threads were stopped: 0.0000460 seconds
2015-10-20T10:25:35.527+0800: 88146.324: Total time for which application threads were stopped: 0.0000300 seconds
2015-10-20T10:25:35.528+0800: 88146.325: Total time for which application threads were stopped: 0.0000350 seconds
2015-10-20T10:25:35.529+0800: 88146.326: Total time for which application threads were stopped: 0.0000300 seconds
2015-10-20T10:25:35.529+0800: 88146.326: Total time for which application threads were stopped: 0.0000200 seconds
2015-10-20T10:25:35.529+0800: 88146.326: Total time for which application threads were stopped: 0.0000200 seconds
2015-10-20T10:25:37.186+0800: 88147.983: Total time for which application threads were stopped: 0.0003440 seconds
2015-10-20T10:25:37.188+0800: 88147.985: Total time for which application threads were stopped: 0.0000510 seconds
2015-10-20T10:25:37.192+0800: 88147.989: Total time for which application threads were stopped: 0.0000550 seconds
2015-10-20T10:25:37.194+0800: 88147.991: Total time for which application threads were stopped: 0.0000400 seconds
2015-10-20T10:25:37.201+0800: 88147.997: Total time for which application threads were stopped: 0.0000390 seconds
2015-10-20T10:26:09.120+0800: 88179.917: Total time for which application threads were stopped: 0.0004750 seconds
2015-10-20T10:26:09.123+0800: 88179.919: Total time for which application threads were stopped: 0.0000390 seconds
2015-10-20T10:26:09.124+0800: 88179.921: Total time for which application threads were stopped: 0.0000310 seconds
2015-10-20T10:26:09.125+0800: 88179.922: Total time for which application threads were stopped: 0.0000270 seconds
2015-10-20T10:26:09.126+0800: 88179.923: Total time for which application threads were stopped: 0.0000260 seconds
2015-10-20T10:26:09.126+0800: 88179.923: Total time for which application threads were stopped: 0.0000200 seconds
2015-10-20T10:26:09.127+0800: 88179.924: Total time for which application threads were stopped: 0.0000210 seconds
2015-10-20T10:28:56.175+0800: 88346.972: Total time for which application threads were stopped: 0.0004790 seconds
2015-10-20T10:28:56.178+0800: 88346.974: Total time for which application threads were stopped: 0.0000430 seconds
2015-10-20T10:28:56.180+0800: 88346.976: Total time for which application threads were stopped: 0.0000370 seconds
2015-10-20T10:29:31.008+0800: 88381.805: Total time for which application threads were stopped: 0.0009440 seconds
2015-10-20T10:29:31.010+0800: 88381.807: Total time for which application threads were stopped: 0.0000430 seconds
2015-10-20T10:30:38.330+0800: 88449.126: Total time for which application threads were stopped: 0.0004330 seconds
2015-10-20T10:30:38.332+0800: 88449.129: Total time for which application threads were stopped: 0.0000370 seconds
2015-10-20T10:30:38.334+0800: 88449.130: Total time for which application threads were stopped: 0.0000330 seconds
2015-10-20T10:30:41.151+0800: 88451.948: Total time for which application threads were stopped: 0.0003730 seconds
2015-10-20T10:30:41.153+0800: 88451.950: Total time for which application threads were stopped: 0.0000400 seconds
2015-10-20T10:30:55.879+0800: 88466.676: Total time for which application threads were stopped: 0.0004550 seconds
2015-10-20T10:30:55.881+0800: 88466.678: Total time for which application threads were stopped: 0.0000470 seconds
2015-10-20T10:30:55.883+0800: 88466.680: Total time for which application threads were stopped: 0.0000460 seconds
2015-10-20T10:30:58.697+0800: 88469.494: Total time for which application threads were stopped: 0.0005240 seconds
2015-10-20T10:30:58.700+0800: 88469.497: Total time for which application threads were stopped: 0.0000420 seconds
2015-10-20T10:31:21.102+0800: 88491.899: Total time for which application threads were stopped: 0.0003940 seconds
2015-10-20T10:31:21.104+0800: 88491.901: Total time for which application threads were stopped: 0.0000330 seconds
2015-10-20T10:31:21.106+0800: 88491.903: Total time for which application threads were stopped: 0.0000420 seconds
2015-10-20T10:31:23.897+0800: 88494.694: Total time for which application threads were stopped: 0.0003540 seconds
2015-10-20T10:31:23.899+0800: 88494.696: Total time for which application threads were stopped: 0.0000530 seconds
2015-10-20T10:31:46.942+0800: 88517.739: Total time for which application threads were stopped: 0.0004660 seconds
2015-10-20T10:31:46.944+0800: 88517.741: Total time for which application threads were stopped: 0.0000460 seconds
2015-10-20T10:31:46.946+0800: 88517.743: Total time for which application threads were stopped: 0.0000440 seconds
2015-10-20T10:31:49.741+0800: 88520.538: Total time for which application threads were stopped: 0.0008980 seconds
2015-10-20T10:31:49.743+0800: 88520.540: Total time for which application threads were stopped: 0.0000440 seconds
2015-10-20T10:35:30.720+0800: 88741.517: Total time for which application threads were stopped: 0.0003310 seconds
2015-10-20T10:35:30.722+0800: 88741.519: Total time for which application threads were stopped: 0.0000500 seconds
2015-10-20T10:35:30.725+0800: 88741.521: Total time for which application threads were stopped: 0.0000400 seconds
2015-10-20T10:35:33.642+0800: 88744.439: Total time for which application threads were stopped: 0.0004450 seconds
2015-10-20T10:35:33.644+0800: 88744.441: Total time for which application threads were stopped: 0.0000400 seconds
2015-10-20T10:36:11.677+0800: 88782.474: Total time for which application threads were stopped: 0.0001700 seconds
2015-10-20T10:36:11.680+0800: 88782.476: Total time for which application threads were stopped: 0.0000370 seconds
2015-10-20T10:36:11.682+0800: 88782.479: Total time for which application threads were stopped: 0.0000370 seconds
2015-10-20T10:36:14.484+0800: 88785.281: Total time for which application threads were stopped: 0.0001700 seconds
2015-10-20T10:36:14.487+0800: 88785.283: Total time for which application threads were stopped: 0.0001280 seconds
2015-10-20T10:36:14.491+0800: 88785.288: Total time for which application threads were stopped: 0.0000520 seconds
2015-10-20T10:37:04.014+0800: 88834.811: Total time for which application threads were stopped: 0.0001210 seconds
2015-10-20T10:37:06.895+0800: 88837.691: Total time for which application threads were stopped: 0.0001280 seconds
2015-10-20T10:37:06.904+0800: 88837.701: Total time for which application threads were stopped: 0.0000490 seconds
2015-10-20T10:37:06.904+0800: 88837.701: Total time for which application threads were stopped: 0.0000390 seconds
2015-10-20T10:37:06.904+0800: 88837.701: Total time for which application threads were stopped: 0.0000300 seconds
2015-10-20T10:37:06.904+0800: 88837.701: Total time for which application threads were stopped: 0.0000300 seconds
2015-10-20T10:37:29.024+0800: 88859.821: Total time for which application threads were stopped: 0.0002140 seconds
2015-10-20T10:41:42.584+0800: 89113.380: Total time for which application threads were stopped: 0.0001220 seconds
2015-10-20T10:41:42.586+0800: 89113.382: Total time for which application threads were stopped: 0.0000350 seconds
2015-10-20T10:41:42.586+0800: 89113.383: Total time for which application threads were stopped: 0.0000290 seconds
2015-10-20T10:41:42.586+0800: 89113.383: Total time for which application threads were stopped: 0.0000220 seconds
2015-10-20T10:41:42.588+0800: 89113.384: Total time for which application threads were stopped: 0.0000240 seconds
2015-10-20T10:41:42.588+0800: 89113.385: Total time for which application threads were stopped: 0.0000310 seconds
2015-10-20T10:41:45.369+0800: 89116.165: Total time for which application threads were stopped: 0.0001230 seconds
2015-10-20T10:41:45.370+0800: 89116.167: Total time for which application threads were stopped: 0.0000360 seconds
2015-10-20T10:41:57.677+0800: 89128.474: Total time for which application threads were stopped: 0.0001330 seconds
2015-10-20T10:41:57.680+0800: 89128.477: Total time for which application threads were stopped: 0.0000640 seconds
2015-10-20T10:41:57.682+0800: 89128.479: Total time for which application threads were stopped: 0.0000370 seconds
2015-10-20T10:41:58.599+0800: 89129.396: Total time for which application threads were stopped: 0.0001220 seconds
2015-10-20T10:41:58.600+0800: 89129.397: Total time for which application threads were stopped: 0.0000300 seconds
2015-10-20T10:41:58.602+0800: 89129.399: Total time for which application threads were stopped: 0.0000270 seconds
2015-10-20T10:42:00.465+0800: 89131.262: Total time for which application threads were stopped: 0.0001740 seconds
2015-10-20T10:42:00.468+0800: 89131.265: Total time for which application threads were stopped: 0.0000420 seconds
2015-10-20T10:42:01.405+0800: 89132.202: Total time for which application threads were stopped: 0.0001740 seconds
2015-10-20T10:42:01.408+0800: 89132.205: Total time for which application threads were stopped: 0.0000510 seconds
2015-10-20T10:44:13.352+0800: 89264.149: Total time for which application threads were stopped: 0.0001190 seconds
2015-10-20T10:44:13.354+0800: 89264.151: Total time for which application threads were stopped: 0.0000280 seconds
2015-10-20T10:44:13.356+0800: 89264.153: Total time for which application threads were stopped: 0.0000380 seconds
2015-10-20T10:44:16.116+0800: 89266.913: Total time for which application threads were stopped: 0.0002980 seconds
2015-10-20T10:44:16.118+0800: 89266.915: Total time for which application threads were stopped: 0.0000420 seconds
2015-10-20T10:44:57.734+0800: 89308.531: Total time for which application threads were stopped: 0.0001260 seconds
2015-10-20T10:44:57.736+0800: 89308.532: Total time for which application threads were stopped: 0.0000270 seconds
2015-10-20T10:44:57.738+0800: 89308.534: Total time for which application threads were stopped: 0.0000270 seconds
2015-10-20T10:45:00.516+0800: 89311.313: Total time for which application threads were stopped: 0.0001410 seconds
2015-10-20T10:45:00.518+0800: 89311.315: Total time for which application threads were stopped: 0.0000750 seconds
2015-10-20T10:46:09.374+0800: 89380.171: Total time for which application threads were stopped: 0.0001160 seconds
2015-10-20T10:46:09.376+0800: 89380.173: Total time for which application threads were stopped: 0.0000430 seconds
2015-10-20T10:46:09.378+0800: 89380.175: Total time for which application threads were stopped: 0.0000410 seconds
2015-10-20T10:46:12.460+0800: 89383.257: Total time for which application threads were stopped: 0.0001390 seconds
2015-10-20T10:46:12.462+0800: 89383.259: Total time for which application threads were stopped: 0.0000390 seconds
2015-10-20T10:47:01.044+0800: 89431.841: Total time for which application threads were stopped: 0.0001410 seconds
2015-10-20T10:47:11.251+0800: 89442.048: Total time for which application threads were stopped: 0.0001370 seconds
2015-10-20T13:12:33.770+0800: 98164.567: Total time for which application threads were stopped: 0.0002090 seconds
2015-10-20T13:12:33.782+0800: 98164.579: Total time for which application threads were stopped: 0.0000610 seconds
2015-10-20T13:12:33.856+0800: 98164.653: Total time for which application threads were stopped: 0.0000640 seconds
2015-10-20T13:12:33.858+0800: 98164.655: Total time for which application threads were stopped: 0.0000710 seconds
2015-10-20T13:12:33.858+0800: 98164.655: Total time for which application threads were stopped: 0.0000440 seconds
2015-10-20T13:12:33.863+0800: 98164.660: Total time for which application threads were stopped: 0.0000600 seconds
2015-10-20T13:12:33.864+0800: 98164.661: Total time for which application threads were stopped: 0.0000540 seconds
2015-10-20T13:12:33.864+0800: 98164.661: Total time for which application threads were stopped: 0.0000630 seconds
2015-10-20T13:13:33.865+0800: 98224.661: Total time for which application threads were stopped: 0.0001270 seconds
2015-10-21T10:09:21.773+0800: 173572.570: Total time for which application threads were stopped: 0.0028240 seconds
2015-10-21T10:09:21.782+0800: 173572.579: Total time for which application threads were stopped: 0.0000570 seconds
2015-10-21T10:09:21.794+0800: 173572.591: Total time for which application threads were stopped: 0.0001010 seconds
2015-10-21T10:09:25.223+0800: 173576.020: Total time for which application threads were stopped: 0.0019400 seconds
2015-10-21T10:09:25.227+0800: 173576.024: Total time for which application threads were stopped: 0.0000640 seconds
2015-10-21T10:09:56.744+0800: 173607.540: Total time for which application threads were stopped: 0.0026400 seconds
2015-10-21T10:10:44.479+0800: 173655.276: Total time for which application threads were stopped: 0.0014830 seconds
2015-10-21T10:10:44.480+0800: 173655.276: Total time for which application threads were stopped: 0.0000500 seconds
2015-10-21T10:11:34.011+0800: 173704.808: Total time for which application threads were stopped: 0.0010630 seconds
2015-10-21T10:11:34.031+0800: 173704.827: Total time for which application threads were stopped: 0.0000750 seconds
2015-10-21T10:11:34.047+0800: 173704.844: Total time for which application threads were stopped: 0.0000690 seconds
2015-10-21T10:11:34.048+0800: 173704.844: Total time for which application threads were stopped: 0.0000370 seconds
2015-10-21T10:11:34.048+0800: 173704.844: Total time for which application threads were stopped: 0.0000410 seconds
2015-10-21T10:11:34.048+0800: 173704.845: Total time for which application threads were stopped: 0.0000250 seconds
2015-10-21T10:11:53.659+0800: 173724.456: Total time for which application threads were stopped: 0.0010850 seconds
2015-10-21T10:11:53.659+0800: 173724.456: Total time for which application threads were stopped: 0.0000320 seconds
2015-10-21T10:11:53.671+0800: 173724.468: Total time for which application threads were stopped: 0.0006540 seconds
2015-10-21T10:11:53.682+0800: 173724.479: Total time for which application threads were stopped: 0.0003550 seconds
2015-10-21T10:11:53.683+0800: 173724.479: Total time for which application threads were stopped: 0.0000540 seconds
2015-10-21T10:11:53.683+0800: 173724.479: Total time for which application threads were stopped: 0.0000310 seconds
2015-10-21T10:11:53.683+0800: 173724.479: Total time for which application threads were stopped: 0.0000250 seconds
2015-10-21T10:11:53.683+0800: 173724.480: Total time for which application threads were stopped: 0.0000370 seconds
2015-10-21T10:11:56.878+0800: 173727.675: Total time for which application threads were stopped: 0.0009660 seconds
2015-10-21T10:11:56.878+0800: 173727.675: Total time for which application threads were stopped: 0.0000480 seconds
2015-10-21T10:12:13.450+0800: 173744.247: Total time for which application threads were stopped: 0.0008500 seconds
2015-10-21T10:12:13.452+0800: 173744.249: Total time for which application threads were stopped: 0.0000310 seconds
2015-10-21T10:12:13.452+0800: 173744.249: Total time for which application threads were stopped: 0.0000250 seconds
2015-10-21T10:12:13.453+0800: 173744.249: Total time for which application threads were stopped: 0.0000370 seconds
2015-10-21T10:12:13.454+0800: 173744.251: Total time for which application threads were stopped: 0.0000520 seconds
2015-10-21T10:12:13.455+0800: 173744.252: Total time for which application threads were stopped: 0.0000260 seconds
2015-10-21T10:12:16.590+0800: 173747.387: Total time for which application threads were stopped: 0.0010730 seconds
2015-10-21T10:12:16.592+0800: 173747.389: Total time for which application threads were stopped: 0.0000400 seconds
2015-10-21T10:12:26.633+0800: 173757.430: Total time for which application threads were stopped: 0.0007510 seconds
2015-10-21T10:12:26.646+0800: 173757.443: Total time for which application threads were stopped: 0.0000550 seconds
2015-10-21T10:12:26.648+0800: 173757.445: Total time for which application threads were stopped: 0.0008850 seconds
2015-10-21T10:12:26.648+0800: 173757.445: Total time for which application threads were stopped: 0.0000400 seconds
2015-10-21T10:12:26.648+0800: 173757.445: Total time for which application threads were stopped: 0.0000450 seconds
2015-10-21T10:12:26.648+0800: 173757.445: Total time for which application threads were stopped: 0.0000410 seconds
2015-10-21T10:12:26.648+0800: 173757.445: Total time for which application threads were stopped: 0.0000330 seconds
2015-10-21T10:12:45.621+0800: 173776.418: Total time for which application threads were stopped: 0.0008950 seconds
2015-10-21T10:12:45.622+0800: 173776.418: Total time for which application threads were stopped: 0.0000340 seconds
2015-10-21T10:12:45.632+0800: 173776.429: Total time for which application threads were stopped: 0.0000590 seconds
2015-10-21T10:12:45.641+0800: 173776.438: Total time for which application threads were stopped: 0.0000520 seconds
2015-10-21T10:12:45.641+0800: 173776.438: Total time for which application threads were stopped: 0.0000340 seconds
2015-10-21T10:12:45.642+0800: 173776.439: Total time for which application threads were stopped: 0.0000300 seconds
2015-10-21T10:12:45.642+0800: 173776.439: Total time for which application threads were stopped: 0.0000190 seconds
2015-10-21T10:12:45.642+0800: 173776.439: Total time for which application threads were stopped: 0.0000190 seconds
2015-10-21T10:12:45.642+0800: 173776.439: Total time for which application threads were stopped: 0.0000970 seconds
2015-10-21T10:12:48.293+0800: 173779.090: Total time for which application threads were stopped: 0.0007770 seconds
2015-10-21T10:12:48.293+0800: 173779.090: Total time for which application threads were stopped: 0.0000270 seconds
2015-10-21T10:12:48.295+0800: 173779.092: Total time for which application threads were stopped: 0.0000480 seconds
2015-10-21T10:12:48.298+0800: 173779.094: Total time for which application threads were stopped: 0.0000730 seconds
2015-10-21T10:12:48.298+0800: 173779.094: Total time for which application threads were stopped: 0.0000520 seconds
2015-10-21T10:12:49.746+0800: 173780.542: Total time for which application threads were stopped: 0.0006900 seconds
2015-10-21T10:12:56.652+0800: 173787.449: Total time for which application threads were stopped: 0.0010170 seconds
2015-10-21T10:12:56.652+0800: 173787.449: Total time for which application threads were stopped: 0.0000390 seconds
2015-10-21T10:12:56.654+0800: 173787.450: Total time for which application threads were stopped: 0.0000950 seconds
{Heap before GC invocations=22 (full 0):
 par new generation   total 109248K, used 102301K [0x00000007dae00000, 0x00000007e2e00000, 0x00000007e2e00000)
  eden space 87424K, 100% used [0x00000007dae00000, 0x00000007e0360000, 0x00000007e0360000)
  from space 21824K,  68% used [0x00000007e0360000, 0x00000007e11e7778, 0x00000007e18b0000)
  to   space 21824K,   0% used [0x00000007e18b0000, 0x00000007e18b0000, 0x00000007e2e00000)
 concurrent mark-sweep generation total 393216K, used 23986K [0x00000007e2e00000, 0x00000007fae00000, 0x00000007fae00000)
 concurrent-mark-sweep perm gen total 31040K, used 30942K [0x00000007fae00000, 0x00000007fcc50000, 0x0000000800000000)
2015-10-21T10:12:56.662+0800: 173787.459: [GC2015-10-21T10:12:56.663+0800: 173787.460: [ParNew
Desired survivor size 20112992 bytes, new threshold 8 (max 8)
- age   1:    8570488 bytes,    8570488 total
- age   2:    2875848 bytes,   11446336 total
- age   3:     113672 bytes,   11560008 total
- age   4:    2664488 bytes,   14224496 total
- age   5:    5211912 bytes,   19436408 total
- age   6:     401808 bytes,   19838216 total
- age   7:     103688 bytes,   19941904 total
- age   8:     120752 bytes,   20062656 total
: 102301K->21824K(109248K), 0.0793400 secs] 126288K->45986K(502464K), 0.0799420 secs] [Times: user=0.04 sys=0.12, real=0.08 secs] 
Heap after GC invocations=23 (full 0):
 par new generation   total 109248K, used 21824K [0x00000007dae00000, 0x00000007e2e00000, 0x00000007e2e00000)
  eden space 87424K,   0% used [0x00000007dae00000, 0x00000007dae00000, 0x00000007e0360000)
  from space 21824K, 100% used [0x00000007e18b0000, 0x00000007e2e00000, 0x00000007e2e00000)
  to   space 21824K,   0% used [0x00000007e0360000, 0x00000007e0360000, 0x00000007e18b0000)
 concurrent mark-sweep generation total 393216K, used 24162K [0x00000007e2e00000, 0x00000007fae00000, 0x00000007fae00000)
 concurrent-mark-sweep perm gen total 31040K, used 30942K [0x00000007fae00000, 0x00000007fcc50000, 0x0000000800000000)
}
2015-10-21T10:12:56.742+0800: 173787.539: Total time for which application threads were stopped: 0.0801700 seconds
2015-10-21T10:12:56.744+0800: 173787.540: Total time for which application threads were stopped: 0.0000510 seconds
2015-10-21T10:12:56.752+0800: 173787.548: Total time for which application threads were stopped: 0.0000650 seconds
2015-10-21T10:12:56.752+0800: 173787.549: Total time for which application threads were stopped: 0.0000190 seconds
2015-10-21T10:14:02.377+0800: 173853.174: Total time for which application threads were stopped: 0.0006110 seconds
2015-10-21T10:14:02.379+0800: 173853.176: Total time for which application threads were stopped: 0.0000370 seconds
2015-10-21T10:14:02.380+0800: 173853.177: Total time for which application threads were stopped: 0.0000370 seconds
2015-10-21T10:14:02.380+0800: 173853.177: Total time for which application threads were stopped: 0.0001090 seconds
2015-10-21T10:14:02.382+0800: 173853.178: Total time for which application threads were stopped: 0.0000340 seconds
2015-10-21T10:14:02.382+0800: 173853.179: Total time for which application threads were stopped: 0.0000270 seconds
2015-10-21T10:14:02.383+0800: 173853.180: Total time for which application threads were stopped: 0.0000220 seconds
2015-10-21T10:14:05.464+0800: 173856.260: Total time for which application threads were stopped: 0.0005380 seconds
2015-10-21T10:14:05.466+0800: 173856.262: Total time for which application threads were stopped: 0.0000380 seconds
2015-10-21T10:14:05.468+0800: 173856.265: Total time for which application threads were stopped: 0.0000420 seconds
2015-10-21T10:14:05.487+0800: 173856.284: Total time for which application threads were stopped: 0.0000750 seconds
2015-10-21T10:14:05.487+0800: 173856.284: Total time for which application threads were stopped: 0.0000540 seconds
2015-10-21T10:14:05.488+0800: 173856.284: Total time for which application threads were stopped: 0.0000380 seconds
2015-10-21T10:14:05.488+0800: 173856.285: Total time for which application threads were stopped: 0.0000490 seconds
2015-10-21T10:14:05.488+0800: 173856.285: Total time for which application threads were stopped: 0.0000510 seconds
2015-10-21T10:14:05.488+0800: 173856.285: Total time for which application threads were stopped: 0.0000410 seconds
2015-10-21T10:14:48.352+0800: 173899.149: Total time for which application threads were stopped: 0.0007020 seconds
2015-10-21T10:14:48.354+0800: 173899.151: Total time for which application threads were stopped: 0.0000520 seconds
2015-10-21T10:14:48.355+0800: 173899.152: Total time for which application threads were stopped: 0.0000270 seconds
2015-10-21T10:14:48.357+0800: 173899.154: Total time for which application threads were stopped: 0.0000420 seconds
2015-10-21T10:14:48.357+0800: 173899.154: Total time for which application threads were stopped: 0.0000220 seconds
2015-10-21T10:14:48.357+0800: 173899.154: Total time for which application threads were stopped: 0.0000290 seconds
2015-10-21T10:14:48.358+0800: 173899.155: Total time for which application threads were stopped: 0.0000200 seconds
2015-10-21T10:14:51.409+0800: 173902.206: Total time for which application threads were stopped: 0.0006640 seconds
2015-10-21T10:14:51.411+0800: 173902.208: Total time for which application threads were stopped: 0.0000380 seconds
2015-10-21T10:15:14.687+0800: 173925.484: Total time for which application threads were stopped: 0.0006720 seconds
2015-10-21T10:15:14.689+0800: 173925.486: Total time for which application threads were stopped: 0.0001190 seconds
2015-10-21T10:15:14.691+0800: 173925.488: Total time for which application threads were stopped: 0.0000370 seconds
2015-10-21T10:15:17.812+0800: 173928.608: Total time for which application threads were stopped: 0.0006140 seconds
2015-10-21T10:15:17.814+0800: 173928.611: Total time for which application threads were stopped: 0.0000400 seconds
2015-10-21T10:15:35.196+0800: 173945.992: Total time for which application threads were stopped: 0.0006800 seconds
2015-10-21T10:15:35.197+0800: 173945.994: Total time for which application threads were stopped: 0.0000350 seconds
2015-10-21T10:15:35.199+0800: 173945.996: Total time for which application threads were stopped: 0.0000360 seconds
2015-10-21T10:15:38.302+0800: 173949.098: Total time for which application threads were stopped: 0.0008580 seconds
2015-10-21T10:15:38.304+0800: 173949.101: Total time for which application threads were stopped: 0.0000430 seconds
2015-10-21T10:16:07.710+0800: 173978.506: Total time for which application threads were stopped: 0.0004790 seconds
2015-10-21T10:16:07.712+0800: 173978.509: Total time for which application threads were stopped: 0.0000500 seconds
2015-10-21T10:16:07.714+0800: 173978.511: Total time for which application threads were stopped: 0.0000480 seconds
2015-10-21T10:16:10.785+0800: 173981.582: Total time for which application threads were stopped: 0.0006820 seconds
2015-10-21T10:16:10.788+0800: 173981.584: Total time for which application threads were stopped: 0.0000390 seconds
2015-10-21T10:16:39.897+0800: 174010.694: Total time for which application threads were stopped: 0.0004040 seconds
2015-10-21T10:16:39.900+0800: 174010.697: Total time for which application threads were stopped: 0.0000640 seconds
2015-10-21T10:16:39.902+0800: 174010.699: Total time for which application threads were stopped: 0.0000450 seconds
2015-10-21T10:16:42.929+0800: 174013.726: Total time for which application threads were stopped: 0.0005210 seconds
2015-10-21T10:16:42.931+0800: 174013.728: Total time for which application threads were stopped: 0.0000530 seconds
2015-10-21T10:22:46.480+0800: 174377.277: Total time for which application threads were stopped: 0.0005390 seconds
2015-10-21T10:22:46.482+0800: 174377.279: Total time for which application threads were stopped: 0.0000370 seconds
2015-10-21T10:22:46.485+0800: 174377.281: Total time for which application threads were stopped: 0.0000370 seconds
2015-10-21T10:22:49.595+0800: 174380.392: Total time for which application threads were stopped: 0.0005690 seconds
2015-10-21T10:22:49.598+0800: 174380.394: Total time for which application threads were stopped: 0.0000390 seconds
2015-10-21T10:23:03.667+0800: 174394.464: Total time for which application threads were stopped: 0.0005640 seconds
2015-10-21T10:23:03.670+0800: 174394.466: Total time for which application threads were stopped: 0.0000510 seconds
2015-10-21T10:23:03.672+0800: 174394.468: Total time for which application threads were stopped: 0.0000330 seconds
2015-10-21T10:23:06.702+0800: 174397.498: Total time for which application threads were stopped: 0.0005890 seconds
2015-10-21T10:23:06.704+0800: 174397.501: Total time for which application threads were stopped: 0.0001240 seconds
2015-10-21T10:23:24.286+0800: 174415.083: Total time for which application threads were stopped: 0.0003740 seconds
2015-10-21T10:23:24.305+0800: 174415.101: Total time for which application threads were stopped: 0.0000600 seconds
2015-10-21T10:23:24.305+0800: 174415.102: Total time for which application threads were stopped: 0.0000260 seconds
2015-10-21T10:23:24.305+0800: 174415.102: Total time for which application threads were stopped: 0.0000330 seconds
2015-10-21T10:23:24.305+0800: 174415.102: Total time for which application threads were stopped: 0.0000320 seconds
2015-10-21T10:23:24.305+0800: 174415.102: Total time for which application threads were stopped: 0.0000240 seconds
2015-10-21T10:23:24.305+0800: 174415.102: Total time for which application threads were stopped: 0.0000230 seconds
2015-10-21T10:23:41.347+0800: 174432.143: Total time for which application threads were stopped: 0.0004960 seconds
2015-10-21T10:23:41.349+0800: 174432.146: Total time for which application threads were stopped: 0.0000400 seconds
2015-10-21T10:23:41.350+0800: 174432.147: Total time for which application threads were stopped: 0.0000280 seconds
2015-10-21T10:23:41.351+0800: 174432.148: Total time for which application threads were stopped: 0.0000250 seconds
2015-10-21T10:23:41.351+0800: 174432.148: Total time for which application threads were stopped: 0.0000240 seconds
2015-10-21T10:23:41.352+0800: 174432.148: Total time for which application threads were stopped: 0.0000200 seconds
2015-10-21T10:23:41.352+0800: 174432.149: Total time for which application threads were stopped: 0.0000250 seconds
2015-10-21T10:23:44.442+0800: 174435.239: Total time for which application threads were stopped: 0.0004930 seconds
2015-10-21T10:23:44.444+0800: 174435.241: Total time for which application threads were stopped: 0.0000370 seconds
2015-10-21T10:24:25.820+0800: 174476.616: Total time for which application threads were stopped: 0.0004690 seconds
2015-10-21T10:24:25.822+0800: 174476.618: Total time for which application threads were stopped: 0.0000430 seconds
2015-10-21T10:24:25.824+0800: 174476.620: Total time for which application threads were stopped: 0.0000330 seconds
2015-10-21T10:24:28.913+0800: 174479.710: Total time for which application threads were stopped: 0.0004450 seconds
2015-10-21T10:24:28.915+0800: 174479.712: Total time for which application threads were stopped: 0.0000400 seconds
2015-10-21T10:24:28.919+0800: 174479.716: Total time for which application threads were stopped: 0.0000470 seconds
2015-10-21T10:24:28.927+0800: 174479.724: Total time for which application threads were stopped: 0.0000570 seconds
2015-10-21T10:24:28.937+0800: 174479.734: Total time for which application threads were stopped: 0.0000740 seconds
2015-10-21T10:24:28.937+0800: 174479.734: Total time for which application threads were stopped: 0.0000360 seconds
2015-10-21T10:24:28.938+0800: 174479.734: Total time for which application threads were stopped: 0.0000270 seconds
2015-10-21T10:24:28.938+0800: 174479.734: Total time for which application threads were stopped: 0.0000180 seconds
2015-10-21T10:24:28.938+0800: 174479.734: Total time for which application threads were stopped: 0.0000180 seconds
2015-10-21T10:24:28.938+0800: 174479.735: Total time for which application threads were stopped: 0.0000230 seconds
2015-10-21T10:24:37.720+0800: 174488.517: Total time for which application threads were stopped: 0.0004240 seconds
2015-10-21T10:24:37.721+0800: 174488.518: Total time for which application threads were stopped: 0.0000260 seconds
2015-10-21T10:24:37.721+0800: 174488.518: Total time for which application threads were stopped: 0.0000200 seconds
2015-10-21T10:25:34.970+0800: 174545.767: Total time for which application threads were stopped: 0.0005330 seconds
2015-10-21T10:25:34.972+0800: 174545.769: Total time for which application threads were stopped: 0.0000550 seconds
2015-10-21T10:25:34.973+0800: 174545.770: Total time for which application threads were stopped: 0.0000670 seconds
2015-10-21T10:25:34.973+0800: 174545.770: Total time for which application threads were stopped: 0.0000300 seconds
2015-10-21T10:25:34.975+0800: 174545.772: Total time for which application threads were stopped: 0.0000320 seconds
2015-10-21T10:25:34.976+0800: 174545.773: Total time for which application threads were stopped: 0.0000340 seconds
2015-10-21T10:25:38.057+0800: 174548.853: Total time for which application threads were stopped: 0.0004360 seconds
2015-10-21T10:25:38.059+0800: 174548.855: Total time for which application threads were stopped: 0.0000400 seconds
2015-10-21T10:25:38.062+0800: 174548.859: Total time for which application threads were stopped: 0.0000470 seconds
2015-10-21T10:25:38.071+0800: 174548.868: Total time for which application threads were stopped: 0.0000640 seconds
2015-10-21T10:25:38.080+0800: 174548.877: Total time for which application threads were stopped: 0.0000680 seconds
2015-10-21T10:25:38.081+0800: 174548.877: Total time for which application threads were stopped: 0.0000290 seconds
2015-10-21T10:25:38.081+0800: 174548.878: Total time for which application threads were stopped: 0.0000370 seconds
2015-10-21T10:25:38.081+0800: 174548.878: Total time for which application threads were stopped: 0.0000360 seconds
2015-10-21T10:25:38.081+0800: 174548.878: Total time for which application threads were stopped: 0.0000300 seconds
2015-10-21T10:25:38.081+0800: 174548.878: Total time for which application threads were stopped: 0.0000280 seconds
2015-10-21T13:37:18.443+0800: 186049.240: Total time for which application threads were stopped: 0.0005160 seconds
2015-10-21T13:37:18.445+0800: 186049.242: Total time for which application threads were stopped: 0.0001040 seconds
2015-10-21T13:37:18.447+0800: 186049.244: Total time for which application threads were stopped: 0.0000290 seconds
2015-10-21T13:37:18.448+0800: 186049.245: Total time for which application threads were stopped: 0.0000260 seconds
2015-10-21T13:37:18.449+0800: 186049.245: Total time for which application threads were stopped: 0.0000240 seconds
2015-10-21T13:37:18.449+0800: 186049.246: Total time for which application threads were stopped: 0.0000200 seconds
2015-10-21T13:37:18.449+0800: 186049.246: Total time for which application threads were stopped: 0.0000210 seconds
2015-10-21T13:38:12.033+0800: 186102.830: Total time for which application threads were stopped: 0.0004330 seconds
2015-10-21T13:38:12.035+0800: 186102.832: Total time for which application threads were stopped: 0.0000380 seconds
2015-10-21T13:38:12.037+0800: 186102.834: Total time for which application threads were stopped: 0.0000280 seconds
2015-10-21T13:38:19.099+0800: 186109.896: Total time for which application threads were stopped: 0.0004420 seconds
2015-10-21T13:38:32.026+0800: 186122.823: Total time for which application threads were stopped: 0.0003470 seconds
2015-10-21T13:38:48.743+0800: 186139.540: Total time for which application threads were stopped: 0.0003600 seconds
2015-10-21T13:38:48.745+0800: 186139.542: Total time for which application threads were stopped: 0.0000330 seconds
2015-10-21T13:38:48.747+0800: 186139.544: Total time for which application threads were stopped: 0.0000340 seconds
2015-10-21T14:30:00.207+0800: 189211.004: Total time for which application threads were stopped: 0.0004050 seconds
2015-10-21T14:30:00.520+0800: 189211.317: Total time for which application threads were stopped: 0.0000580 seconds
2015-10-21T14:30:00.549+0800: 189211.346: Total time for which application threads were stopped: 0.0000640 seconds
2015-10-21T14:30:00.549+0800: 189211.346: Total time for which application threads were stopped: 0.0000500 seconds
2015-10-21T14:30:00.555+0800: 189211.351: Total time for which application threads were stopped: 0.0000490 seconds
2015-10-21T14:30:00.555+0800: 189211.351: Total time for which application threads were stopped: 0.0000400 seconds
2015-10-21T14:30:02.718+0800: 189213.514: Total time for which application threads were stopped: 0.0004380 seconds
2015-10-21T14:30:02.718+0800: 189213.515: Total time for which application threads were stopped: 0.0000510 seconds
2015-10-21T14:30:02.720+0800: 189213.517: Total time for which application threads were stopped: 0.0000390 seconds
2015-10-21T14:30:02.722+0800: 189213.519: Total time for which application threads were stopped: 0.0000560 seconds
2015-10-21T14:30:02.722+0800: 189213.519: Total time for which application threads were stopped: 0.0000690 seconds
2015-10-21T14:30:09.197+0800: 189219.994: Total time for which application threads were stopped: 0.0003630 seconds
2015-10-21T14:30:09.202+0800: 189219.999: Total time for which application threads were stopped: 0.0000550 seconds
2015-10-21T14:30:09.205+0800: 189220.002: Total time for which application threads were stopped: 0.0000480 seconds
2015-10-21T14:30:42.326+0800: 189253.123: Total time for which application threads were stopped: 0.0003290 seconds
2015-10-21T14:30:42.329+0800: 189253.125: Total time for which application threads were stopped: 0.0000430 seconds
2015-10-21T14:30:42.331+0800: 189253.127: Total time for which application threads were stopped: 0.0000520 seconds
2015-10-21T14:30:55.007+0800: 189265.803: Total time for which application threads were stopped: 0.0004340 seconds
2015-10-21T14:30:55.009+0800: 189265.806: Total time for which application threads were stopped: 0.0000440 seconds
2015-10-21T14:30:55.011+0800: 189265.808: Total time for which application threads were stopped: 0.0000400 seconds
2015-10-21T14:31:02.724+0800: 189273.521: Total time for which application threads were stopped: 0.0006560 seconds
2015-10-21T14:31:03.306+0800: 189274.103: Total time for which application threads were stopped: 0.0004130 seconds
2015-10-21T14:31:22.745+0800: 189293.542: Total time for which application threads were stopped: 0.0005860 seconds
2015-10-21T14:31:27.748+0800: 189298.545: Total time for which application threads were stopped: 0.0004340 seconds
2015-10-21T14:32:17.773+0800: 189348.570: Total time for which application threads were stopped: 0.0004850 seconds
2015-10-21T14:32:40.097+0800: 189370.893: Total time for which application threads were stopped: 0.0004290 seconds
2015-10-21T14:32:40.097+0800: 189370.893: Total time for which application threads were stopped: 0.0000460 seconds
2015-10-21T14:33:58.610+0800: 189449.407: Total time for which application threads were stopped: 0.0004200 seconds
2015-10-21T14:34:16.116+0800: 189466.913: Total time for which application threads were stopped: 0.0003430 seconds
2015-10-21T14:34:28.912+0800: 189479.708: Total time for which application threads were stopped: 0.0004590 seconds
2015-10-21T14:35:31.496+0800: 189542.293: Total time for which application threads were stopped: 0.0003460 seconds
2015-10-21T14:35:31.500+0800: 189542.297: Total time for which application threads were stopped: 0.0000960 seconds
2015-10-21T14:35:31.511+0800: 189542.308: Total time for which application threads were stopped: 0.0000660 seconds
2015-10-21T14:35:31.511+0800: 189542.308: Total time for which application threads were stopped: 0.0000560 seconds
2015-10-21T14:35:31.511+0800: 189542.308: Total time for which application threads were stopped: 0.0000640 seconds
2015-10-21T14:35:31.512+0800: 189542.309: Total time for which application threads were stopped: 0.0000650 seconds
2015-10-21T14:35:31.516+0800: 189542.313: Total time for which application threads were stopped: 0.0000530 seconds
2015-10-21T14:35:31.517+0800: 189542.314: Total time for which application threads were stopped: 0.0000500 seconds
2015-10-21T14:35:31.521+0800: 189542.318: Total time for which application threads were stopped: 0.0000500 seconds
2015-10-21T14:35:31.523+0800: 189542.320: Total time for which application threads were stopped: 0.0000580 seconds
2015-10-21T14:35:31.594+0800: 189542.390: Total time for which application threads were stopped: 0.0000690 seconds
2015-10-21T14:35:31.594+0800: 189542.390: Total time for which application threads were stopped: 0.0000400 seconds
2015-10-21T14:35:31.598+0800: 189542.395: Total time for which application threads were stopped: 0.0000510 seconds
2015-10-21T14:35:31.598+0800: 189542.395: Total time for which application threads were stopped: 0.0000430 seconds
2015-10-21T14:35:36.575+0800: 189547.372: Total time for which application threads were stopped: 0.0003270 seconds
2015-10-21T14:35:49.793+0800: 189560.590: Total time for which application threads were stopped: 0.0003980 seconds
2015-10-21T14:35:49.868+0800: 189560.665: Total time for which application threads were stopped: 0.0000600 seconds
2015-10-21T14:35:49.868+0800: 189560.665: Total time for which application threads were stopped: 0.0000370 seconds
2015-10-21T14:35:49.872+0800: 189560.669: Total time for which application threads were stopped: 0.0000620 seconds
2015-10-21T14:35:49.872+0800: 189560.669: Total time for which application threads were stopped: 0.0000350 seconds
2015-10-21T14:35:54.819+0800: 189565.616: Total time for which application threads were stopped: 0.0002660 seconds
2015-10-21T14:35:59.823+0800: 189570.620: Total time for which application threads were stopped: 0.0001700 seconds
2015-10-21T14:36:49.874+0800: 189620.671: Total time for which application threads were stopped: 0.0001580 seconds
2015-10-21T14:44:02.565+0800: 190053.362: Total time for which application threads were stopped: 0.0001220 seconds
2015-10-21T14:44:05.133+0800: 190055.930: Total time for which application threads were stopped: 0.0001240 seconds
2015-10-21T14:44:05.135+0800: 190055.932: Total time for which application threads were stopped: 0.0000330 seconds
2015-10-21T14:44:05.142+0800: 190055.939: Total time for which application threads were stopped: 0.0000390 seconds
2015-10-21T14:44:08.281+0800: 190059.078: Total time for which application threads were stopped: 0.0002450 seconds
2015-10-21T14:44:30.366+0800: 190081.162: Total time for which application threads were stopped: 0.0001220 seconds
2015-10-21T14:44:30.368+0800: 190081.165: Total time for which application threads were stopped: 0.0000430 seconds
2015-10-21T14:44:33.524+0800: 190084.321: Total time for which application threads were stopped: 0.0001790 seconds
2015-10-21T14:44:56.257+0800: 190107.054: Total time for which application threads were stopped: 0.0001210 seconds
2015-10-21T14:44:56.259+0800: 190107.056: Total time for which application threads were stopped: 0.0000350 seconds
2015-10-21T14:46:45.395+0800: 190216.191: Total time for which application threads were stopped: 0.0001360 seconds
2015-10-21T14:46:45.397+0800: 190216.194: Total time for which application threads were stopped: 0.0000410 seconds
2015-10-21T14:46:45.400+0800: 190216.197: Total time for which application threads were stopped: 0.0000470 seconds
2015-10-21T14:46:48.009+0800: 190218.806: Total time for which application threads were stopped: 0.0001130 seconds
2015-10-21T14:47:11.067+0800: 190241.864: Total time for which application threads were stopped: 0.0001370 seconds
2015-10-21T14:47:11.069+0800: 190241.866: Total time for which application threads were stopped: 0.0001170 seconds
2015-10-21T14:47:11.072+0800: 190241.869: Total time for which application threads were stopped: 0.0000490 seconds
2015-10-21T16:24:28.813+0800: 196079.610: Total time for which application threads were stopped: 0.0001190 seconds
2015-10-21T16:24:39.132+0800: 196089.928: Total time for which application threads were stopped: 0.0001240 seconds
2015-10-21T16:29:28.818+0800: 196379.615: Total time for which application threads were stopped: 0.0001330 seconds
2015-10-21T16:29:29.821+0800: 196380.617: Total time for which application threads were stopped: 0.0002150 seconds
2015-10-21T16:29:38.853+0800: 196389.650: Total time for which application threads were stopped: 0.0001190 seconds
2015-10-21T16:29:38.854+0800: 196389.651: Total time for which application threads were stopped: 0.0000230 seconds
2015-10-21T16:33:05.271+0800: 196596.068: Total time for which application threads were stopped: 0.0001300 seconds
2015-10-21T16:33:05.274+0800: 196596.071: Total time for which application threads were stopped: 0.0000400 seconds
2015-10-21T16:33:05.282+0800: 196596.079: Total time for which application threads were stopped: 0.0000550 seconds
2015-10-21T16:33:05.282+0800: 196596.079: Total time for which application threads were stopped: 0.0000310 seconds
2015-10-21T16:33:05.282+0800: 196596.079: Total time for which application threads were stopped: 0.0000800 seconds
2015-10-21T16:33:05.282+0800: 196596.079: Total time for which application threads were stopped: 0.0001090 seconds
2015-10-21T16:33:16.554+0800: 196607.350: Total time for which application threads were stopped: 0.0001270 seconds
2015-10-21T16:33:16.557+0800: 196607.354: Total time for which application threads were stopped: 0.0000420 seconds
2015-10-21T16:33:21.458+0800: 196612.254: Total time for which application threads were stopped: 0.0001660 seconds
2015-10-21T16:33:21.459+0800: 196612.256: Total time for which application threads were stopped: 0.0000240 seconds
2015-10-21T16:34:53.964+0800: 196704.761: Total time for which application threads were stopped: 0.0001280 seconds
2015-10-21T16:34:53.965+0800: 196704.762: Total time for which application threads were stopped: 0.0000330 seconds
2015-10-21T16:34:53.965+0800: 196704.762: Total time for which application threads were stopped: 0.0000230 seconds
2015-10-21T16:34:56.015+0800: 196706.811: Total time for which application threads were stopped: 0.0001320 seconds
2015-10-21T16:34:56.017+0800: 196706.814: Total time for which application threads were stopped: 0.0000470 seconds
2015-10-21T16:34:56.019+0800: 196706.816: Total time for which application threads were stopped: 0.0000320 seconds
2015-10-21T16:34:58.030+0800: 196708.827: Total time for which application threads were stopped: 0.0001320 seconds
2015-10-21T16:34:58.030+0800: 196708.827: Total time for which application threads were stopped: 0.0000350 seconds
2015-10-21T16:36:29.178+0800: 196799.975: Total time for which application threads were stopped: 0.0001270 seconds
2015-10-21T16:36:29.180+0800: 196799.977: Total time for which application threads were stopped: 0.0000580 seconds
2015-10-21T16:36:29.181+0800: 196799.978: Total time for which application threads were stopped: 0.0000400 seconds
2015-10-21T16:36:29.181+0800: 196799.978: Total time for which application threads were stopped: 0.0000460 seconds
2015-10-21T16:36:29.183+0800: 196799.980: Total time for which application threads were stopped: 0.0000340 seconds
2015-10-21T16:37:17.366+0800: 196848.163: Total time for which application threads were stopped: 0.0001180 seconds
2015-10-21T16:37:17.368+0800: 196848.165: Total time for which application threads were stopped: 0.0000480 seconds
2015-10-21T16:37:17.370+0800: 196848.167: Total time for which application threads were stopped: 0.0000360 seconds
2015-10-21T16:37:18.529+0800: 196849.325: Total time for which application threads were stopped: 0.0001260 seconds
2015-10-21T16:37:18.531+0800: 196849.328: Total time for which application threads were stopped: 0.0000570 seconds
2015-10-21T16:37:18.533+0800: 196849.330: Total time for which application threads were stopped: 0.0001310 seconds
2015-10-21T16:37:21.333+0800: 196852.130: Total time for which application threads were stopped: 0.0001250 seconds
2015-10-21T16:37:49.124+0800: 196879.921: Total time for which application threads were stopped: 0.0001250 seconds
2015-10-21T16:37:49.126+0800: 196879.923: Total time for which application threads were stopped: 0.0000350 seconds
2015-10-21T16:37:49.128+0800: 196879.925: Total time for which application threads were stopped: 0.0000320 seconds
2015-10-21T16:37:49.131+0800: 196879.928: Total time for which application threads were stopped: 0.0000300 seconds
2015-10-21T16:37:49.131+0800: 196879.928: Total time for which application threads were stopped: 0.0000200 seconds
2015-10-21T16:37:49.139+0800: 196879.936: Total time for which application threads were stopped: 0.0000580 seconds
2015-10-21T16:37:49.139+0800: 196879.936: Total time for which application threads were stopped: 0.0000340 seconds
2015-10-21T16:37:49.139+0800: 196879.936: Total time for which application threads were stopped: 0.0000300 seconds
2015-10-21T16:45:41.576+0800: 197352.373: Total time for which application threads were stopped: 0.0001310 seconds
2015-10-21T16:45:41.578+0800: 197352.375: Total time for which application threads were stopped: 0.0000960 seconds
2015-10-21T16:45:44.734+0800: 197355.531: Total time for which application threads were stopped: 0.0001310 seconds
2015-10-21T16:45:44.736+0800: 197355.533: Total time for which application threads were stopped: 0.0000650 seconds
2015-10-21T16:45:44.737+0800: 197355.533: Total time for which application threads were stopped: 0.0000440 seconds
2015-10-21T16:45:44.737+0800: 197355.534: Total time for which application threads were stopped: 0.0000390 seconds
2015-10-21T16:45:44.739+0800: 197355.536: Total time for which application threads were stopped: 0.0000330 seconds
2015-10-21T16:45:59.242+0800: 197370.039: Total time for which application threads were stopped: 0.0001200 seconds
2015-10-21T16:45:59.244+0800: 197370.041: Total time for which application threads were stopped: 0.0000330 seconds
2015-10-21T16:45:59.246+0800: 197370.043: Total time for which application threads were stopped: 0.0000380 seconds
2015-10-21T16:46:01.230+0800: 197372.026: Total time for which application threads were stopped: 0.0001310 seconds
2015-10-21T16:46:04.475+0800: 197375.272: Total time for which application threads were stopped: 0.0001290 seconds
2015-10-21T16:46:04.477+0800: 197375.274: Total time for which application threads were stopped: 0.0000350 seconds
2015-10-21T16:46:04.480+0800: 197375.276: Total time for which application threads were stopped: 0.0000400 seconds
2015-10-21T16:48:25.535+0800: 197516.332: Total time for which application threads were stopped: 0.0001160 seconds
2015-10-21T16:48:25.537+0800: 197516.334: Total time for which application threads were stopped: 0.0000370 seconds
2015-10-21T16:48:25.539+0800: 197516.336: Total time for which application threads were stopped: 0.0000290 seconds
2015-10-21T16:48:26.585+0800: 197517.381: Total time for which application threads were stopped: 0.0001180 seconds
2015-10-21T16:48:26.586+0800: 197517.383: Total time for which application threads were stopped: 0.0000260 seconds
2015-10-21T16:48:26.588+0800: 197517.385: Total time for which application threads were stopped: 0.0000270 seconds
2015-10-21T16:48:27.591+0800: 197518.388: Total time for which application threads were stopped: 0.0002140 seconds
2015-10-21T16:48:28.587+0800: 197519.384: Total time for which application threads were stopped: 0.0001990 seconds
2015-10-21T16:48:40.545+0800: 197531.342: Total time for which application threads were stopped: 0.0001820 seconds
2015-10-21T16:48:40.545+0800: 197531.342: Total time for which application threads were stopped: 0.0000550 seconds
2015-10-21T16:48:40.546+0800: 197531.343: Total time for which application threads were stopped: 0.0000540 seconds
2015-10-21T16:48:40.548+0800: 197531.344: Total time for which application threads were stopped: 0.0000350 seconds
2015-10-21T16:48:40.557+0800: 197531.354: Total time for which application threads were stopped: 0.0000550 seconds
2015-10-21T16:48:40.558+0800: 197531.354: Total time for which application threads were stopped: 0.0000270 seconds
2015-10-21T16:48:40.558+0800: 197531.354: Total time for which application threads were stopped: 0.0000190 seconds
2015-10-21T16:48:40.558+0800: 197531.355: Total time for which application threads were stopped: 0.0000180 seconds
2015-10-21T16:48:46.290+0800: 197537.087: Total time for which application threads were stopped: 0.0001210 seconds
2015-10-21T16:48:46.293+0800: 197537.089: Total time for which application threads were stopped: 0.0000500 seconds
2015-10-21T16:48:46.295+0800: 197537.092: Total time for which application threads were stopped: 0.0000410 seconds
2015-10-21T16:48:46.298+0800: 197537.095: Total time for which application threads were stopped: 0.0000500 seconds
2015-10-21T16:48:46.307+0800: 197537.104: Total time for which application threads were stopped: 0.0000600 seconds
2015-10-21T16:48:46.307+0800: 197537.104: Total time for which application threads were stopped: 0.0000390 seconds
2015-10-21T16:48:46.307+0800: 197537.104: Total time for which application threads were stopped: 0.0000350 seconds
2015-10-21T16:48:46.307+0800: 197537.104: Total time for which application threads were stopped: 0.0000280 seconds
2015-10-21T16:52:08.959+0800: 197739.756: Total time for which application threads were stopped: 0.0001210 seconds
2015-10-21T16:52:08.961+0800: 197739.758: Total time for which application threads were stopped: 0.0000350 seconds
2015-10-21T16:52:08.964+0800: 197739.761: Total time for which application threads were stopped: 0.0000350 seconds
2015-10-21T16:53:47.684+0800: 197838.481: Total time for which application threads were stopped: 0.0001320 seconds
2015-10-22T10:22:25.237+0800: 260756.034: Total time for which application threads were stopped: 0.0425650 seconds
2015-10-22T10:26:10.909+0800: 260981.706: Total time for which application threads were stopped: 0.0069720 seconds
2015-10-22T10:26:10.954+0800: 260981.751: Total time for which application threads were stopped: 0.0036640 seconds
2015-10-22T10:26:10.978+0800: 260981.775: Total time for which application threads were stopped: 0.0000660 seconds
2015-10-22T10:26:10.985+0800: 260981.782: Total time for which application threads were stopped: 0.0003690 seconds
2015-10-22T10:26:10.985+0800: 260981.782: Total time for which application threads were stopped: 0.0000380 seconds
2015-10-22T10:26:10.986+0800: 260981.783: Total time for which application threads were stopped: 0.0010070 seconds
2015-10-22T10:26:10.987+0800: 260981.783: Total time for which application threads were stopped: 0.0000320 seconds
2015-10-22T10:26:10.987+0800: 260981.783: Total time for which application threads were stopped: 0.0000240 seconds
2015-10-22T10:26:10.987+0800: 260981.783: Total time for which application threads were stopped: 0.0000200 seconds
2015-10-22T10:26:10.987+0800: 260981.784: Total time for which application threads were stopped: 0.0000200 seconds
2015-10-22T10:26:10.987+0800: 260981.784: Total time for which application threads were stopped: 0.0000190 seconds
2015-10-22T10:26:10.987+0800: 260981.784: Total time for which application threads were stopped: 0.0000440 seconds
2015-10-22T10:26:10.987+0800: 260981.784: Total time for which application threads were stopped: 0.0001460 seconds
2015-10-22T10:26:16.056+0800: 260986.853: Total time for which application threads were stopped: 0.0021890 seconds
2015-10-22T10:26:16.062+0800: 260986.859: Total time for which application threads were stopped: 0.0000570 seconds
2015-10-22T10:26:16.063+0800: 260986.859: Total time for which application threads were stopped: 0.0000200 seconds
2015-10-22T10:26:20.766+0800: 260991.563: Total time for which application threads were stopped: 0.0027510 seconds
2015-10-22T10:26:20.767+0800: 260991.564: Total time for which application threads were stopped: 0.0000550 seconds
2015-10-22T10:26:20.768+0800: 260991.564: Total time for which application threads were stopped: 0.0000300 seconds
2015-10-22T10:26:56.067+0800: 261026.864: Total time for which application threads were stopped: 0.0041390 seconds
2015-10-22T10:26:56.068+0800: 261026.865: Total time for which application threads were stopped: 0.0000440 seconds
2015-10-22T10:27:43.855+0800: 261074.652: Total time for which application threads were stopped: 0.0018400 seconds
2015-10-22T10:27:43.866+0800: 261074.663: Total time for which application threads were stopped: 0.0000630 seconds
2015-10-22T10:27:43.866+0800: 261074.663: Total time for which application threads were stopped: 0.0000460 seconds
2015-10-22T10:27:43.867+0800: 261074.664: Total time for which application threads were stopped: 0.0000360 seconds
2015-10-22T10:27:47.691+0800: 261078.488: Total time for which application threads were stopped: 0.0009170 seconds
2015-10-22T10:27:47.692+0800: 261078.488: Total time for which application threads were stopped: 0.0000450 seconds
2015-10-22T10:27:47.692+0800: 261078.488: Total time for which application threads were stopped: 0.0000360 seconds
2015-10-22T10:29:15.101+0800: 261165.898: Total time for which application threads were stopped: 0.0008800 seconds
2015-10-22T10:29:18.435+0800: 261169.231: Total time for which application threads were stopped: 0.0023060 seconds
2015-10-22T10:29:18.435+0800: 261169.232: Total time for which application threads were stopped: 0.0000300 seconds
2015-10-22T10:29:18.436+0800: 261169.232: Total time for which application threads were stopped: 0.0000210 seconds
2015-10-22T10:31:37.783+0800: 261308.580: Total time for which application threads were stopped: 0.0010700 seconds
2015-10-22T10:39:40.450+0800: 261791.247: Total time for which application threads were stopped: 0.0040690 seconds
2015-10-22T10:39:50.502+0800: 261801.299: Total time for which application threads were stopped: 0.0025270 seconds
2015-10-22T10:40:10.459+0800: 261821.256: Total time for which application threads were stopped: 0.0016230 seconds
2015-10-22T10:40:15.464+0800: 261826.261: Total time for which application threads were stopped: 0.0013440 seconds
2015-10-22T10:42:30.389+0800: 261961.186: Total time for which application threads were stopped: 0.0006700 seconds
2015-10-22T10:42:35.495+0800: 261966.291: Total time for which application threads were stopped: 0.0008840 seconds
2015-10-22T10:44:06.452+0800: 262057.249: Total time for which application threads were stopped: 0.0006510 seconds
2015-10-22T10:44:55.797+0800: 262106.594: Total time for which application threads were stopped: 0.0022600 seconds
2015-10-22T10:45:07.293+0800: 262118.089: Total time for which application threads were stopped: 0.0008050 seconds
2015-10-22T10:48:51.037+0800: 262341.834: Total time for which application threads were stopped: 0.0008050 seconds
2015-10-22T10:49:10.113+0800: 262360.910: Total time for which application threads were stopped: 0.0005080 seconds
2015-10-22T10:50:52.504+0800: 262463.301: Total time for which application threads were stopped: 0.0007190 seconds
2015-10-22T10:50:59.171+0800: 262469.968: Total time for which application threads were stopped: 0.0008650 seconds
2015-10-22T10:50:59.174+0800: 262469.971: Total time for which application threads were stopped: 0.0000320 seconds
2015-10-22T10:50:59.191+0800: 262469.987: Total time for which application threads were stopped: 0.0000740 seconds
2015-10-22T10:50:59.193+0800: 262469.990: Total time for which application threads were stopped: 0.0000800 seconds
2015-10-22T10:50:59.199+0800: 262469.996: Total time for which application threads were stopped: 0.0000630 seconds
2015-10-22T10:50:59.199+0800: 262469.996: Total time for which application threads were stopped: 0.0000410 seconds
2015-10-22T10:50:59.200+0800: 262469.997: Total time for which application threads were stopped: 0.0000710 seconds
2015-10-22T10:50:59.201+0800: 262469.997: Total time for which application threads were stopped: 0.0000330 seconds
2015-10-22T10:51:00.202+0800: 262470.999: Total time for which application threads were stopped: 0.0010290 seconds
2015-10-22T10:51:01.471+0800: 262472.268: Total time for which application threads were stopped: 0.0006860 seconds
2015-10-22T10:52:48.344+0800: 262579.141: Total time for which application threads were stopped: 0.0006720 seconds
2015-10-22T10:52:48.353+0800: 262579.150: Total time for which application threads were stopped: 0.0000640 seconds
2015-10-22T10:52:48.356+0800: 262579.152: Total time for which application threads were stopped: 0.0004290 seconds
2015-10-22T10:52:48.356+0800: 262579.153: Total time for which application threads were stopped: 0.0000950 seconds
2015-10-22T10:52:48.356+0800: 262579.153: Total time for which application threads were stopped: 0.0000870 seconds
2015-10-22T10:52:51.411+0800: 262582.208: Total time for which application threads were stopped: 0.0005430 seconds
2015-10-22T10:52:51.415+0800: 262582.212: Total time for which application threads were stopped: 0.0000710 seconds
2015-10-22T10:52:51.415+0800: 262582.212: Total time for which application threads were stopped: 0.0000420 seconds
2015-10-22T10:52:51.419+0800: 262582.216: Total time for which application threads were stopped: 0.0000600 seconds
2015-10-22T10:52:51.420+0800: 262582.216: Total time for which application threads were stopped: 0.0000430 seconds
2015-10-22T10:52:51.425+0800: 262582.222: Total time for which application threads were stopped: 0.0000420 seconds
2015-10-22T10:53:48.355+0800: 262639.152: Total time for which application threads were stopped: 0.0013760 seconds
2015-10-22T10:53:51.421+0800: 262642.218: Total time for which application threads were stopped: 0.0007950 seconds
2015-10-22T10:54:06.273+0800: 262657.070: Total time for which application threads were stopped: 0.0007490 seconds
2015-10-22T10:54:06.275+0800: 262657.072: Total time for which application threads were stopped: 0.0000290 seconds
2015-10-22T10:54:06.275+0800: 262657.072: Total time for which application threads were stopped: 0.0000340 seconds
2015-10-22T10:54:06.276+0800: 262657.072: Total time for which application threads were stopped: 0.0000200 seconds
2015-10-22T10:54:06.281+0800: 262657.078: Total time for which application threads were stopped: 0.0000620 seconds
2015-10-22T10:54:06.281+0800: 262657.078: Total time for which application threads were stopped: 0.0000240 seconds
2015-10-22T10:54:06.281+0800: 262657.078: Total time for which application threads were stopped: 0.0000170 seconds
2015-10-22T10:54:06.281+0800: 262657.078: Total time for which application threads were stopped: 0.0000150 seconds
2015-10-22T10:54:06.281+0800: 262657.078: Total time for which application threads were stopped: 0.0000150 seconds
2015-10-22T10:54:06.281+0800: 262657.078: Total time for which application threads were stopped: 0.0000150 seconds
2015-10-22T10:54:06.282+0800: 262657.078: Total time for which application threads were stopped: 0.0000250 seconds
2015-10-22T10:54:06.282+0800: 262657.078: Total time for which application threads were stopped: 0.0000180 seconds
2015-10-22T10:54:06.282+0800: 262657.078: Total time for which application threads were stopped: 0.0000170 seconds
2015-10-22T10:54:06.282+0800: 262657.079: Total time for which application threads were stopped: 0.0000190 seconds
2015-10-22T10:54:06.282+0800: 262657.079: Total time for which application threads were stopped: 0.0000180 seconds
2015-10-22T10:54:06.282+0800: 262657.079: Total time for which application threads were stopped: 0.0000250 seconds
2015-10-22T10:54:06.282+0800: 262657.079: Total time for which application threads were stopped: 0.0000160 seconds
2015-10-22T10:54:06.282+0800: 262657.079: Total time for which application threads were stopped: 0.0000280 seconds
2015-10-22T10:54:06.282+0800: 262657.079: Total time for which application threads were stopped: 0.0000190 seconds
2015-10-22T10:54:06.282+0800: 262657.079: Total time for which application threads were stopped: 0.0000160 seconds
2015-10-22T10:54:06.282+0800: 262657.079: Total time for which application threads were stopped: 0.0001040 seconds
2015-10-22T10:54:13.128+0800: 262663.924: Total time for which application threads were stopped: 0.0006220 seconds
2015-10-22T10:54:13.159+0800: 262663.956: Total time for which application threads were stopped: 0.0000680 seconds
2015-10-22T10:54:13.159+0800: 262663.956: Total time for which application threads were stopped: 0.0000810 seconds
2015-10-22T10:54:13.163+0800: 262663.960: Total time for which application threads were stopped: 0.0000760 seconds
2015-10-22T10:54:13.164+0800: 262663.960: Total time for which application threads were stopped: 0.0000630 seconds
2015-10-22T10:54:13.164+0800: 262663.961: Total time for which application threads were stopped: 0.0000490 seconds
2015-10-22T10:54:13.170+0800: 262663.967: Total time for which application threads were stopped: 0.0000430 seconds
2015-10-22T10:54:15.141+0800: 262665.938: Total time for which application threads were stopped: 0.0006180 seconds
2015-10-22T10:54:17.555+0800: 262668.351: Total time for which application threads were stopped: 0.0005560 seconds
2015-10-22T10:54:17.555+0800: 262668.352: Total time for which application threads were stopped: 0.0001540 seconds
2015-10-22T10:54:32.371+0800: 262683.168: Total time for which application threads were stopped: 0.0006070 seconds
2015-10-22T11:04:08.783+0800: 263259.580: Total time for which application threads were stopped: 0.0006790 seconds
2015-10-22T11:04:23.529+0800: 263274.326: Total time for which application threads were stopped: 0.0005440 seconds
2015-10-22T11:05:24.395+0800: 263335.192: Total time for which application threads were stopped: 0.0006210 seconds
2015-10-22T11:05:37.646+0800: 263348.443: Total time for which application threads were stopped: 0.0004780 seconds
2015-10-22T11:05:52.649+0800: 263363.446: Total time for which application threads were stopped: 0.0006390 seconds
2015-10-22T11:05:52.649+0800: 263363.446: Total time for which application threads were stopped: 0.0000540 seconds
2015-10-22T11:05:52.649+0800: 263363.446: Total time for which application threads were stopped: 0.0000530 seconds
2015-10-22T11:05:52.651+0800: 263363.448: Total time for which application threads were stopped: 0.0000500 seconds
2015-10-22T11:05:52.658+0800: 263363.455: Total time for which application threads were stopped: 0.0000620 seconds
2015-10-22T11:05:52.659+0800: 263363.455: Total time for which application threads were stopped: 0.0000300 seconds
2015-10-22T11:05:52.659+0800: 263363.455: Total time for which application threads were stopped: 0.0000200 seconds
2015-10-22T11:05:52.659+0800: 263363.456: Total time for which application threads were stopped: 0.0000190 seconds
2015-10-22T11:05:52.659+0800: 263363.456: Total time for which application threads were stopped: 0.0000280 seconds
2015-10-22T11:06:28.464+0800: 263399.261: Total time for which application threads were stopped: 0.0008550 seconds
2015-10-22T11:06:40.902+0800: 263411.699: Total time for which application threads were stopped: 0.0005820 seconds
2015-10-22T11:06:43.475+0800: 263414.272: Total time for which application threads were stopped: 0.0008510 seconds
2015-10-22T11:06:43.475+0800: 263414.272: Total time for which application threads were stopped: 0.0000550 seconds
2015-10-22T11:06:43.475+0800: 263414.272: Total time for which application threads were stopped: 0.0000540 seconds
2015-10-22T11:06:43.487+0800: 263414.284: Total time for which application threads were stopped: 0.0000590 seconds
2015-10-22T11:06:43.487+0800: 263414.284: Total time for which application threads were stopped: 0.0000290 seconds
2015-10-22T11:06:43.487+0800: 263414.284: Total time for which application threads were stopped: 0.0000260 seconds
2015-10-22T11:06:43.487+0800: 263414.284: Total time for which application threads were stopped: 0.0000230 seconds
2015-10-22T11:06:43.488+0800: 263414.285: Total time for which application threads were stopped: 0.0000400 seconds
2015-10-22T11:07:18.685+0800: 263449.481: Total time for which application threads were stopped: 0.0009630 seconds
2015-10-22T11:07:18.685+0800: 263449.482: Total time for which application threads were stopped: 0.0001630 seconds
2015-10-22T11:07:18.685+0800: 263449.482: Total time for which application threads were stopped: 0.0000470 seconds
2015-10-22T11:07:18.695+0800: 263449.491: Total time for which application threads were stopped: 0.0000590 seconds
2015-10-22T11:07:18.695+0800: 263449.492: Total time for which application threads were stopped: 0.0000300 seconds
2015-10-22T11:07:18.695+0800: 263449.492: Total time for which application threads were stopped: 0.0000200 seconds
2015-10-22T11:07:18.695+0800: 263449.492: Total time for which application threads were stopped: 0.0000270 seconds
2015-10-22T11:07:18.695+0800: 263449.492: Total time for which application threads were stopped: 0.0000190 seconds
2015-10-22T11:07:41.028+0800: 263471.824: Total time for which application threads were stopped: 0.0004440 seconds
2015-10-22T11:07:41.028+0800: 263471.825: Total time for which application threads were stopped: 0.0000290 seconds
2015-10-22T11:07:41.028+0800: 263471.825: Total time for which application threads were stopped: 0.0000190 seconds
2015-10-22T11:07:44.458+0800: 263475.255: Total time for which application threads were stopped: 0.0004530 seconds
2015-10-22T11:07:44.458+0800: 263475.255: Total time for which application threads were stopped: 0.0000230 seconds
2015-10-22T11:07:44.458+0800: 263475.255: Total time for which application threads were stopped: 0.0000240 seconds
2015-10-22T11:07:44.467+0800: 263475.263: Total time for which application threads were stopped: 0.0000590 seconds
2015-10-22T11:08:14.460+0800: 263505.257: Total time for which application threads were stopped: 0.0008980 seconds
2015-10-22T11:08:14.460+0800: 263505.257: Total time for which application threads were stopped: 0.0000550 seconds
2015-10-22T11:08:14.460+0800: 263505.257: Total time for which application threads were stopped: 0.0000540 seconds
2015-10-22T11:08:14.474+0800: 263505.271: Total time for which application threads were stopped: 0.0000620 seconds
2015-10-22T11:08:14.474+0800: 263505.271: Total time for which applic