2015-10-19T09:28:48.420+0800: 0.394: Total time for which application threads were stopped: 0.0000680 seconds
2015-10-19T09:28:48.615+0800: 0.590: Total time for which application threads were stopped: 0.0001040 seconds
{Heap before GC invocations=0 (full 0):
 par new generation   total 109248K, used 87424K [0x00000007dae00000, 0x00000007e2e00000, 0x00000007e2e00000)
  eden space 87424K, 100% used [0x00000007dae00000, 0x00000007e0360000, 0x00000007e0360000)
  from space 21824K,   0% used [0x00000007e0360000, 0x00000007e0360000, 0x00000007e18b0000)
  to   space 21824K,   0% used [0x00000007e18b0000, 0x00000007e18b0000, 0x00000007e2e00000)
 concurrent mark-sweep generation total 393216K, used 0K [0x00000007e2e00000, 0x00000007fae00000, 0x00000007fae00000)
 concurrent-mark-sweep perm gen total 21248K, used 9792K [0x00000007fae00000, 0x00000007fc2c0000, 0x0000000800000000)
2015-10-19T09:28:48.913+0800: 0.887: [GC2015-10-19T09:28:48.913+0800: 0.887: [ParNew
Desired survivor size 20112992 bytes, new threshold 8 (max 8)
- age   1:    5505344 bytes,    5505344 total
: 87424K->5439K(109248K), 0.0054400 secs] 87424K->5439K(502464K), 0.0055340 secs] [Times: user=0.01 sys=0.00, real=0.00 secs] 
Heap after GC invocations=1 (full 0):
 par new generation   total 109248K, used 5439K [0x00000007dae00000, 0x00000007e2e00000, 0x00000007e2e00000)
  eden space 87424K,   0% used [0x00000007dae00000, 0x00000007dae00000, 0x00000007e0360000)
  from space 21824K,  24% used [0x00000007e18b0000, 0x00000007e1dffcc8, 0x00000007e2e00000)
  to   space 21824K,   0% used [0x00000007e0360000, 0x00000007e0360000, 0x00000007e18b0000)
 concurrent mark-sweep generation total 393216K, used 0K [0x00000007e2e00000, 0x00000007fae00000, 0x00000007fae00000)
 concurrent-mark-sweep perm gen total 21248K, used 9792K [0x00000007fae00000, 0x00000007fc2c0000, 0x0000000800000000)
}
2015-10-19T09:28:48.919+0800: 0.893: Total time for which application threads were stopped: 0.0056840 seconds
2015-10-19T09:28:49.442+0800: 1.416: Total time for which application threads were stopped: 0.0001360 seconds
{Heap before GC invocations=1 (full 0):
 par new generation   total 109248K, used 92863K [0x00000007dae00000, 0x00000007e2e00000, 0x00000007e2e00000)
  eden space 87424K, 100% used [0x00000007dae00000, 0x00000007e0360000, 0x00000007e0360000)
  from space 21824K,  24% used [0x00000007e18b0000, 0x00000007e1dffcc8, 0x00000007e2e00000)
  to   space 21824K,   0% used [0x00000007e0360000, 0x00000007e0360000, 0x00000007e18b0000)
 concurrent mark-sweep generation total 393216K, used 0K [0x00000007e2e00000, 0x00000007fae00000, 0x00000007fae00000)
 concurrent-mark-sweep perm gen total 21248K, used 18471K [0x00000007fae00000, 0x00000007fc2c0000, 0x0000000800000000)
2015-10-19T09:28:49.785+0800: 1.759: [GC2015-10-19T09:28:49.785+0800: 1.759: [ParNew
Desired survivor size 20112992 bytes, new threshold 8 (max 8)
- age   1:    8540368 bytes,    8540368 total
- age   2:    2242104 bytes,   10782472 total
: 92863K->13084K(109248K), 0.0095690 secs] 92863K->13084K(502464K), 0.0096120 secs] [Times: user=0.05 sys=0.01, real=0.01 secs] 
Heap after GC invocations=2 (full 0):
 par new generation   total 109248K, used 13084K [0x00000007dae00000, 0x00000007e2e00000, 0x00000007e2e00000)
  eden space 87424K,   0% used [0x00000007dae00000, 0x00000007dae00000, 0x00000007e0360000)
  from space 21824K,  59% used [0x00000007e0360000, 0x00000007e1027158, 0x00000007e18b0000)
  to   space 21824K,   0% used [0x00000007e18b0000, 0x00000007e18b0000, 0x00000007e2e00000)
 concurrent mark-sweep generation total 393216K, used 0K [0x00000007e2e00000, 0x00000007fae00000, 0x00000007fae00000)
 concurrent-mark-sweep perm gen total 21248K, used 18471K [0x00000007fae00000, 0x00000007fc2c0000, 0x0000000800000000)
}
2015-10-19T09:28:49.795+0800: 1.769: Total time for which application threads were stopped: 0.0097580 seconds
{Heap before GC invocations=2 (full 0):
 par new generation   total 109248K, used 100507K [0x00000007dae00000, 0x00000007e2e00000, 0x00000007e2e00000)
  eden space 87424K,  99% used [0x00000007dae00000, 0x00000007e035fbd8, 0x00000007e0360000)
  from space 21824K,  59% used [0x00000007e0360000, 0x00000007e1027158, 0x00000007e18b0000)
  to   space 21824K,   0% used [0x00000007e18b0000, 0x00000007e18b0000, 0x00000007e2e00000)
 concurrent mark-sweep generation total 393216K, used 0K [0x00000007e2e00000, 0x00000007fae00000, 0x00000007fae00000)
 concurrent-mark-sweep perm gen total 21248K, used 19059K [0x00000007fae00000, 0x00000007fc2c0000, 0x0000000800000000)
2015-10-19T09:28:49.963+0800: 1.937: [GC2015-10-19T09:28:49.963+0800: 1.937: [ParNew
Desired survivor size 20112992 bytes, new threshold 8 (max 8)
- age   1:    1490384 bytes,    1490384 total
- age   2:    3096184 bytes,    4586568 total
- age   3:    2227680 bytes,    6814248 total
: 100507K->13154K(109248K), 0.0054510 secs] 100507K->13154K(502464K), 0.0055110 secs] [Times: user=0.02 sys=0.00, real=0.00 secs] 
Heap after GC invocations=3 (full 0):
 par new generation   total 109248K, used 13154K [0x00000007dae00000, 0x00000007e2e00000, 0x00000007e2e00000)
  eden space 87424K,   0% used [0x00000007dae00000, 0x00000007dae00000, 0x00000007e0360000)
  from space 21824K,  60% used [0x00000007e18b0000, 0x00000007e25889c0, 0x00000007e2e00000)
  to   space 21824K,   0% used [0x00000007e0360000, 0x00000007e0360000, 0x00000007e18b0000)
 concurrent mark-sweep generation total 393216K, used 0K [0x00000007e2e00000, 0x00000007fae00000, 0x00000007fae00000)
 concurrent-mark-sweep perm gen total 21248K, used 19059K [0x00000007fae00000, 0x00000007fc2c0000, 0x0000000800000000)
}
2015-10-19T09:28:49.969+0800: 1.943: Total time for which application threads were stopped: 0.0057040 seconds
{Heap before GC invocations=3 (full 0):
 par new generation   total 109248K, used 100578K [0x00000007dae00000, 0x00000007e2e00000, 0x00000007e2e00000)
  eden space 87424K, 100% used [0x00000007dae00000, 0x00000007e0360000, 0x00000007e0360000)
  from space 21824K,  60% used [0x00000007e18b0000, 0x00000007e25889c0, 0x00000007e2e00000)
  to   space 21824K,   0% used [0x00000007e0360000, 0x00000007e0360000, 0x00000007e18b0000)
 concurrent mark-sweep generation total 393216K, used 0K [0x00000007e2e00000, 0x00000007fae00000, 0x00000007fae00000)
 concurrent-mark-sweep perm gen total 21248K, used 19727K [0x00000007fae00000, 0x00000007fc2c0000, 0x0000000800000000)
2015-10-19T09:28:50.069+0800: 2.043: [GC2015-10-19T09:28:50.069+0800: 2.043: [ParNew
Desired survivor size 20112992 bytes, new threshold 8 (max 8)
- age   1:    1815224 bytes,    1815224 total
- age   2:     643312 bytes,    2458536 total
- age   3:    3075056 bytes,    5533592 total
- age   4:    2227808 bytes,    7761400 total
: 100578K->9460K(109248K), 0.0073280 secs] 100578K->9460K(502464K), 0.0073710 secs] [Times: user=0.04 sys=0.00, real=0.01 secs] 
Heap after GC invocations=4 (full 0):
 par new generation   total 109248K, used 9460K [0x00000007dae00000, 0x00000007e2e00000, 0x00000007e2e00000)
  eden space 87424K,   0% used [0x00000007dae00000, 0x00000007dae00000, 0x00000007e0360000)
  from space 21824K,  43% used [0x00000007e0360000, 0x00000007e0c9d160, 0x00000007e18b0000)
  to   space 21824K,   0% used [0x00000007e18b0000, 0x00000007e18b0000, 0x00000007e2e00000)
 concurrent mark-sweep generation total 393216K, used 0K [0x00000007e2e00000, 0x00000007fae00000, 0x00000007fae00000)
 concurrent-mark-sweep perm gen total 21248K, used 19727K [0x00000007fae00000, 0x00000007fc2c0000, 0x0000000800000000)
}
2015-10-19T09:28:50.076+0800: 2.050: Total time for which application threads were stopped: 0.0075220 seconds
{Heap before GC invocations=4 (full 0):
 par new generation   total 109248K, used 96884K [0x00000007dae00000, 0x00000007e2e00000, 0x00000007e2e00000)
  eden space 87424K, 100% used [0x00000007dae00000, 0x00000007e0360000, 0x00000007e0360000)
  from space 21824K,  43% used [0x00000007e0360000, 0x00000007e0c9d160, 0x00000007e18b0000)
  to   space 21824K,   0% used [0x00000007e18b0000, 0x00000007e18b0000, 0x00000007e2e00000)
 concurrent mark-sweep generation total 393216K, used 0K [0x00000007e2e00000, 0x00000007fae00000, 0x00000007fae00000)
 concurrent-mark-sweep perm gen total 21248K, used 20445K [0x00000007fae00000, 0x00000007fc2c0000, 0x0000000800000000)
2015-10-19T09:28:50.155+0800: 2.130: [GC2015-10-19T09:28:50.155+0800: 2.130: [ParNew
Desired survivor size 20112992 bytes, new threshold 8 (max 8)
- age   1:    1151864 bytes,    1151864 total
- age   2:    1127320 bytes,    2279184 total
- age   3:     642952 bytes,    2922136 total
- age   4:    3073320 bytes,    5995456 total
- age   5:    2225048 bytes,    8220504 total
: 96884K->11450K(109248K), 0.0068120 secs] 96884K->11450K(502464K), 0.0068950 secs] [Times: user=0.02 sys=0.00, real=0.01 secs] 
Heap after GC invocations=5 (full 0):
 par new generation   total 109248K, used 11450K [0x00000007dae00000, 0x00000007e2e00000, 0x00000007e2e00000)
  eden space 87424K,   0% used [0x00000007dae00000, 0x00000007dae00000, 0x00000007e0360000)
  from space 21824K,  52% used [0x00000007e18b0000, 0x00000007e23deb68, 0x00000007e2e00000)
  to   space 21824K,   0% used [0x00000007e0360000, 0x00000007e0360000, 0x00000007e18b0000)
 concurrent mark-sweep generation total 393216K, used 0K [0x00000007e2e00000, 0x00000007fae00000, 0x00000007fae00000)
 concurrent-mark-sweep perm gen total 21248K, used 20445K [0x00000007fae00000, 0x00000007fc2c0000, 0x0000000800000000)
}
2015-10-19T09:28:50.162+0800: 2.136: Total time for which application threads were stopped: 0.0071200 seconds
2015-10-19T09:28:50.223+0800: 2.197: Total time for which application threads were stopped: 0.0001480 seconds
{Heap before GC invocations=5 (full 0):
 par new generation   total 109248K, used 98874K [0x00000007dae00000, 0x00000007e2e00000, 0x00000007e2e00000)
  eden space 87424K, 100% used [0x00000007dae00000, 0x00000007e0360000, 0x00000007e0360000)
  from space 21824K,  52% used [0x00000007e18b0000, 0x00000007e23deb68, 0x00000007e2e00000)
  to   space 21824K,   0% used [0x00000007e0360000, 0x00000007e0360000, 0x00000007e18b0000)
 concurrent mark-sweep generation total 393216K, used 0K [0x00000007e2e00000, 0x00000007fae00000, 0x00000007fae00000)
 concurrent-mark-sweep perm gen total 22208K, used 22013K [0x00000007fae00000, 0x00000007fc3b0000, 0x0000000800000000)
2015-10-19T09:28:50.291+0800: 2.265: [GC2015-10-19T09:28:50.291+0800: 2.265: [ParNew
Desired survivor size 20112992 bytes, new threshold 8 (max 8)
- age   1:    1637984 bytes,    1637984 total
- age   2:     142392 bytes,    1780376 total
- age   3:     710688 bytes,    2491064 total
- age   4:     307296 bytes,    2798360 total
- age   5:    3067824 bytes,    5866184 total
- age   6:    2224216 bytes,    8090400 total
: 98874K->10454K(109248K), 0.0066940 secs] 98874K->10454K(502464K), 0.0067510 secs] [Times: user=0.03 sys=0.00, real=0.00 secs] 
Heap after GC invocations=6 (full 0):
 par new generation   total 109248K, used 10454K [0x00000007dae00000, 0x00000007e2e00000, 0x00000007e2e00000)
  eden space 87424K,   0% used [0x00000007dae00000, 0x00000007dae00000, 0x00000007e0360000)
  from space 21824K,  47% used [0x00000007e0360000, 0x00000007e0d95888, 0x00000007e18b0000)
  to   space 21824K,   0% used [0x00000007e18b0000, 0x00000007e18b0000, 0x00000007e2e00000)
 concurrent mark-sweep generation total 393216K, used 0K [0x00000007e2e00000, 0x00000007fae00000, 0x00000007fae00000)
 concurrent-mark-sweep perm gen total 22208K, used 22013K [0x00000007fae00000, 0x00000007fc3b0000, 0x0000000800000000)
}
2015-10-19T09:28:50.298+0800: 2.272: Total time for which application threads were stopped: 0.0068950 seconds
2015-10-19T09:28:50.474+0800: 2.448: Total time for which application threads were stopped: 0.0002030 seconds
{Heap before GC invocations=6 (full 0):
 par new generation   total 109248K, used 97878K [0x00000007dae00000, 0x00000007e2e00000, 0x00000007e2e00000)
  eden space 87424K, 100% used [0x00000007dae00000, 0x00000007e0360000, 0x00000007e0360000)
  from space 21824K,  47% used [0x00000007e0360000, 0x00000007e0d95888, 0x00000007e18b0000)
  to   space 21824K,   0% used [0x00000007e18b0000, 0x00000007e18b0000, 0x00000007e2e00000)
 concurrent mark-sweep generation total 393216K, used 0K [0x00000007e2e00000, 0x00000007fae00000, 0x00000007fae00000)
 concurrent-mark-sweep perm gen total 24512K, used 24356K [0x00000007fae00000, 0x00000007fc5f0000, 0x0000000800000000)
2015-10-19T09:28:50.530+0800: 2.504: [GC2015-10-19T09:28:50.530+0800: 2.504: [ParNew
Desired survivor size 20112992 bytes, new threshold 8 (max 8)
- age   1:    3546992 bytes,    3546992 total
- age   2:     695728 bytes,    4242720 total
- age   3:     141728 bytes,    4384448 total
- age   4:     708880 bytes,    5093328 total
- age   5:     305728 bytes,    5399056 total
- age   6:    3065664 bytes,    8464720 total
- age   7:    2224088 bytes,   10688808 total
: 97878K->13404K(109248K), 0.0071330 secs] 97878K->13404K(502464K), 0.0072000 secs] [Times: user=0.03 sys=0.00, real=0.00 secs] 
Heap after GC invocations=7 (full 0):
 par new generation   total 109248K, used 13404K [0x00000007dae00000, 0x00000007e2e00000, 0x00000007e2e00000)
  eden space 87424K,   0% used [0x00000007dae00000, 0x00000007dae00000, 0x00000007e0360000)
  from space 21824K,  61% used [0x00000007e18b0000, 0x00000007e25c70e0, 0x00000007e2e00000)
  to   space 21824K,   0% used [0x00000007e0360000, 0x00000007e0360000, 0x00000007e18b0000)
 concurrent mark-sweep generation total 393216K, used 0K [0x00000007e2e00000, 0x00000007fae00000, 0x00000007fae00000)
 concurrent-mark-sweep perm gen total 24512K, used 24356K [0x00000007fae00000, 0x00000007fc5f0000, 0x0000000800000000)
}
2015-10-19T09:28:50.537+0800: 2.511: Total time for which application threads were stopped: 0.0073420 seconds
{Heap before GC invocations=7 (full 0):
 par new generation   total 109248K, used 100828K [0x00000007dae00000, 0x00000007e2e00000, 0x00000007e2e00000)
  eden space 87424K, 100% used [0x00000007dae00000, 0x00000007e0360000, 0x00000007e0360000)
  from space 21824K,  61% used [0x00000007e18b0000, 0x00000007e25c70e0, 0x00000007e2e00000)
  to   space 21824K,   0% used [0x00000007e0360000, 0x00000007e0360000, 0x00000007e18b0000)
 concurrent mark-sweep generation total 393216K, used 0K [0x00000007e2e00000, 0x00000007fae00000, 0x00000007fae00000)
 concurrent-mark-sweep perm gen total 25856K, used 25681K [0x00000007fae00000, 0x00000007fc740000, 0x0000000800000000)
2015-10-19T09:28:50.692+0800: 2.667: [GC2015-10-19T09:28:50.692+0800: 2.667: [ParNew
Desired survivor size 20112992 bytes, new threshold 8 (max 8)
- age   1:    5451208 bytes,    5451208 total
- age   2:    1324176 bytes,    6775384 total
- age   3:     629168 bytes,    7404552 total
- age   4:     141088 bytes,    7545640 total
- age   5:     173496 bytes,    7719136 total
- age   6:     296144 bytes,    8015280 total
- age   7:    3059640 bytes,   11074920 total
- age   8:    2223968 bytes,   13298888 total
: 100828K->14764K(109248K), 0.0102280 secs] 100828K->14764K(502464K), 0.0102880 secs] [Times: user=0.06 sys=0.01, real=0.01 secs] 
Heap after GC invocations=8 (full 0):
 par new generation   total 109248K, used 14764K [0x00000007dae00000, 0x00000007e2e00000, 0x00000007e2e00000)
  eden space 87424K,   0% used [0x00000007dae00000, 0x00000007dae00000, 0x00000007e0360000)
  from space 21824K,  67% used [0x00000007e0360000, 0x00000007e11cb140, 0x00000007e18b0000)
  to   space 21824K,   0% used [0x00000007e18b0000, 0x00000007e18b0000, 0x00000007e2e00000)
 concurrent mark-sweep generation total 393216K, used 0K [0x00000007e2e00000, 0x00000007fae00000, 0x00000007fae00000)
 concurrent-mark-sweep perm gen total 25856K, used 25681K [0x00000007fae00000, 0x00000007fc740000, 0x0000000800000000)
}
2015-10-19T09:28:50.703+0800: 2.677: Total time for which application threads were stopped: 0.0104440 seconds
{Heap before GC invocations=8 (full 0):
 par new generation   total 109248K, used 102188K [0x00000007dae00000, 0x00000007e2e00000, 0x00000007e2e00000)
  eden space 87424K, 100% used [0x00000007dae00000, 0x00000007e0360000, 0x00000007e0360000)
  from space 21824K,  67% used [0x00000007e0360000, 0x00000007e11cb140, 0x00000007e18b0000)
  to   space 21824K,   0% used [0x00000007e18b0000, 0x00000007e18b0000, 0x00000007e2e00000)
 concurrent mark-sweep generation total 393216K, used 0K [0x00000007e2e00000, 0x00000007fae00000, 0x00000007fae00000)
 concurrent-mark-sweep perm gen total 26240K, used 26169K [0x00000007fae00000, 0x00000007fc7a0000, 0x0000000800000000)
2015-10-19T09:28:50.776+0800: 2.750: [GC2015-10-19T09:28:50.776+0800: 2.750: [ParNew
Desired survivor size 20112992 bytes, new threshold 8 (max 8)
- age   1:    3829336 bytes,    3829336 total
- age   2:    4152504 bytes,    7981840 total
- age   3:    1323024 bytes,    9304864 total
- age   4:     629192 bytes,    9934056 total
- age   5:     140912 bytes,   10074968 total
- age   6:     172280 bytes,   10247248 total
- age   7:     296112 bytes,   10543360 total
- age   8:    3058392 bytes,   13601752 total
: 102188K->19198K(109248K), 0.0168750 secs] 102188K->21406K(502464K), 0.0169390 secs] [Times: user=0.06 sys=0.00, real=0.02 secs] 
Heap after GC invocations=9 (full 0):
 par new generation   total 109248K, used 19198K [0x00000007dae00000, 0x00000007e2e00000, 0x00000007e2e00000)
  eden space 87424K,   0% used [0x00000007dae00000, 0x00000007dae00000, 0x00000007e0360000)
  from space 21824K,  87% used [0x00000007e18b0000, 0x00000007e2b6fb78, 0x00000007e2e00000)
  to   space 21824K,   0% used [0x00000007e0360000, 0x00000007e0360000, 0x00000007e18b0000)
 concurrent mark-sweep generation total 393216K, used 2207K [0x00000007e2e00000, 0x00000007fae00000, 0x00000007fae00000)
 concurrent-mark-sweep perm gen total 26240K, used 26169K [0x00000007fae00000, 0x00000007fc7a0000, 0x0000000800000000)
}
2015-10-19T09:28:50.793+0800: 2.767: Total time for which application threads were stopped: 0.0171510 seconds
{Heap before GC invocations=9 (full 0):
 par new generation   total 109248K, used 106622K [0x00000007dae00000, 0x00000007e2e00000, 0x00000007e2e00000)
  eden space 87424K, 100% used [0x00000007dae00000, 0x00000007e0360000, 0x00000007e0360000)
  from space 21824K,  87% used [0x00000007e18b0000, 0x00000007e2b6fb78, 0x00000007e2e00000)
  to   space 21824K,   0% used [0x00000007e0360000, 0x00000007e0360000, 0x00000007e18b0000)
 concurrent mark-sweep generation total 393216K, used 2207K [0x00000007e2e00000, 0x00000007fae00000, 0x00000007fae00000)
 concurrent-mark-sweep perm gen total 27008K, used 26860K [0x00000007fae00000, 0x00000007fc860000, 0x0000000800000000)
2015-10-19T09:28:50.899+0800: 2.873: [GC2015-10-19T09:28:50.899+0800: 2.873: [ParNew
Desired survivor size 20112992 bytes, new threshold 8 (max 8)
- age   1:    6077696 bytes,    6077696 total
- age   2:    2211768 bytes,    8289464 total
- age   3:    4135776 bytes,   12425240 total
- age   4:    1322616 bytes,   13747856 total
- age   5:     627696 bytes,   14375552 total
- age   6:     140912 bytes,   14516464 total
- age   7:     171888 bytes,   14688352 total
- age   8:     295888 bytes,   14984240 total
: 106622K->17378K(109248K), 0.0130940 secs] 108830K->22590K(502464K), 0.0131340 secs] [Times: user=0.05 sys=0.00, real=0.02 secs] 
Heap after GC invocations=10 (full 0):
 par new generation   total 109248K, used 17378K [0x00000007dae00000, 0x00000007e2e00000, 0x00000007e2e00000)
  eden space 87424K,   0% used [0x00000007dae00000, 0x00000007dae00000, 0x00000007e0360000)
  from space 21824K,  79% used [0x00000007e0360000, 0x00000007e1458a08, 0x00000007e18b0000)
  to   space 21824K,   0% used [0x00000007e18b0000, 0x00000007e18b0000, 0x00000007e2e00000)
 concurrent mark-sweep generation total 393216K, used 5212K [0x00000007e2e00000, 0x00000007fae00000, 0x00000007fae00000)
 concurrent-mark-sweep perm gen total 27008K, used 26860K [0x00000007fae00000, 0x00000007fc860000, 0x0000000800000000)
}
2015-10-19T09:28:50.912+0800: 2.886: Total time for which application threads were stopped: 0.0132860 seconds
{Heap before GC invocations=10 (full 0):
 par new generation   total 109248K, used 104802K [0x00000007dae00000, 0x00000007e2e00000, 0x00000007e2e00000)
  eden space 87424K, 100% used [0x00000007dae00000, 0x00000007e0360000, 0x00000007e0360000)
  from space 21824K,  79% used [0x00000007e0360000, 0x00000007e1458a08, 0x00000007e18b0000)
  to   space 21824K,   0% used [0x00000007e18b0000, 0x00000007e18b0000, 0x00000007e2e00000)
 concurrent mark-sweep generation total 393216K, used 5212K [0x00000007e2e00000, 0x00000007fae00000, 0x00000007fae00000)
 concurrent-mark-sweep perm gen total 27008K, used 26897K [0x00000007fae00000, 0x00000007fc860000, 0x0000000800000000)
2015-10-19T09:28:50.968+0800: 2.942: [GC2015-10-19T09:28:50.968+0800: 2.942: [ParNew
Desired survivor size 20112992 bytes, new threshold 8 (max 8)
- age   1:    2060360 bytes,    2060360 total
- age   2:    5117848 bytes,    7178208 total
- age   3:    2210920 bytes,    9389128 total
- age   4:    3865544 bytes,   13254672 total
- age   5:    1318008 bytes,   14572680 total
- age   6:     622248 bytes,   15194928 total
- age   7:     138600 bytes,   15333528 total
- age   8:     167360 bytes,   15500888 total
: 104802K->21824K(109248K), 0.0117880 secs] 110014K->27623K(502464K), 0.0118450 secs] [Times: user=0.06 sys=0.01, real=0.02 secs] 
Heap after GC invocations=11 (full 0):
 par new generation   total 109248K, used 21824K [0x00000007dae00000, 0x00000007e2e00000, 0x00000007e2e00000)
  eden space 87424K,   0% used [0x00000007dae00000, 0x00000007dae00000, 0x00000007e0360000)
  from space 21824K, 100% used [0x00000007e18b0000, 0x00000007e2e00000, 0x00000007e2e00000)
  to   space 21824K,   0% used [0x00000007e0360000, 0x00000007e0360000, 0x00000007e18b0000)
 concurrent mark-sweep generation total 393216K, used 5799K [0x00000007e2e00000, 0x00000007fae00000, 0x00000007fae00000)
 concurrent-mark-sweep perm gen total 27008K, used 26897K [0x00000007fae00000, 0x00000007fc860000, 0x0000000800000000)
}
2015-10-19T09:28:50.980+0800: 2.954: Total time for which application threads were stopped: 0.0120100 seconds
{Heap before GC invocations=11 (full 0):
 par new generation   total 109248K, used 109248K [0x00000007dae00000, 0x00000007e2e00000, 0x00000007e2e00000)
  eden space 87424K, 100% used [0x00000007dae00000, 0x00000007e0360000, 0x00000007e0360000)
  from space 21824K, 100% used [0x00000007e18b0000, 0x00000007e2e00000, 0x00000007e2e00000)
  to   space 21824K,   0% used [0x00000007e0360000, 0x00000007e0360000, 0x00000007e18b0000)
 concurrent mark-sweep generation total 393216K, used 5799K [0x00000007e2e00000, 0x00000007fae00000, 0x00000007fae00000)
 concurrent-mark-sweep perm gen total 27008K, used 26916K [0x00000007fae00000, 0x00000007fc860000, 0x0000000800000000)
2015-10-19T09:28:51.036+0800: 3.010: [GC2015-10-19T09:28:51.036+0800: 3.010: [ParNew
Desired survivor size 20112992 bytes, new threshold 8 (max 8)
- age   1:    1532512 bytes,    1532512 total
- age   2:    1420080 bytes,    2952592 total
- age   3:    5117560 bytes,    8070152 total
- age   4:    2210920 bytes,   10281072 total
- age   5:    3865544 bytes,   14146616 total
- age   6:    1318008 bytes,   15464624 total
- age   7:     622360 bytes,   16086984 total
- age   8:     138504 bytes,   16225488 total
: 109248K->17806K(109248K), 0.0094490 secs] 115047K->23772K(502464K), 0.0095080 secs] [Times: user=0.04 sys=0.00, real=0.01 secs] 
Heap after GC invocations=12 (full 0):
 par new generation   total 109248K, used 17806K [0x00000007dae00000, 0x00000007e2e00000, 0x00000007e2e00000)
  eden space 87424K,   0% used [0x00000007dae00000, 0x00000007dae00000, 0x00000007e0360000)
  from space 21824K,  81% used [0x00000007e0360000, 0x00000007e14c3840, 0x00000007e18b0000)
  to   space 21824K,   0% used [0x00000007e18b0000, 0x00000007e18b0000, 0x00000007e2e00000)
 concurrent mark-sweep generation total 393216K, used 5966K [0x00000007e2e00000, 0x00000007fae00000, 0x00000007fae00000)
 concurrent-mark-sweep perm gen total 27008K, used 26916K [0x00000007fae00000, 0x00000007fc860000, 0x0000000800000000)
}
2015-10-19T09:28:51.045+0800: 3.019: Total time for which application threads were stopped: 0.0097060 seconds
{Heap before GC invocations=12 (full 0):
 par new generation   total 109248K, used 105230K [0x00000007dae00000, 0x00000007e2e00000, 0x00000007e2e00000)
  eden space 87424K, 100% used [0x00000007dae00000, 0x00000007e0360000, 0x00000007e0360000)
  from space 21824K,  81% used [0x00000007e0360000, 0x00000007e14c3840, 0x00000007e18b0000)
  to   space 21824K,   0% used [0x00000007e18b0000, 0x00000007e18b0000, 0x00000007e2e00000)
 concurrent mark-sweep generation total 393216K, used 5966K [0x00000007e2e00000, 0x00000007fae00000, 0x00000007fae00000)
 concurrent-mark-sweep perm gen total 27008K, used 26952K [0x00000007fae00000, 0x00000007fc860000, 0x0000000800000000)
2015-10-19T09:28:51.088+0800: 3.062: [GC2015-10-19T09:28:51.088+0800: 3.062: [ParNew
Desired survivor size 20112992 bytes, new threshold 8 (max 8)
- age   1:     904928 bytes,     904928 total
- age   2:    1246688 bytes,    2151616 total
- age   3:    1043928 bytes,    3195544 total
- age   4:    5116688 bytes,    8312232 total
- age   5:    2210920 bytes,   10523152 total
- age   6:    3865544 bytes,   14388696 total
- age   7:    1318008 bytes,   15706704 total
- age   8:     622248 bytes,   16328952 total
: 105230K->21824K(109248K), 0.0102120 secs] 111196K->27929K(502464K), 0.0102720 secs] [Times: user=0.05 sys=0.00, real=0.01 secs] 
Heap after GC invocations=13 (full 0):
 par new generation   total 109248K, used 21824K [0x00000007dae00000, 0x00000007e2e00000, 0x00000007e2e00000)
  eden space 87424K,   0% used [0x00000007dae00000, 0x00000007dae00000, 0x00000007e0360000)
  from space 21824K, 100% used [0x00000007e18b0000, 0x00000007e2e00000, 0x00000007e2e00000)
  to   space 21824K,   0% used [0x00000007e0360000, 0x00000007e0360000, 0x00000007e18b0000)
 concurrent mark-sweep generation total 393216K, used 6105K [0x00000007e2e00000, 0x00000007fae00000, 0x00000007fae00000)
 concurrent-mark-sweep perm gen total 27008K, used 26952K [0x00000007fae00000, 0x00000007fc860000, 0x0000000800000000)
}
2015-10-19T09:28:51.098+0800: 3.072: Total time for which application threads were stopped: 0.0104120 seconds
{Heap before GC invocations=13 (full 0):
 par new generation   total 109248K, used 109248K [0x00000007dae00000, 0x00000007e2e00000, 0x00000007e2e00000)
  eden space 87424K, 100% used [0x00000007dae00000, 0x00000007e0360000, 0x00000007e0360000)
  from space 21824K, 100% used [0x00000007e18b0000, 0x00000007e2e00000, 0x00000007e2e00000)
  to   space 21824K,   0% used [0x00000007e0360000, 0x00000007e0360000, 0x00000007e18b0000)
 concurrent mark-sweep generation total 393216K, used 6105K [0x00000007e2e00000, 0x00000007fae00000, 0x00000007fae00000)
 concurrent-mark-sweep perm gen total 27200K, used 27006K [0x00000007fae00000, 0x00000007fc890000, 0x0000000800000000)
2015-10-19T09:28:51.150+0800: 3.124: [GC2015-10-19T09:28:51.150+0800: 3.124: [ParNew
Desired survivor size 20112992 bytes, new threshold 8 (max 8)
- age   1:    3226480 bytes,    3226480 total
- age   2:     612664 bytes,    3839144 total
- age   3:    1246536 bytes,    5085680 total
- age   4:    1035720 bytes,    6121400 total
- age   5:    5115888 bytes,   11237288 total
- age   6:    2170360 bytes,   13407648 total
- age   7:    3865448 bytes,   17273096 total
- age   8:    1318008 bytes,   18591104 total
: 109248K->21824K(109248K), 0.0108090 secs] 115353K->28584K(502464K), 0.0108560 secs] [Times: user=0.05 sys=0.00, real=0.01 secs] 
Heap after GC invocations=14 (full 0):
 par new generation   total 109248K, used 21824K [0x00000007dae00000, 0x00000007e2e00000, 0x00000007e2e00000)
  eden space 87424K,   0% used [0x00000007dae00000, 0x00000007dae00000, 0x00000007e0360000)
  from space 21824K, 100% used [0x00000007e0360000, 0x00000007e18b0000, 0x00000007e18b0000)
  to   space 21824K,   0% used [0x00000007e18b0000, 0x00000007e18b0000, 0x00000007e2e00000)
 concurrent mark-sweep generation total 393216K, used 6760K [0x00000007e2e00000, 0x00000007fae00000, 0x00000007fae00000)
 concurrent-mark-sweep perm gen total 27200K, used 27006K [0x00000007fae00000, 0x00000007fc890000, 0x0000000800000000)
}
2015-10-19T09:28:51.161+0800: 3.135: Total time for which application threads were stopped: 0.0110310 seconds
{Heap before GC invocations=14 (full 0):
 par new generation   total 109248K, used 109248K [0x00000007dae00000, 0x00000007e2e00000, 0x00000007e2e00000)
  eden space 87424K, 100% used [0x00000007dae00000, 0x00000007e0360000, 0x00000007e0360000)
  from space 21824K, 100% used [0x00000007e0360000, 0x00000007e18b0000, 0x00000007e18b0000)
  to   space 21824K,   0% used [0x00000007e18b0000, 0x00000007e18b0000, 0x00000007e2e00000)
 concurrent mark-sweep generation total 393216K, used 6760K [0x00000007e2e00000, 0x00000007fae00000, 0x00000007fae00000)
 concurrent-mark-sweep perm gen total 27200K, used 27111K [0x00000007fae00000, 0x00000007fc890000, 0x0000000800000000)
2015-10-19T09:28:51.205+0800: 3.180: [GC2015-10-19T09:28:51.205+0800: 3.180: [ParNew
Desired survivor size 20112992 bytes, new threshold 8 (max 8)
- age   1:     980416 bytes,     980416 total
- age   2:    2738024 bytes,    3718440 total
- age   3:     571928 bytes,    4290368 total
- age   4:    1236816 bytes,    5527184 total
- age   5:    1030872 bytes,    6558056 total
- age   6:    5115888 bytes,   11673944 total
- age   7:    1984120 bytes,   13658064 total
- age   8:    3768248 bytes,   17426312 total
: 109248K->21824K(109248K), 0.0134380 secs] 116008K->30238K(502464K), 0.0134920 secs] [Times: user=0.07 sys=0.00, real=0.01 secs] 
Heap after GC invocations=15 (full 0):
 par new generation   total 109248K, used 21824K [0x00000007dae00000, 0x00000007e2e00000, 0x00000007e2e00000)
  eden space 87424K,   0% used [0x00000007dae00000, 0x00000007dae00000, 0x00000007e0360000)
  from space 21824K, 100% used [0x00000007e18b0000, 0x00000007e2e00000, 0x00000007e2e00000)
  to   space 21824K,   0% used [0x00000007e0360000, 0x00000007e0360000, 0x00000007e18b0000)
 concurrent mark-sweep generation total 393216K, used 8414K [0x00000007e2e00000, 0x00000007fae00000, 0x00000007fae00000)
 concurrent-mark-sweep perm gen total 27200K, used 27111K [0x00000007fae00000, 0x00000007fc890000, 0x0000000800000000)
}
2015-10-19T09:28:51.219+0800: 3.193: Total time for which application threads were stopped: 0.0136640 seconds
{Heap before GC invocations=15 (full 0):
 par new generation   total 109248K, used 109248K [0x00000007dae00000, 0x00000007e2e00000, 0x00000007e2e00000)
  eden space 87424K, 100% used [0x00000007dae00000, 0x00000007e0360000, 0x00000007e0360000)
  from space 21824K, 100% used [0x00000007e18b0000, 0x00000007e2e00000, 0x00000007e2e00000)
  to   space 21824K,   0% used [0x00000007e0360000, 0x00000007e0360000, 0x00000007e18b0000)
 concurrent mark-sweep generation total 393216K, used 8414K [0x00000007e2e00000, 0x00000007fae00000, 0x00000007fae00000)
 concurrent-mark-sweep perm gen total 27200K, used 27125K [0x00000007fae00000, 0x00000007fc890000, 0x0000000800000000)
2015-10-19T09:28:51.269+0800: 3.244: [GC2015-10-19T09:28:51.269+0800: 3.244: [ParNew
Desired survivor size 20112992 bytes, new threshold 8 (max 8)
- age   1:    1867952 bytes,    1867952 total
- age   2:     319984 bytes,    2187936 total
- age   3:    2737656 bytes,    4925592 total
- age   4:     571928 bytes,    5497520 total
- age   5:    1236816 bytes,    6734336 total
- age   6:    1030872 bytes,    7765208 total
- age   7:    5115888 bytes,   12881096 total
- age   8:    1984120 bytes,   14865216 total
: 109248K->20832K(109248K), 0.0149570 secs] 117662K->32937K(502464K), 0.0149980 secs] [Times: user=0.05 sys=0.00, real=0.02 secs] 
Heap after GC invocations=16 (full 0):
 par new generation   total 109248K, used 20832K [0x00000007dae00000, 0x00000007e2e00000, 0x00000007e2e00000)
  eden space 87424K,   0% used [0x00000007dae00000, 0x00000007dae00000, 0x00000007e0360000)
  from space 21824K,  95% used [0x00000007e0360000, 0x00000007e17b80c0, 0x00000007e18b0000)
  to   space 21824K,   0% used [0x00000007e18b0000, 0x00000007e18b0000, 0x00000007e2e00000)
 concurrent mark-sweep generation total 393216K, used 12105K [0x00000007e2e00000, 0x00000007fae00000, 0x00000007fae00000)
 concurrent-mark-sweep perm gen total 27200K, used 27125K [0x00000007fae00000, 0x00000007fc890000, 0x0000000800000000)
}
2015-10-19T09:28:51.284+0800: 3.259: Total time for which application threads were stopped: 0.0151780 seconds
{Heap before GC invocations=16 (full 0):
 par new generation   total 109248K, used 108256K [0x00000007dae00000, 0x00000007e2e00000, 0x00000007e2e00000)
  eden space 87424K, 100% used [0x00000007dae00000, 0x00000007e0360000, 0x00000007e0360000)
  from space 21824K,  95% used [0x00000007e0360000, 0x00000007e17b80c0, 0x00000007e18b0000)
  to   space 21824K,   0% used [0x00000007e18b0000, 0x00000007e18b0000, 0x00000007e2e00000)
 concurrent mark-sweep generation total 393216K, used 12105K [0x00000007e2e00000, 0x00000007fae00000, 0x00000007fae00000)
 concurrent-mark-sweep perm gen total 27200K, used 27130K [0x00000007fae00000, 0x00000007fc890000, 0x0000000800000000)
2015-10-19T09:28:51.324+0800: 3.298: [GC2015-10-19T09:28:51.324+0800: 3.298: [ParNew
Desired survivor size 20112992 bytes, new threshold 8 (max 8)
- age   1:     477952 bytes,     477952 total
- age   2:     664048 bytes,    1142000 total
- age   3:     319224 bytes,    1461224 total
- age   4:    2737320 bytes,    4198544 total
- age   5:     571352 bytes,    4769896 total
- age   6:    1236696 bytes,    6006592 total
- age   7:    1030872 bytes,    7037464 total
- age   8:    5115888 bytes,   12153352 total
: 108256K->16817K(109248K), 0.0088260 secs] 120361K->30868K(502464K), 0.0089040 secs] [Times: user=0.03 sys=0.00, real=0.01 secs] 
Heap after GC invocations=17 (full 0):
 par new generation   total 109248K, used 16817K [0x00000007dae00000, 0x00000007e2e00000, 0x00000007e2e00000)
  eden space 87424K,   0% used [0x00000007dae00000, 0x00000007dae00000, 0x00000007e0360000)
  from space 21824K,  77% used [0x00000007e18b0000, 0x00000007e291c7c0, 0x00000007e2e00000)
  to   space 21824K,   0% used [0x00000007e0360000, 0x00000007e0360000, 0x00000007e18b0000)
 concurrent mark-sweep generation total 393216K, used 14050K [0x00000007e2e00000, 0x00000007fae00000, 0x00000007fae00000)
 concurrent-mark-sweep perm gen total 27200K, used 27130K [0x00000007fae00000, 0x00000007fc890000, 0x0000000800000000)
}
2015-10-19T09:28:51.333+0800: 3.307: Total time for which application threads were stopped: 0.0091080 seconds
{Heap before GC invocations=17 (full 0):
 par new generation   total 109248K, used 104241K [0x00000007dae00000, 0x00000007e2e00000, 0x00000007e2e00000)
  eden space 87424K, 100% used [0x00000007dae00000, 0x00000007e0360000, 0x00000007e0360000)
  from space 21824K,  77% used [0x00000007e18b0000, 0x00000007e291c7c0, 0x00000007e2e00000)
  to   space 21824K,   0% used [0x00000007e0360000, 0x00000007e0360000, 0x00000007e18b0000)
 concurrent mark-sweep generation total 393216K, used 14050K [0x00000007e2e00000, 0x00000007fae00000, 0x00000007fae00000)
 concurrent-mark-sweep perm gen total 27200K, used 27156K [0x00000007fae00000, 0x00000007fc890000, 0x0000000800000000)
2015-10-19T09:28:51.406+0800: 3.380: [GC2015-10-19T09:28:51.406+0800: 3.380: [ParNew
Desired survivor size 20112992 bytes, new threshold 8 (max 8)
- age   1:    1460960 bytes,    1460960 total
- age   2:      76840 bytes,    1537800 total
- age   3:     663416 bytes,    2201216 total
- age   4:     318912 bytes,    2520128 total
- age   5:    2736960 bytes,    5257088 total
- age   6:     247728 bytes,    5504816 total
- age   7:     185320 bytes,    5690136 total
- age   8:    1030360 bytes,    6720496 total
: 104241K->10279K(109248K), 0.0097440 secs] 118292K->29343K(502464K), 0.0097860 secs] [Times: user=0.04 sys=0.00, real=0.01 secs] 
Heap after GC invocations=18 (full 0):
 par new generation   total 109248K, used 10279K [0x00000007dae00000, 0x00000007e2e00000, 0x00000007e2e00000)
  eden space 87424K,   0% used [0x00000007dae00000, 0x00000007dae00000, 0x00000007e0360000)
  from space 21824K,  47% used [0x00000007e0360000, 0x00000007e0d69f80, 0x00000007e18b0000)
  to   space 21824K,   0% used [0x00000007e18b0000, 0x00000007e18b0000, 0x00000007e2e00000)
 concurrent mark-sweep generation total 393216K, used 19063K [0x00000007e2e00000, 0x00000007fae00000, 0x00000007fae00000)
 concurrent-mark-sweep perm gen total 27200K, used 27156K [0x00000007fae00000, 0x00000007fc890000, 0x0000000800000000)
}
2015-10-19T09:28:51.415+0800: 3.390: Total time for which application threads were stopped: 0.0099510 seconds
{Heap before GC invocations=18 (full 0):
 par new generation   total 109248K, used 97703K [0x00000007dae00000, 0x00000007e2e00000, 0x00000007e2e00000)
  eden space 87424K, 100% used [0x00000007dae00000, 0x00000007e0360000, 0x00000007e0360000)
  from space 21824K,  47% used [0x00000007e0360000, 0x00000007e0d69f80, 0x00000007e18b0000)
  to   space 21824K,   0% used [0x00000007e18b0000, 0x00000007e18b0000, 0x00000007e2e00000)
 concurrent mark-sweep generation total 393216K, used 19063K [0x00000007e2e00000, 0x00000007fae00000, 0x00000007fae00000)
 concurrent-mark-sweep perm gen total 27392K, used 27210K [0x00000007fae00000, 0x00000007fc8c0000, 0x0000000800000000)
2015-10-19T09:28:51.486+0800: 3.460: [GC2015-10-19T09:28:51.486+0800: 3.460: [ParNew
Desired survivor size 20112992 bytes, new threshold 8 (max 8)
- age   1:    5454488 bytes,    5454488 total
- age   2:     594424 bytes,    6048912 total
- age   3:      76568 bytes,    6125480 total
- age   4:     663192 bytes,    6788672 total
- age   5:     311968 bytes,    7100640 total
- age   6:    2736176 bytes,    9836816 total
- age   7:     247488 bytes,   10084304 total
- age   8:     184232 bytes,   10268536 total
: 97703K->11739K(109248K), 0.0075470 secs] 116767K->31810K(502464K), 0.0076290 secs] [Times: user=0.03 sys=0.00, real=0.01 secs] 
Heap after GC invocations=19 (full 0):
 par new generation   total 109248K, used 11739K [0x00000007dae00000, 0x00000007e2e00000, 0x00000007e2e00000)
  eden space 87424K,   0% used [0x00000007dae00000, 0x00000007dae00000, 0x00000007e0360000)
  from space 21824K,  53% used [0x00000007e18b0000, 0x00000007e2426c70, 0x00000007e2e00000)
  to   space 21824K,   0% used [0x00000007e0360000, 0x00000007e0360000, 0x00000007e18b0000)
 concurrent mark-sweep generation total 393216K, used 20071K [0x00000007e2e00000, 0x00000007fae00000, 0x00000007fae00000)
 concurrent-mark-sweep perm gen total 27392K, used 27210K [0x00000007fae00000, 0x00000007fc8c0000, 0x0000000800000000)
}
2015-10-19T09:28:51.493+0800: 3.468: Total time for which application threads were stopped: 0.0077730 seconds
{Heap before GC invocations=19 (full 0):
 par new generation   total 109248K, used 99163K [0x00000007dae00000, 0x00000007e2e00000, 0x00000007e2e00000)
  eden space 87424K, 100% used [0x00000007dae00000, 0x00000007e0360000, 0x00000007e0360000)
  from space 21824K,  53% used [0x00000007e18b0000, 0x00000007e2426c70, 0x00000007e2e00000)
  to   space 21824K,   0% used [0x00000007e0360000, 0x00000007e0360000, 0x00000007e18b0000)
 concurrent mark-sweep generation total 393216K, used 20071K [0x00000007e2e00000, 0x00000007fae00000, 0x00000007fae00000)
 concurrent-mark-sweep perm gen total 27392K, used 27219K [0x00000007fae00000, 0x00000007fc8c0000, 0x0000000800000000)
2015-10-19T09:28:51.561+0800: 3.535: [GC2015-10-19T09:28:51.561+0800: 3.535: [ParNew
Desired survivor size 20112992 bytes, new threshold 8 (max 8)
- age   1:    1574032 bytes,    1574032 total
- age   2:    5056488 bytes,    6630520 total
- age   3:     593064 bytes,    7223584 total
- age   4:      75992 bytes,    7299576 total
- age   5:     128824 bytes,    7428400 total
- age   6:     311648 bytes,    7740048 total
- age   7:    2735728 bytes,   10475776 total
- age   8:     247488 bytes,   10723264 total
: 99163K->16718K(109248K), 0.0061930 secs] 119234K->36971K(502464K), 0.0062480 secs] [Times: user=0.02 sys=0.00, real=0.00 secs] 
Heap after GC invocations=20 (full 0):
 par new generation   total 109248K, used 16718K [0x00000007dae00000, 0x00000007e2e00000, 0x00000007e2e00000)
  eden space 87424K,   0% used [0x00000007dae00000, 0x00000007dae00000, 0x00000007e0360000)
  from space 21824K,  76% used [0x00000007e0360000, 0x00000007e13b3b80, 0x00000007e18b0000)
  to   space 21824K,   0% used [0x00000007e18b0000, 0x00000007e18b0000, 0x00000007e2e00000)
 concurrent mark-sweep generation total 393216K, used 20252K [0x00000007e2e00000, 0x00000007fae00000, 0x00000007fae00000)
 concurrent-mark-sweep perm gen total 27392K, used 27219K [0x00000007fae00000, 0x00000007fc8c0000, 0x0000000800000000)
}
2015-10-19T09:28:51.567+0800: 3.541: Total time for which application threads were stopped: 0.0064770 seconds
{Heap before GC invocations=20 (full 0):
 par new generation   total 109248K, used 104142K [0x00000007dae00000, 0x00000007e2e00000, 0x00000007e2e00000)
  eden space 87424K, 100% used [0x00000007dae00000, 0x00000007e0360000, 0x00000007e0360000)
  from space 21824K,  76% used [0x00000007e0360000, 0x00000007e13b3b80, 0x00000007e18b0000)
  to   space 21824K,   0% used [0x00000007e18b0000, 0x00000007e18b0000, 0x00000007e2e00000)
 concurrent mark-sweep generation total 393216K, used 20252K [0x00000007e2e00000, 0x00000007fae00000, 0x00000007fae00000)
 concurrent-mark-sweep perm gen total 27392K, used 27233K [0x00000007fae00000, 0x00000007fc8c0000, 0x0000000800000000)
2015-10-19T09:28:51.639+0800: 3.613: [GC2015-10-19T09:28:51.639+0800: 3.613: [ParNew
Desired survivor size 20112992 bytes, new threshold 8 (max 8)
- age   1:    2425824 bytes,    2425824 total
- age   2:    1117992 bytes,    3543816 total
- age   3:    5046696 bytes,    8590512 total
- age   4:     593064 bytes,    9183576 total
- age   5:      75912 bytes,    9259488 total
- age   6:     127784 bytes,    9387272 total
- age   7:     310672 bytes,    9697944 total
- age   8:    2735400 bytes,   12433344 total
: 104142K->14379K(109248K), 0.0065490 secs] 124395K->34877K(502464K), 0.0066110 secs] [Times: user=0.03 sys=0.00, real=0.01 secs] 
Heap after GC invocations=21 (full 0):
 par new generation   total 109248K, used 14379K [0x00000007dae00000, 0x00000007e2e00000, 0x00000007e2e00000)
  eden space 87424K,   0% used [0x00000007dae00000, 0x00000007dae00000, 0x00000007e0360000)
  from space 21824K,  65% used [0x00000007e18b0000, 0x00000007e26bae30, 0x00000007e2e00000)
  to   space 21824K,   0% used [0x00000007e0360000, 0x00000007e0360000, 0x00000007e18b0000)
 concurrent mark-sweep generation total 393216K, used 20497K [0x00000007e2e00000, 0x00000007fae00000, 0x00000007fae00000)
 concurrent-mark-sweep perm gen total 27392K, used 27233K [0x00000007fae00000, 0x00000007fc8c0000, 0x0000000800000000)
}
2015-10-19T09:28:51.645+0800: 3.620: Total time for which application threads were stopped: 0.0067160 seconds
2015-10-19T09:28:52.102+0800: 4.077: Total time for which application threads were stopped: 0.0009070 seconds
2015-10-19T09:30:45.036+0800: 117.010: Total time for which application threads were stopped: 0.0001030 seconds
2015-10-19T09:30:45.041+0800: 117.015: Total time for which application threads were stopped: 0.0000260 seconds
2015-10-19T09:30:45.075+0800: 117.049: Total time for which application threads were stopped: 0.0000780 seconds
2015-10-19T09:30:45.110+0800: 117.085: Total time for which application threads were stopped: 0.0000470 seconds
2015-10-19T09:30:45.111+0800: 117.085: Total time for which application threads were stopped: 0.0000200 seconds
2015-10-19T09:30:45.111+0800: 117.085: Total time for which application threads were stopped: 0.0000170 seconds
2015-10-19T09:30:45.111+0800: 117.085: Total time for which application threads were stopped: 0.0000250 seconds
2015-10-19T09:30:45.161+0800: 117.135: Total time for which application threads were stopped: 0.0000560 seconds
2015-10-19T09:30:45.161+0800: 117.135: Total time for which application threads were stopped: 0.0000460 seconds
2015-10-19T09:30:47.692+0800: 119.667: Total time for which application threads were stopped: 0.0001240 seconds
2015-10-19T09:30:47.692+0800: 119.667: Total time for which application threads were stopped: 0.0000310 seconds
2015-10-19T09:30:47.693+0800: 119.667: Total time for which application threads were stopped: 0.0000320 seconds
2015-10-19T09:30:47.695+0800: 119.670: Total time for which application threads were stopped: 0.0000300 seconds
2015-10-19T09:30:47.696+0800: 119.670: Total time for which application threads were stopped: 0.0000440 seconds
{Heap before GC invocations=21 (full 0):
 par new generation   total 109248K, used 101803K [0x00000007dae00000, 0x00000007e2e00000, 0x00000007e2e00000)
  eden space 87424K, 100% used [0x00000007dae00000, 0x00000007e0360000, 0x00000007e0360000)
  from space 21824K,  65% used [0x00000007e18b0000, 0x00000007e26bae30, 0x00000007e2e00000)
  to   space 21824K,   0% used [0x00000007e0360000, 0x00000007e0360000, 0x00000007e18b0000)
 concurrent mark-sweep generation total 393216K, used 20497K [0x00000007e2e00000, 0x00000007fae00000, 0x00000007fae00000)
 concurrent-mark-sweep perm gen total 28928K, used 28778K [0x00000007fae00000, 0x00000007fca40000, 0x0000000800000000)
2015-10-19T09:30:47.696+0800: 119.670: [GC2015-10-19T09:30:47.696+0800: 119.670: [ParNew
Desired survivor size 20112992 bytes, new threshold 8 (max 8)
- age   1:    4839888 bytes,    4839888 total
- age   2:    2194936 bytes,    7034824 total
- age   3:     582504 bytes,    7617328 total
- age   4:    5044632 bytes,   12661960 total
- age   5:     593064 bytes,   13255024 total
- age   6:      75912 bytes,   13330936 total
- age   7:     127784 bytes,   13458720 total
- age   8:     310672 bytes,   13769392 total
: 101803K->17660K(109248K), 0.0105740 secs] 122301K->41435K(502464K), 0.0106320 secs] [Times: user=0.03 sys=0.00, real=0.01 secs] 
Heap after GC invocations=22 (full 0):
 par new generation   total 109248K, used 17660K [0x00000007dae00000, 0x00000007e2e00000, 0x00000007e2e00000)
  eden space 87424K,   0% used [0x00000007dae00000, 0x00000007dae00000, 0x00000007e0360000)
  from space 21824K,  80% used [0x00000007e0360000, 0x00000007e149f010, 0x00000007e18b0000)
  to   space 21824K,   0% used [0x00000007e18b0000, 0x00000007e18b0000, 0x00000007e2e00000)
 concurrent mark-sweep generation total 393216K, used 23775K [0x00000007e2e00000, 0x00000007fae00000, 0x00000007fae00000)
 concurrent-mark-sweep perm gen total 28928K, used 28778K [0x00000007fae00000, 0x00000007fca40000, 0x0000000800000000)
}
2015-10-19T09:30:47.707+0800: 119.681: Total time for which application threads were stopped: 0.0107560 seconds
2015-10-19T09:30:47.707+0800: 119.681: Total time for which application threads were stopped: 0.0000540 seconds
2015-10-19T09:30:47.707+0800: 119.681: Total time for which application threads were stopped: 0.0000560 seconds
2015-10-19T09:30:47.707+0800: 119.681: Total time for which application threads were stopped: 0.0000560 seconds
2015-10-19T09:30:47.707+0800: 119.681: Total time for which application threads were stopped: 0.0000370 seconds
2015-10-19T09:30:47.707+0800: 119.681: Total time for which application threads were stopped: 0.0000350 seconds
2015-10-19T09:30:47.707+0800: 119.681: Total time for which application threads were stopped: 0.0000270 seconds
2015-10-19T09:30:47.707+0800: 119.682: Total time for which application threads were stopped: 0.0000270 seconds
2015-10-19T09:30:47.707+0800: 119.682: Total time for which application threads were stopped: 0.0000340 seconds
2015-10-19T09:30:47.707+0800: 119.682: Total time for which application threads were stopped: 0.0000230 seconds
2015-10-19T09:30:47.708+0800: 119.682: Total time for which application threads were stopped: 0.0000330 seconds
2015-10-19T09:30:47.708+0800: 119.682: Total time for which application threads were stopped: 0.0000240 seconds
2015-10-19T09:30:47.708+0800: 119.682: Total time for which application threads were stopped: 0.0000300 seconds
2015-10-19T09:30:47.708+0800: 119.682: Total time for which application threads were stopped: 0.0000250 seconds
2015-10-19T09:30:47.708+0800: 119.682: Total time for which application threads were stopped: 0.0000260 seconds
2015-10-19T09:30:47.708+0800: 119.682: Total time for which application threads were stopped: 0.0000270 seconds
2015-10-19T09:30:47.708+0800: 119.682: Total time for which application threads were stopped: 0.0000230 seconds
2015-10-19T09:30:47.708+0800: 119.682: Total time for which application threads were stopped: 0.0000240 seconds
2015-10-19T09:30:47.708+0800: 119.682: Total time for which application threads were stopped: 0.0000290 seconds
2015-10-19T09:30:47.708+0800: 119.682: Total time for which application threads were stopped: 0.0000360 seconds
2015-10-19T09:30:47.708+0800: 119.682: Total time for which application threads were stopped: 0.0000180 seconds
2015-10-19T09:30:47.708+0800: 119.682: Total time for which application threads were stopped: 0.0000720 seconds
2015-10-19T09:30:47.708+0800: 119.682: Total time for which application threads were stopped: 0.0000270 seconds
2015-10-19T09:30:47.708+0800: 119.682: Total time for which application threads were stopped: 0.0000280 seconds
2015-10-19T09:30:47.708+0800: 119.682: Total time for which application threads were stopped: 0.0000260 seconds
2015-10-19T09:30:47.708+0800: 119.682: Total time for which application threads were stopped: 0.0000270 seconds
2015-10-19T09:30:47.708+0800: 119.682: Total time for which application threads were stopped: 0.0000270 seconds
2015-10-19T09:30:47.708+0800: 119.683: Total time for which application threads were stopped: 0.0000260 seconds
2015-10-19T09:30:47.708+0800: 119.683: Total time for which application threads were stopped: 0.0000240 seconds
2015-10-19T09:30:47.709+0800: 119.683: Total time for which application threads were stopped: 0.0000290 seconds
2015-10-19T09:30:47.709+0800: 119.683: Total time for which application threads were stopped: 0.0000280 seconds
2015-10-19T09:30:47.709+0800: 119.683: Total time for which application threads were stopped: 0.0000290 seconds
2015-10-19T09:30:47.709+0800: 119.683: Total time for which application threads were stopped: 0.0000270 seconds
2015-10-19T09:30:47.709+0800: 119.683: Total time for which application threads were stopped: 0.0000270 seconds
2015-10-19T09:30:47.709+0800: 119.683: Total time for which application threads were stopped: 0.0000280 seconds
2015-10-19T09:30:47.709+0800: 119.683: Total time for which application threads were stopped: 0.0000270 seconds
2015-10-19T09:30:47.709+0800: 119.683: Total time for which application threads were stopped: 0.0000240 seconds
2015-10-19T09:30:47.709+0800: 119.683: Total time for which application threads were stopped: 0.0000220 seconds
2015-10-19T09:30:47.709+0800: 119.683: Total time for which application threads were stopped: 0.0000220 seconds
2015-10-19T09:30:47.709+0800: 119.683: Total time for which application threads were stopped: 0.0000220 seconds
2015-10-19T09:30:47.709+0800: 119.683: Total time for which application threads were stopped: 0.0000220 seconds
2015-10-19T09:30:47.709+0800: 119.683: Total time for which application threads were stopped: 0.0000210 seconds
2015-10-19T09:30:47.709+0800: 119.683: Total time for which application threads were stopped: 0.0000510 seconds
2015-10-19T09:30:47.709+0800: 119.684: Total time for which application threads were stopped: 0.0000270 seconds
2015-10-19T09:30:47.710+0800: 119.684: Total time for which application threads were stopped: 0.0000270 seconds
2015-10-19T09:30:47.710+0800: 119.684: Total time for which application threads were stopped: 0.0000150 seconds
2015-10-19T09:30:47.710+0800: 119.684: Total time for which application threads were stopped: 0.0000150 seconds
2015-10-19T09:30:48.963+0800: 120.937: Total time for which application threads were stopped: 0.0001240 seconds
2015-10-19T09:30:48.963+0800: 120.937: Total time for which application threads were stopped: 0.0000250 seconds
2015-10-19T09:30:48.963+0800: 120.937: Total time for which application threads were stopped: 0.0000260 seconds
2015-10-19T09:30:48.965+0800: 120.939: Total time for which application threads were stopped: 0.0001180 seconds
2015-10-19T09:30:48.965+0800: 120.939: Total time for which application threads were stopped: 0.0000340 seconds
2015-10-19T09:30:48.965+0800: 120.939: Total time for which application threads were stopped: 0.0000360 seconds
2015-10-19T09:30:48.966+0800: 120.940: Total time for which application threads were stopped: 0.0000370 seconds
2015-10-19T09:30:48.967+0800: 120.941: Total time for which application threads were stopped: 0.0000300 seconds
2015-10-19T09:30:48.967+0800: 120.941: Total time for which application threads were stopped: 0.0000200 seconds
2015-10-19T09:30:55.206+0800: 127.180: Total time for which application threads were stopped: 0.0001430 seconds
2015-10-19T09:30:55.206+0800: 127.181: Total time for which application threads were stopped: 0.0000250 seconds
2015-10-19T09:30:55.209+0800: 127.183: Total time for which application threads were stopped: 0.0000580 seconds
2015-10-19T09:30:55.248+0800: 127.222: Total time for which application threads were stopped: 0.0000520 seconds
2015-10-19T09:30:55.248+0800: 127.223: Total time for which application threads were stopped: 0.0000220 seconds
2015-10-19T09:30:55.250+0800: 127.224: Total time for which application threads were stopped: 0.0000440 seconds
2015-10-19T09:30:55.743+0800: 127.718: Total time for which application threads were stopped: 0.0003020 seconds
2015-10-19T09:30:55.744+0800: 127.719: Total time for which application threads were stopped: 0.0000670 seconds
2015-10-19T09:30:55.744+0800: 127.719: Total time for which application threads were stopped: 0.0000530 seconds
2015-10-19T09:30:55.745+0800: 127.719: Total time for which application threads were stopped: 0.0000400 seconds
2015-10-19T09:30:55.745+0800: 127.719: Total time for which application threads were stopped: 0.0000330 seconds
2015-10-19T09:30:55.745+0800: 127.719: Total time for which application threads were stopped: 0.0000570 seconds
2015-10-19T09:30:55.749+0800: 127.723: Total time for which application threads were stopped: 0.0000560 seconds
2015-10-19T09:30:55.749+0800: 127.723: Total time for which application threads were stopped: 0.0000570 seconds
2015-10-19T09:30:55.749+0800: 127.723: Total time for which application threads were stopped: 0.0000320 seconds
2015-10-19T09:31:05.556+0800: 137.530: Total time for which application threads were stopped: 0.0001200 seconds
2015-10-19T09:31:05.556+0800: 137.530: Total time for which application threads were stopped: 0.0000320 seconds
2015-10-19T09:31:05.556+0800: 137.530: Total time for which application threads were stopped: 0.0000320 seconds
2015-10-19T09:31:05.557+0800: 137.532: Total time for which application threads were stopped: 0.0000260 seconds
2015-10-19T09:31:05.557+0800: 137.532: Total time for which application threads were stopped: 0.0000190 seconds
2015-10-19T09:31:05.558+0800: 137.532: Total time for which application threads were stopped: 0.0000240 seconds
2015-10-19T09:31:05.558+0800: 137.532: Total time for which application threads were stopped: 0.0000170 seconds
2015-10-19T09:31:05.558+0800: 137.532: Total time for which application threads were stopped: 0.0000160 seconds
2015-10-19T09:31:05.558+0800: 137.532: Total time for which application threads were stopped: 0.0000320 seconds
2015-10-19T09:31:05.560+0800: 137.534: Total time for which application threads were stopped: 0.0001000 seconds
2015-10-19T09:31:55.752+0800: 187.727: Total time for which application threads were stopped: 0.0001710 seconds
2015-10-19T09:32:02.421+0800: 194.395: Total time for which application threads were stopped: 0.0001170 seconds
2015-10-19T09:32:02.422+0800: 194.397: Total time for which application threads were stopped: 0.0000480 seconds
2015-10-19T09:32:54.468+0800: 246.442: Total time for which application threads were stopped: 0.0001210 seconds
2015-10-19T09:32:54.469+0800: 246.444: Total time for which application threads were stopped: 0.0000560 seconds
2015-10-19T09:32:54.471+0800: 246.445: Total time for which application threads were stopped: 0.0000340 seconds
2015-10-19T09:38:30.746+0800: 582.720: Total time for which application threads were stopped: 0.0001140 seconds
2015-10-19T09:38:30.747+0800: 582.722: Total time for which application threads were stopped: 0.0000480 seconds
2015-10-19T09:38:30.749+0800: 582.723: Total time for which application threads were stopped: 0.0000550 seconds
2015-10-19T09:38:30.751+0800: 582.725: Total time for which application threads were stopped: 0.0000360 seconds
2015-10-19T09:38:30.753+0800: 582.727: Total time for which application threads were stopped: 0.0000360 seconds
2015-10-19T09:38:30.756+0800: 582.730: Total time for which application threads were stopped: 0.0000980 seconds
2015-10-19T09:44:10.158+0800: 922.132: Total time for which application threads were stopped: 0.0001190 seconds
2015-10-19T09:44:10.160+0800: 922.134: Total time for which application threads were stopped: 0.0000350 seconds
2015-10-19T09:44:10.161+0800: 922.136: Total time for which application threads were stopped: 0.0000330 seconds
2015-10-19T09:44:10.164+0800: 922.138: Total time for which application threads were stopped: 0.0000290 seconds
2015-10-19T09:44:10.962+0800: 922.936: Total time for which application threads were stopped: 0.0001800 seconds
2015-10-19T09:44:10.964+0800: 922.938: Total time for which application threads were stopped: 0.0000610 seconds
2015-10-19T09:44:10.966+0800: 922.940: Total time for which application threads were stopped: 0.0000390 seconds
2015-10-19T09:44:10.968+0800: 922.942: Total time for which application threads were stopped: 0.0000480 seconds
2015-10-19T09:44:20.436+0800: 932.411: Total time for which application threads were stopped: 0.0001260 seconds
Heap
 par new generation   total 109248K, used 34488K [0x00000007dae00000, 0x00000007e2e00000, 0x00000007e2e00000)
  eden space 87424K,  19% used [0x00000007dae00000, 0x00000007dbe6f0d8, 0x00000007e0360000)
  from space 21824K,  80% used [0x00000007e0360000, 0x00000007e149f010, 0x00000007e18b0000)
  to   space 21824K,   0% used [0x00000007e18b0000, 0x00000007e18b0000, 0x00000007e2e00000)
 concurrent mark-sweep generation total 393216K, used 23775K [0x00000007e2e00000, 0x00000007fae00000, 0x00000007fae00000)
 concurrent-mark-sweep perm gen total 29120K, used 29062K [0x00000007fae00000, 0x00000007fca70000, 0x0000000800000000)
